timer_ns_per_tick=0.416694
mapping=mlp-16384 bytes=16384
KernelPageSize:        4 kB
MMUPageSize:           4 kB
AnonHugePages:         0 kB
VmFlags: rd wr mr mw me ac sd nh 
numa_mapping=7566ab708000 bind:0 anon=4 dirty=4 N0=4 kernelpagesize_kB=4
mapping=mlp-final-16384 bytes=16384
KernelPageSize:        4 kB
MMUPageSize:           4 kB
AnonHugePages:         0 kB
VmFlags: rd wr mr mw me ac sd nh 
numa_mapping=7566ab708000 bind:0 anon=4 dirty=4 active=0 N0=4 kernelpagesize_kB=4
mapping=mlp-524288 bytes=524288
KernelPageSize:        4 kB
MMUPageSize:           4 kB
AnonHugePages:         0 kB
VmFlags: rd wr mr mw me ac sd nh 
numa_mapping=7566ab297000 bind:0 anon=128 dirty=128 active=7 N0=128 kernelpagesize_kB=4
mapping=mlp-final-524288 bytes=524288
KernelPageSize:        4 kB
MMUPageSize:           4 kB
AnonHugePages:         0 kB
VmFlags: rd wr mr mw me ac sd nh 
numa_mapping=7566ab297000 bind:0 anon=128 dirty=128 active=7 N0=128 kernelpagesize_kB=4
mapping=mlp-8388608 bytes=8388608
KernelPageSize:        4 kB
MMUPageSize:           4 kB
AnonHugePages:         0 kB
VmFlags: rd wr mr mw me ac sd nh 
numa_mapping=7566aa800000 bind:0 anon=2048 dirty=2048 active=0 N0=2048 kernelpagesize_kB=4
mapping=mlp-final-8388608 bytes=8388608
KernelPageSize:        4 kB
MMUPageSize:           4 kB
AnonHugePages:         0 kB
VmFlags: rd wr mr mw me ac sd nh 
numa_mapping=7566aa800000 bind:0 anon=2048 dirty=2048 active=0 N0=2048 kernelpagesize_kB=4
mapping=mlp-268435456 bytes=268435456
KernelPageSize:        4 kB
MMUPageSize:           4 kB
AnonHugePages:         0 kB
VmFlags: rd wr mr mw me ac sd nh 
numa_mapping=75669b000000 bind:0 anon=65536 dirty=65536 active=0 N0=65536 kernelpagesize_kB=4
mapping=mlp-final-268435456 bytes=268435456
KernelPageSize:        4 kB
MMUPageSize:           4 kB
AnonHugePages:         0 kB
VmFlags: rd wr mr mw me ac sd nh 
numa_mapping=75669b000000 bind:0 anon=65536 dirty=65536 active=0 N0=65536 kernelpagesize_kB=4
checksum=172733056
