timer_ns_per_tick=0.41669
mapping=tlb-16-packed bytes=4096
KernelPageSize:        4 kB
MMUPageSize:           4 kB
AnonHugePages:         0 kB
VmFlags: rd wr mr mw me ac sd hg 
numa_mapping=7355a0a4e000 default anon=1 dirty=1 N0=1 kernelpagesize_kB=4
mapping=tlb-16-sparse bytes=65536
KernelPageSize:        4 kB
MMUPageSize:           4 kB
AnonHugePages:         0 kB
VmFlags: rd wr mr mw me ac sd hg 
numa_mapping=7355a091c000 default anon=16 dirty=16 N0=16 kernelpagesize_kB=4
mapping=tlb-32-packed bytes=4096
KernelPageSize:        4 kB
MMUPageSize:           4 kB
AnonHugePages:         0 kB
VmFlags: rd wr mr mw me ac sd hg 
numa_mapping=7355a0a4e000 default anon=1 dirty=1 active=0 N0=1 kernelpagesize_kB=4
mapping=tlb-32-sparse bytes=131072
KernelPageSize:        4 kB
MMUPageSize:           4 kB
AnonHugePages:         0 kB
VmFlags: rd wr mr mw me ac sd hg 
numa_mapping=7355a090c000 default anon=32 dirty=32 active=2 N0=32 kernelpagesize_kB=4
mapping=tlb-64-packed bytes=4096
KernelPageSize:        4 kB
MMUPageSize:           4 kB
AnonHugePages:         0 kB
VmFlags: rd wr mr mw me ac sd hg 
numa_mapping=7355a0a4e000 default anon=1 dirty=1 N0=1 kernelpagesize_kB=4
mapping=tlb-64-sparse bytes=262144
KernelPageSize:        4 kB
MMUPageSize:           4 kB
AnonHugePages:         0 kB
VmFlags: rd wr mr mw me ac sd hg 
numa_mapping=7355a08ec000 default anon=64 dirty=64 active=5 N0=64 kernelpagesize_kB=4
mapping=tlb-128-packed bytes=8192
KernelPageSize:        4 kB
MMUPageSize:           4 kB
AnonHugePages:         0 kB
VmFlags: rd wr mr mw me ac sd hg 
numa_mapping=7355a0a4d000 default anon=2 dirty=2 N0=2 kernelpagesize_kB=4
mapping=tlb-128-sparse bytes=524288
KernelPageSize:        4 kB
MMUPageSize:           4 kB
AnonHugePages:         0 kB
VmFlags: rd wr mr mw me ac sd hg 
numa_mapping=7355a08ac000 default anon=128 dirty=128 active=11 N0=128 kernelpagesize_kB=4
mapping=tlb-256-packed bytes=16384
KernelPageSize:        4 kB
MMUPageSize:           4 kB
AnonHugePages:         0 kB
VmFlags: rd wr mr mw me ac sd hg 
numa_mapping=7355a0a4b000 default anon=4 dirty=4 N0=4 kernelpagesize_kB=4
mapping=tlb-256-sparse bytes=1048576
KernelPageSize:        4 kB
MMUPageSize:           4 kB
AnonHugePages:         0 kB
VmFlags: rd wr mr mw me ac sd hg 
numa_mapping=7355a0500000 default anon=256 dirty=256 active=23 N0=256 kernelpagesize_kB=4
mapping=tlb-512-packed bytes=32768
KernelPageSize:        4 kB
MMUPageSize:           4 kB
AnonHugePages:         0 kB
VmFlags: rd wr mr mw me ac sd hg 
numa_mapping=7355a0924000 default anon=8 dirty=8 active=0 N0=8 kernelpagesize_kB=4
mapping=tlb-512-sparse bytes=2097152
KernelPageSize:        4 kB
MMUPageSize:           4 kB
AnonHugePages:      2048 kB
VmFlags: rd wr mr mw me ac sd hg 
numa_mapping=7355a0000000 default anon=512 dirty=512 active=0 N0=512 kernelpagesize_kB=4
mapping=tlb-1024-packed bytes=65536
KernelPageSize:        4 kB
MMUPageSize:           4 kB
AnonHugePages:         0 kB
VmFlags: rd wr mr mw me ac sd hg 
numa_mapping=7355a091c000 default anon=16 dirty=16 N0=16 kernelpagesize_kB=4
mapping=tlb-1024-sparse bytes=4194304
KernelPageSize:        4 kB
MMUPageSize:           4 kB
AnonHugePages:      4096 kB
VmFlags: rd wr mr mw me ac sd hg 
numa_mapping=73559fe00000 default anon=1024 dirty=1024 active=0 N0=1024 kernelpagesize_kB=4
mapping=tlb-2048-packed bytes=131072
KernelPageSize:        4 kB
MMUPageSize:           4 kB
AnonHugePages:         0 kB
VmFlags: rd wr mr mw me ac sd hg 
numa_mapping=7355a090c000 default anon=32 dirty=32 active=1 N0=32 kernelpagesize_kB=4
mapping=tlb-2048-sparse bytes=8388608
KernelPageSize:        4 kB
MMUPageSize:           4 kB
AnonHugePages:      8192 kB
VmFlags: rd wr mr mw me ac sd hg 
numa_mapping=73559fa00000 default anon=2048 dirty=2048 active=0 N0=2048 kernelpagesize_kB=4
mapping=tlb-4096-packed bytes=262144
KernelPageSize:        4 kB
MMUPageSize:           4 kB
AnonHugePages:         0 kB
VmFlags: rd wr mr mw me ac sd hg 
numa_mapping=7355a08ec000 default anon=64 dirty=64 active=2 N0=64 kernelpagesize_kB=4
mapping=tlb-4096-sparse bytes=16777216
KernelPageSize:        4 kB
MMUPageSize:           4 kB
AnonHugePages:     16384 kB
VmFlags: rd wr mr mw me ac sd hg 
numa_mapping=73559f200000 default anon=4096 dirty=4096 active=0 N0=4096 kernelpagesize_kB=4
mapping=tlb-8192-packed bytes=524288
KernelPageSize:        4 kB
MMUPageSize:           4 kB
AnonHugePages:         0 kB
VmFlags: rd wr mr mw me ac sd hg 
numa_mapping=7355a08ac000 default anon=128 dirty=128 active=5 N0=128 kernelpagesize_kB=4
mapping=tlb-8192-sparse bytes=33554432
KernelPageSize:        4 kB
MMUPageSize:           4 kB
AnonHugePages:     32768 kB
VmFlags: rd wr mr mw me ac sd hg 
numa_mapping=73559e200000 default anon=8192 dirty=8192 active=0 N0=8192 kernelpagesize_kB=4
checksum=1070801024
