bucket n8b7stride63_combined/load50_uniform keys=262144 heads=65536 blocks=66937 overflow=1401 encoded_allocation=4217216
account n8b7stride63_combined/load50_uniform mode=0 recipe=0 blocks=264267 keys=266222 false_keys=4078
account n8b7stride63_combined/load50_uniform mode=0 recipe=1 blocks=264267 keys=266222 false_keys=4078
account n8b7stride63_combined/load50_uniform mode=0 recipe=2 blocks=264267 keys=266222 false_keys=4078
account n8b7stride63_combined/load50_uniform mode=1 recipe=0 blocks=267687 keys=7927 false_keys=7927
account n8b7stride63_combined/load50_uniform mode=1 recipe=1 blocks=267687 keys=7927 false_keys=7927
account n8b7stride63_combined/load50_uniform mode=1 recipe=2 blocks=267687 keys=7927 false_keys=7927
account n8b7stride63_combined/load50_uniform mode=2 recipe=0 blocks=265941 keys=137077 false_keys=6005
account n8b7stride63_combined/load50_uniform mode=2 recipe=1 blocks=265941 keys=137077 false_keys=6005
account n8b7stride63_combined/load50_uniform mode=2 recipe=2 blocks=265941 keys=137077 false_keys=6005
account n8b7stride63_combined/load50_uniform mode=3 recipe=0 blocks=264267 keys=266222 false_keys=4078
account n8b7stride63_combined/load50_uniform mode=3 recipe=1 blocks=264267 keys=266222 false_keys=4078
account n8b7stride63_combined/load50_uniform mode=3 recipe=2 blocks=264267 keys=266222 false_keys=4078
bucket n8b8stride64_combined/load50_uniform keys=262144 heads=65536 blocks=66937 overflow=1401 encoded_allocation=4284160
account n8b8stride64_combined/load50_uniform mode=0 recipe=0 blocks=264267 keys=264189 false_keys=2045
account n8b8stride64_combined/load50_uniform mode=0 recipe=1 blocks=264267 keys=264189 false_keys=2045
account n8b8stride64_combined/load50_uniform mode=0 recipe=2 blocks=264267 keys=264189 false_keys=2045
account n8b8stride64_combined/load50_uniform mode=1 recipe=0 blocks=267687 keys=3969 false_keys=3969
account n8b8stride64_combined/load50_uniform mode=1 recipe=1 blocks=267687 keys=3969 false_keys=3969
account n8b8stride64_combined/load50_uniform mode=1 recipe=2 blocks=267687 keys=3969 false_keys=3969
account n8b8stride64_combined/load50_uniform mode=2 recipe=0 blocks=265941 keys=134132 false_keys=3060
account n8b8stride64_combined/load50_uniform mode=2 recipe=1 blocks=265941 keys=134132 false_keys=3060
account n8b8stride64_combined/load50_uniform mode=2 recipe=2 blocks=265941 keys=134132 false_keys=3060
account n8b8stride64_combined/load50_uniform mode=3 recipe=0 blocks=264267 keys=264189 false_keys=2045
account n8b8stride64_combined/load50_uniform mode=3 recipe=1 blocks=264267 keys=264189 false_keys=2045
account n8b8stride64_combined/load50_uniform mode=3 recipe=2 blocks=264267 keys=264189 false_keys=2045
bucket n8b7stride64_combined/load50_uniform keys=262144 heads=65536 blocks=66937 overflow=1401 encoded_allocation=4284160
account n8b7stride64_combined/load50_uniform mode=0 recipe=0 blocks=264267 keys=266222 false_keys=4078
account n8b7stride64_combined/load50_uniform mode=0 recipe=1 blocks=264267 keys=266222 false_keys=4078
account n8b7stride64_combined/load50_uniform mode=0 recipe=2 blocks=264267 keys=266222 false_keys=4078
account n8b7stride64_combined/load50_uniform mode=1 recipe=0 blocks=267687 keys=7927 false_keys=7927
account n8b7stride64_combined/load50_uniform mode=1 recipe=1 blocks=267687 keys=7927 false_keys=7927
account n8b7stride64_combined/load50_uniform mode=1 recipe=2 blocks=267687 keys=7927 false_keys=7927
account n8b7stride64_combined/load50_uniform mode=2 recipe=0 blocks=265941 keys=137077 false_keys=6005
account n8b7stride64_combined/load50_uniform mode=2 recipe=1 blocks=265941 keys=137077 false_keys=6005
account n8b7stride64_combined/load50_uniform mode=2 recipe=2 blocks=265941 keys=137077 false_keys=6005
account n8b7stride64_combined/load50_uniform mode=3 recipe=0 blocks=264267 keys=266222 false_keys=4078
account n8b7stride64_combined/load50_uniform mode=3 recipe=1 blocks=264267 keys=266222 false_keys=4078
account n8b7stride64_combined/load50_uniform mode=3 recipe=2 blocks=264267 keys=266222 false_keys=4078
bucket n9b7stride76_combined/load50_uniform keys=262144 heads=58255 blocks=59280 overflow=1025 encoded_allocation=4505472
account n9b7stride76_combined/load50_uniform mode=0 recipe=0 blocks=263839 keys=266711 false_keys=4567
account n9b7stride76_combined/load50_uniform mode=0 recipe=1 blocks=263839 keys=266711 false_keys=4567
account n9b7stride76_combined/load50_uniform mode=1 recipe=0 blocks=266852 keys=9234 false_keys=9234
account n9b7stride76_combined/load50_uniform mode=1 recipe=1 blocks=266852 keys=9234 false_keys=9234
account n9b7stride76_combined/load50_uniform mode=2 recipe=0 blocks=265379 keys=137840 false_keys=6768
account n9b7stride76_combined/load50_uniform mode=2 recipe=1 blocks=265379 keys=137840 false_keys=6768
account n9b7stride76_combined/load50_uniform mode=3 recipe=0 blocks=263839 keys=266711 false_keys=4567
account n9b7stride76_combined/load50_uniform mode=3 recipe=1 blocks=263839 keys=266711 false_keys=4567
bucket n9b7stride96_combined/load50_uniform keys=262144 heads=58255 blocks=59280 overflow=1025 encoded_allocation=5691008
account n9b7stride96_combined/load50_uniform mode=0 recipe=0 blocks=263839 keys=266711 false_keys=4567
account n9b7stride96_combined/load50_uniform mode=0 recipe=1 blocks=263839 keys=266711 false_keys=4567
account n9b7stride96_combined/load50_uniform mode=1 recipe=0 blocks=266852 keys=9234 false_keys=9234
account n9b7stride96_combined/load50_uniform mode=1 recipe=1 blocks=266852 keys=9234 false_keys=9234
account n9b7stride96_combined/load50_uniform mode=2 recipe=0 blocks=265379 keys=137840 false_keys=6768
account n9b7stride96_combined/load50_uniform mode=2 recipe=1 blocks=265379 keys=137840 false_keys=6768
account n9b7stride96_combined/load50_uniform mode=3 recipe=0 blocks=263839 keys=266711 false_keys=4567
account n9b7stride96_combined/load50_uniform mode=3 recipe=1 blocks=263839 keys=266711 false_keys=4567
bucket n9b7stride62_split/load50_uniform keys=262144 heads=58255 blocks=59280 overflow=1025 encoded_allocation=4505344
account n9b7stride62_split/load50_uniform mode=0 recipe=0 blocks=263839 keys=266711 false_keys=4567
account n9b7stride62_split/load50_uniform mode=0 recipe=1 blocks=263839 keys=266711 false_keys=4567
account n9b7stride62_split/load50_uniform mode=0 recipe=2 blocks=263839 keys=266711 false_keys=4567
account n9b7stride62_split/load50_uniform mode=1 recipe=0 blocks=266852 keys=9234 false_keys=9234
account n9b7stride62_split/load50_uniform mode=1 recipe=1 blocks=266852 keys=9234 false_keys=9234
account n9b7stride62_split/load50_uniform mode=1 recipe=2 blocks=266852 keys=9234 false_keys=9234
account n9b7stride62_split/load50_uniform mode=2 recipe=0 blocks=265379 keys=137840 false_keys=6768
account n9b7stride62_split/load50_uniform mode=2 recipe=1 blocks=265379 keys=137840 false_keys=6768
account n9b7stride62_split/load50_uniform mode=2 recipe=2 blocks=265379 keys=137840 false_keys=6768
account n9b7stride62_split/load50_uniform mode=3 recipe=0 blocks=263839 keys=266711 false_keys=4567
account n9b7stride62_split/load50_uniform mode=3 recipe=1 blocks=263839 keys=266711 false_keys=4567
account n9b7stride62_split/load50_uniform mode=3 recipe=2 blocks=263839 keys=266711 false_keys=4567
bucket n16b8stride120_combined/load50_uniform keys=262144 heads=32768 blocks=32887 overflow=119 encoded_allocation=3946624
account n16b8stride120_combined/load50_uniform mode=0 recipe=0 blocks=262348 keys=266307 false_keys=4163
account n16b8stride120_combined/load50_uniform mode=0 recipe=1 blocks=262348 keys=266307 false_keys=4163
account n16b8stride120_combined/load50_uniform mode=1 recipe=0 blocks=263111 keys=7962 false_keys=7962
account n16b8stride120_combined/load50_uniform mode=1 recipe=1 blocks=263111 keys=7962 false_keys=7962
account n16b8stride120_combined/load50_uniform mode=2 recipe=0 blocks=262721 keys=137217 false_keys=6145
account n16b8stride120_combined/load50_uniform mode=2 recipe=1 blocks=262721 keys=137217 false_keys=6145
account n16b8stride120_combined/load50_uniform mode=3 recipe=0 blocks=262348 keys=266307 false_keys=4163
account n16b8stride120_combined/load50_uniform mode=3 recipe=1 blocks=262348 keys=266307 false_keys=4163
bucket n16b8stride128_combined/load50_uniform keys=262144 heads=32768 blocks=32887 overflow=119 encoded_allocation=4209664
account n16b8stride128_combined/load50_uniform mode=0 recipe=0 blocks=262348 keys=266307 false_keys=4163
account n16b8stride128_combined/load50_uniform mode=0 recipe=1 blocks=262348 keys=266307 false_keys=4163
account n16b8stride128_combined/load50_uniform mode=1 recipe=0 blocks=263111 keys=7962 false_keys=7962
account n16b8stride128_combined/load50_uniform mode=1 recipe=1 blocks=263111 keys=7962 false_keys=7962
account n16b8stride128_combined/load50_uniform mode=2 recipe=0 blocks=262721 keys=137217 false_keys=6145
account n16b8stride128_combined/load50_uniform mode=2 recipe=1 blocks=262721 keys=137217 false_keys=6145
account n16b8stride128_combined/load50_uniform mode=3 recipe=0 blocks=262348 keys=266307 false_keys=4163
account n16b8stride128_combined/load50_uniform mode=3 recipe=1 blocks=262348 keys=266307 false_keys=4163
bucket n16b12stride128_combined/load50_uniform keys=262144 heads=32768 blocks=32887 overflow=119 encoded_allocation=4209664
account n16b12stride128_combined/load50_uniform mode=0 recipe=0 blocks=262348 keys=262407 false_keys=263
account n16b12stride128_combined/load50_uniform mode=0 recipe=1 blocks=262348 keys=262407 false_keys=263
account n16b12stride128_combined/load50_uniform mode=1 recipe=0 blocks=263111 keys=525 false_keys=525
account n16b12stride128_combined/load50_uniform mode=1 recipe=1 blocks=263111 keys=525 false_keys=525
account n16b12stride128_combined/load50_uniform mode=2 recipe=0 blocks=262721 keys=131446 false_keys=374
account n16b12stride128_combined/load50_uniform mode=2 recipe=1 blocks=262721 keys=131446 false_keys=374
account n16b12stride128_combined/load50_uniform mode=3 recipe=0 blocks=262348 keys=262407 false_keys=263
account n16b12stride128_combined/load50_uniform mode=3 recipe=1 blocks=262348 keys=262407 false_keys=263
bucket n16b8stride104_split/load50_uniform keys=262144 heads=32768 blocks=32887 overflow=119 encoded_allocation=3946496
account n16b8stride104_split/load50_uniform mode=0 recipe=0 blocks=262348 keys=266307 false_keys=4163
account n16b8stride104_split/load50_uniform mode=0 recipe=1 blocks=262348 keys=266307 false_keys=4163
account n16b8stride104_split/load50_uniform mode=0 recipe=2 blocks=262348 keys=266307 false_keys=4163
account n16b8stride104_split/load50_uniform mode=1 recipe=0 blocks=263111 keys=7962 false_keys=7962
account n16b8stride104_split/load50_uniform mode=1 recipe=1 blocks=263111 keys=7962 false_keys=7962
account n16b8stride104_split/load50_uniform mode=1 recipe=2 blocks=263111 keys=7962 false_keys=7962
account n16b8stride104_split/load50_uniform mode=2 recipe=0 blocks=262721 keys=137217 false_keys=6145
account n16b8stride104_split/load50_uniform mode=2 recipe=1 blocks=262721 keys=137217 false_keys=6145
account n16b8stride104_split/load50_uniform mode=2 recipe=2 blocks=262721 keys=137217 false_keys=6145
account n16b8stride104_split/load50_uniform mode=3 recipe=0 blocks=262348 keys=266307 false_keys=4163
account n16b8stride104_split/load50_uniform mode=3 recipe=1 blocks=262348 keys=266307 false_keys=4163
account n16b8stride104_split/load50_uniform mode=3 recipe=2 blocks=262348 keys=266307 false_keys=4163
bucket n16b12stride104_split/load50_uniform keys=262144 heads=32768 blocks=32887 overflow=119 encoded_allocation=4209664
account n16b12stride104_split/load50_uniform mode=0 recipe=0 blocks=262348 keys=262407 false_keys=263
account n16b12stride104_split/load50_uniform mode=0 recipe=1 blocks=262348 keys=262407 false_keys=263
account n16b12stride104_split/load50_uniform mode=0 recipe=2 blocks=262348 keys=262407 false_keys=263
account n16b12stride104_split/load50_uniform mode=1 recipe=0 blocks=263111 keys=525 false_keys=525
account n16b12stride104_split/load50_uniform mode=1 recipe=1 blocks=263111 keys=525 false_keys=525
account n16b12stride104_split/load50_uniform mode=1 recipe=2 blocks=263111 keys=525 false_keys=525
account n16b12stride104_split/load50_uniform mode=2 recipe=0 blocks=262721 keys=131446 false_keys=374
account n16b12stride104_split/load50_uniform mode=2 recipe=1 blocks=262721 keys=131446 false_keys=374
account n16b12stride104_split/load50_uniform mode=2 recipe=2 blocks=262721 keys=131446 false_keys=374
account n16b12stride104_split/load50_uniform mode=3 recipe=0 blocks=262348 keys=262407 false_keys=263
account n16b12stride104_split/load50_uniform mode=3 recipe=1 blocks=262348 keys=262407 false_keys=263
account n16b12stride104_split/load50_uniform mode=3 recipe=2 blocks=262348 keys=262407 false_keys=263
bucket n8b7stride63_combined/load90_uniform keys=262144 heads=36409 blocks=47325 overflow=10916 encoded_allocation=2981632
account n8b7stride63_combined/load90_uniform mode=0 recipe=0 blocks=288847 keys=269612 false_keys=7468
account n8b7stride63_combined/load90_uniform mode=0 recipe=1 blocks=288847 keys=269612 false_keys=7468
account n8b7stride63_combined/load90_uniform mode=0 recipe=2 blocks=288847 keys=269612 false_keys=7468
account n8b7stride63_combined/load90_uniform mode=1 recipe=0 blocks=341147 keys=14764 false_keys=14764
account n8b7stride63_combined/load90_uniform mode=1 recipe=1 blocks=341147 keys=14764 false_keys=14764
account n8b7stride63_combined/load90_uniform mode=1 recipe=2 blocks=341147 keys=14764 false_keys=14764
account n8b7stride63_combined/load90_uniform mode=2 recipe=0 blocks=314939 keys=142293 false_keys=11221
account n8b7stride63_combined/load90_uniform mode=2 recipe=1 blocks=314939 keys=142293 false_keys=11221
account n8b7stride63_combined/load90_uniform mode=2 recipe=2 blocks=314939 keys=142293 false_keys=11221
account n8b7stride63_combined/load90_uniform mode=3 recipe=0 blocks=288847 keys=269612 false_keys=7468
account n8b7stride63_combined/load90_uniform mode=3 recipe=1 blocks=288847 keys=269612 false_keys=7468
account n8b7stride63_combined/load90_uniform mode=3 recipe=2 blocks=288847 keys=269612 false_keys=7468
bucket n8b8stride64_combined/load90_uniform keys=262144 heads=36409 blocks=47325 overflow=10916 encoded_allocation=3028992
account n8b8stride64_combined/load90_uniform mode=0 recipe=0 blocks=288847 keys=265841 false_keys=3697
account n8b8stride64_combined/load90_uniform mode=0 recipe=1 blocks=288847 keys=265841 false_keys=3697
account n8b8stride64_combined/load90_uniform mode=0 recipe=2 blocks=288847 keys=265841 false_keys=3697
account n8b8stride64_combined/load90_uniform mode=1 recipe=0 blocks=341147 keys=7542 false_keys=7542
account n8b8stride64_combined/load90_uniform mode=1 recipe=1 blocks=341147 keys=7542 false_keys=7542
account n8b8stride64_combined/load90_uniform mode=1 recipe=2 blocks=341147 keys=7542 false_keys=7542
account n8b8stride64_combined/load90_uniform mode=2 recipe=0 blocks=314939 keys=136732 false_keys=5660
account n8b8stride64_combined/load90_uniform mode=2 recipe=1 blocks=314939 keys=136732 false_keys=5660
account n8b8stride64_combined/load90_uniform mode=2 recipe=2 blocks=314939 keys=136732 false_keys=5660
account n8b8stride64_combined/load90_uniform mode=3 recipe=0 blocks=288847 keys=265841 false_keys=3697
account n8b8stride64_combined/load90_uniform mode=3 recipe=1 blocks=288847 keys=265841 false_keys=3697
account n8b8stride64_combined/load90_uniform mode=3 recipe=2 blocks=288847 keys=265841 false_keys=3697
bucket n8b7stride64_combined/load90_uniform keys=262144 heads=36409 blocks=47325 overflow=10916 encoded_allocation=3028992
account n8b7stride64_combined/load90_uniform mode=0 recipe=0 blocks=288847 keys=269612 false_keys=7468
account n8b7stride64_combined/load90_uniform mode=0 recipe=1 blocks=288847 keys=269612 false_keys=7468
account n8b7stride64_combined/load90_uniform mode=0 recipe=2 blocks=288847 keys=269612 false_keys=7468
account n8b7stride64_combined/load90_uniform mode=1 recipe=0 blocks=341147 keys=14764 false_keys=14764
account n8b7stride64_combined/load90_uniform mode=1 recipe=1 blocks=341147 keys=14764 false_keys=14764
account n8b7stride64_combined/load90_uniform mode=1 recipe=2 blocks=341147 keys=14764 false_keys=14764
account n8b7stride64_combined/load90_uniform mode=2 recipe=0 blocks=314939 keys=142293 false_keys=11221
account n8b7stride64_combined/load90_uniform mode=2 recipe=1 blocks=314939 keys=142293 false_keys=11221
account n8b7stride64_combined/load90_uniform mode=2 recipe=2 blocks=314939 keys=142293 false_keys=11221
account n8b7stride64_combined/load90_uniform mode=3 recipe=0 blocks=288847 keys=269612 false_keys=7468
account n8b7stride64_combined/load90_uniform mode=3 recipe=1 blocks=288847 keys=269612 false_keys=7468
account n8b7stride64_combined/load90_uniform mode=3 recipe=2 blocks=288847 keys=269612 false_keys=7468
bucket n9b7stride76_combined/load90_uniform keys=262144 heads=32364 blocks=41986 overflow=9622 encoded_allocation=3191168
account n9b7stride76_combined/load90_uniform mode=0 recipe=0 blocks=286712 keys=270501 false_keys=8357
account n9b7stride76_combined/load90_uniform mode=0 recipe=1 blocks=286712 keys=270501 false_keys=8357
account n9b7stride76_combined/load90_uniform mode=1 recipe=0 blocks=339809 keys=16558 false_keys=16558
account n9b7stride76_combined/load90_uniform mode=1 recipe=1 blocks=339809 keys=16558 false_keys=16558
account n9b7stride76_combined/load90_uniform mode=2 recipe=0 blocks=313348 keys=143495 false_keys=12423
account n9b7stride76_combined/load90_uniform mode=2 recipe=1 blocks=313348 keys=143495 false_keys=12423
account n9b7stride76_combined/load90_uniform mode=3 recipe=0 blocks=286712 keys=270501 false_keys=8357
account n9b7stride76_combined/load90_uniform mode=3 recipe=1 blocks=286712 keys=270501 false_keys=8357
bucket n9b7stride96_combined/load90_uniform keys=262144 heads=32364 blocks=41986 overflow=9622 encoded_allocation=4030848
account n9b7stride96_combined/load90_uniform mode=0 recipe=0 blocks=286712 keys=270501 false_keys=8357
account n9b7stride96_combined/load90_uniform mode=0 recipe=1 blocks=286712 keys=270501 false_keys=8357
account n9b7stride96_combined/load90_uniform mode=1 recipe=0 blocks=339809 keys=16558 false_keys=16558
account n9b7stride96_combined/load90_uniform mode=1 recipe=1 blocks=339809 keys=16558 false_keys=16558
account n9b7stride96_combined/load90_uniform mode=2 recipe=0 blocks=313348 keys=143495 false_keys=12423
account n9b7stride96_combined/load90_uniform mode=2 recipe=1 blocks=313348 keys=143495 false_keys=12423
account n9b7stride96_combined/load90_uniform mode=3 recipe=0 blocks=286712 keys=270501 false_keys=8357
account n9b7stride96_combined/load90_uniform mode=3 recipe=1 blocks=286712 keys=270501 false_keys=8357
bucket n9b7stride62_split/load90_uniform keys=262144 heads=32364 blocks=41986 overflow=9622 encoded_allocation=3191040
account n9b7stride62_split/load90_uniform mode=0 recipe=0 blocks=286712 keys=270501 false_keys=8357
account n9b7stride62_split/load90_uniform mode=0 recipe=1 blocks=286712 keys=270501 false_keys=8357
account n9b7stride62_split/load90_uniform mode=0 recipe=2 blocks=286712 keys=270501 false_keys=8357
account n9b7stride62_split/load90_uniform mode=1 recipe=0 blocks=339809 keys=16558 false_keys=16558
account n9b7stride62_split/load90_uniform mode=1 recipe=1 blocks=339809 keys=16558 false_keys=16558
account n9b7stride62_split/load90_uniform mode=1 recipe=2 blocks=339809 keys=16558 false_keys=16558
account n9b7stride62_split/load90_uniform mode=2 recipe=0 blocks=313348 keys=143495 false_keys=12423
account n9b7stride62_split/load90_uniform mode=2 recipe=1 blocks=313348 keys=143495 false_keys=12423
account n9b7stride62_split/load90_uniform mode=2 recipe=2 blocks=313348 keys=143495 false_keys=12423
account n9b7stride62_split/load90_uniform mode=3 recipe=0 blocks=286712 keys=270501 false_keys=8357
account n9b7stride62_split/load90_uniform mode=3 recipe=1 blocks=286712 keys=270501 false_keys=8357
account n9b7stride62_split/load90_uniform mode=3 recipe=2 blocks=286712 keys=270501 false_keys=8357
bucket n16b8stride120_combined/load90_uniform keys=262144 heads=18205 blocks=23330 overflow=5125 encoded_allocation=2799744
account n16b8stride120_combined/load90_uniform mode=0 recipe=0 blocks=277681 keys=269516 false_keys=7372
account n16b8stride120_combined/load90_uniform mode=0 recipe=1 blocks=277681 keys=269516 false_keys=7372
account n16b8stride120_combined/load90_uniform mode=1 recipe=0 blocks=335766 keys=14678 false_keys=14678
account n16b8stride120_combined/load90_uniform mode=1 recipe=1 blocks=335766 keys=14678 false_keys=14678
account n16b8stride120_combined/load90_uniform mode=2 recipe=0 blocks=306554 keys=142014 false_keys=10942
account n16b8stride120_combined/load90_uniform mode=2 recipe=1 blocks=306554 keys=142014 false_keys=10942
account n16b8stride120_combined/load90_uniform mode=3 recipe=0 blocks=277681 keys=269516 false_keys=7372
account n16b8stride120_combined/load90_uniform mode=3 recipe=1 blocks=277681 keys=269516 false_keys=7372
bucket n16b8stride128_combined/load90_uniform keys=262144 heads=18205 blocks=23330 overflow=5125 encoded_allocation=2986368
account n16b8stride128_combined/load90_uniform mode=0 recipe=0 blocks=277681 keys=269516 false_keys=7372
account n16b8stride128_combined/load90_uniform mode=0 recipe=1 blocks=277681 keys=269516 false_keys=7372
account n16b8stride128_combined/load90_uniform mode=1 recipe=0 blocks=335766 keys=14678 false_keys=14678
account n16b8stride128_combined/load90_uniform mode=1 recipe=1 blocks=335766 keys=14678 false_keys=14678
account n16b8stride128_combined/load90_uniform mode=2 recipe=0 blocks=306554 keys=142014 false_keys=10942
account n16b8stride128_combined/load90_uniform mode=2 recipe=1 blocks=306554 keys=142014 false_keys=10942
account n16b8stride128_combined/load90_uniform mode=3 recipe=0 blocks=277681 keys=269516 false_keys=7372
account n16b8stride128_combined/load90_uniform mode=3 recipe=1 blocks=277681 keys=269516 false_keys=7372
bucket n16b12stride128_combined/load90_uniform keys=262144 heads=18205 blocks=23330 overflow=5125 encoded_allocation=2986368
account n16b12stride128_combined/load90_uniform mode=0 recipe=0 blocks=277681 keys=262628 false_keys=484
account n16b12stride128_combined/load90_uniform mode=0 recipe=1 blocks=277681 keys=262628 false_keys=484
account n16b12stride128_combined/load90_uniform mode=1 recipe=0 blocks=335766 keys=931 false_keys=931
account n16b12stride128_combined/load90_uniform mode=1 recipe=1 blocks=335766 keys=931 false_keys=931
account n16b12stride128_combined/load90_uniform mode=2 recipe=0 blocks=306554 keys=131777 false_keys=705
account n16b12stride128_combined/load90_uniform mode=2 recipe=1 blocks=306554 keys=131777 false_keys=705
account n16b12stride128_combined/load90_uniform mode=3 recipe=0 blocks=277681 keys=262628 false_keys=484
account n16b12stride128_combined/load90_uniform mode=3 recipe=1 blocks=277681 keys=262628 false_keys=484
bucket n16b8stride104_split/load90_uniform keys=262144 heads=18205 blocks=23330 overflow=5125 encoded_allocation=2799744
account n16b8stride104_split/load90_uniform mode=0 recipe=0 blocks=277681 keys=269516 false_keys=7372
account n16b8stride104_split/load90_uniform mode=0 recipe=1 blocks=277681 keys=269516 false_keys=7372
account n16b8stride104_split/load90_uniform mode=0 recipe=2 blocks=277681 keys=269516 false_keys=7372
account n16b8stride104_split/load90_uniform mode=1 recipe=0 blocks=335766 keys=14678 false_keys=14678
account n16b8stride104_split/load90_uniform mode=1 recipe=1 blocks=335766 keys=14678 false_keys=14678
account n16b8stride104_split/load90_uniform mode=1 recipe=2 blocks=335766 keys=14678 false_keys=14678
account n16b8stride104_split/load90_uniform mode=2 recipe=0 blocks=306554 keys=142014 false_keys=10942
account n16b8stride104_split/load90_uniform mode=2 recipe=1 blocks=306554 keys=142014 false_keys=10942
account n16b8stride104_split/load90_uniform mode=2 recipe=2 blocks=306554 keys=142014 false_keys=10942
account n16b8stride104_split/load90_uniform mode=3 recipe=0 blocks=277681 keys=269516 false_keys=7372
account n16b8stride104_split/load90_uniform mode=3 recipe=1 blocks=277681 keys=269516 false_keys=7372
account n16b8stride104_split/load90_uniform mode=3 recipe=2 blocks=277681 keys=269516 false_keys=7372
bucket n16b12stride104_split/load90_uniform keys=262144 heads=18205 blocks=23330 overflow=5125 encoded_allocation=2986368
account n16b12stride104_split/load90_uniform mode=0 recipe=0 blocks=277681 keys=262628 false_keys=484
account n16b12stride104_split/load90_uniform mode=0 recipe=1 blocks=277681 keys=262628 false_keys=484
account n16b12stride104_split/load90_uniform mode=0 recipe=2 blocks=277681 keys=262628 false_keys=484
account n16b12stride104_split/load90_uniform mode=1 recipe=0 blocks=335766 keys=931 false_keys=931
account n16b12stride104_split/load90_uniform mode=1 recipe=1 blocks=335766 keys=931 false_keys=931
account n16b12stride104_split/load90_uniform mode=1 recipe=2 blocks=335766 keys=931 false_keys=931
account n16b12stride104_split/load90_uniform mode=2 recipe=0 blocks=306554 keys=131777 false_keys=705
account n16b12stride104_split/load90_uniform mode=2 recipe=1 blocks=306554 keys=131777 false_keys=705
account n16b12stride104_split/load90_uniform mode=2 recipe=2 blocks=306554 keys=131777 false_keys=705
account n16b12stride104_split/load90_uniform mode=3 recipe=0 blocks=277681 keys=262628 false_keys=484
account n16b12stride104_split/load90_uniform mode=3 recipe=1 blocks=277681 keys=262628 false_keys=484
account n16b12stride104_split/load90_uniform mode=3 recipe=2 blocks=277681 keys=262628 false_keys=484
bucket n8b7stride63_combined/load90_skew keys=262144 heads=36409 blocks=66626 overflow=30217 encoded_allocation=4197632
account n8b7stride63_combined/load90_skew mode=0 recipe=0 blocks=1094793 keys=321750 false_keys=59606
account n8b7stride63_combined/load90_skew mode=0 recipe=1 blocks=1094793 keys=321750 false_keys=59606
account n8b7stride63_combined/load90_skew mode=0 recipe=2 blocks=1094793 keys=321750 false_keys=59606
account n8b7stride63_combined/load90_skew mode=1 recipe=0 blocks=2002755 keys=118651 false_keys=118651
account n8b7stride63_combined/load90_skew mode=1 recipe=1 blocks=2002755 keys=118651 false_keys=118651
account n8b7stride63_combined/load90_skew mode=1 recipe=2 blocks=2002755 keys=118651 false_keys=118651
account n8b7stride63_combined/load90_skew mode=2 recipe=0 blocks=1548090 keys=220184 false_keys=89112
account n8b7stride63_combined/load90_skew mode=2 recipe=1 blocks=1548090 keys=220184 false_keys=89112
account n8b7stride63_combined/load90_skew mode=2 recipe=2 blocks=1548090 keys=220184 false_keys=89112
account n8b7stride63_combined/load90_skew mode=3 recipe=0 blocks=1094793 keys=321750 false_keys=59606
account n8b7stride63_combined/load90_skew mode=3 recipe=1 blocks=1094793 keys=321750 false_keys=59606
account n8b7stride63_combined/load90_skew mode=3 recipe=2 blocks=1094793 keys=321750 false_keys=59606
bucket n8b8stride64_combined/load90_skew keys=262144 heads=36409 blocks=66626 overflow=30217 encoded_allocation=4264192
account n8b8stride64_combined/load90_skew mode=0 recipe=0 blocks=1094793 keys=291853 false_keys=29709
account n8b8stride64_combined/load90_skew mode=0 recipe=1 blocks=1094793 keys=291853 false_keys=29709
account n8b8stride64_combined/load90_skew mode=0 recipe=2 blocks=1094793 keys=291853 false_keys=29709
account n8b8stride64_combined/load90_skew mode=1 recipe=0 blocks=2002755 keys=59456 false_keys=59456
account n8b8stride64_combined/load90_skew mode=1 recipe=1 blocks=2002755 keys=59456 false_keys=59456
account n8b8stride64_combined/load90_skew mode=1 recipe=2 blocks=2002755 keys=59456 false_keys=59456
account n8b8stride64_combined/load90_skew mode=2 recipe=0 blocks=1548090 keys=175510 false_keys=44438
account n8b8stride64_combined/load90_skew mode=2 recipe=1 blocks=1548090 keys=175510 false_keys=44438
account n8b8stride64_combined/load90_skew mode=2 recipe=2 blocks=1548090 keys=175510 false_keys=44438
account n8b8stride64_combined/load90_skew mode=3 recipe=0 blocks=1094793 keys=291853 false_keys=29709
account n8b8stride64_combined/load90_skew mode=3 recipe=1 blocks=1094793 keys=291853 false_keys=29709
account n8b8stride64_combined/load90_skew mode=3 recipe=2 blocks=1094793 keys=291853 false_keys=29709
bucket n8b7stride64_combined/load90_skew keys=262144 heads=36409 blocks=66626 overflow=30217 encoded_allocation=4264192
account n8b7stride64_combined/load90_skew mode=0 recipe=0 blocks=1094793 keys=321750 false_keys=59606
account n8b7stride64_combined/load90_skew mode=0 recipe=1 blocks=1094793 keys=321750 false_keys=59606
account n8b7stride64_combined/load90_skew mode=0 recipe=2 blocks=1094793 keys=321750 false_keys=59606
account n8b7stride64_combined/load90_skew mode=1 recipe=0 blocks=2002755 keys=118651 false_keys=118651
account n8b7stride64_combined/load90_skew mode=1 recipe=1 blocks=2002755 keys=118651 false_keys=118651
account n8b7stride64_combined/load90_skew mode=1 recipe=2 blocks=2002755 keys=118651 false_keys=118651
account n8b7stride64_combined/load90_skew mode=2 recipe=0 blocks=1548090 keys=220184 false_keys=89112
account n8b7stride64_combined/load90_skew mode=2 recipe=1 blocks=1548090 keys=220184 false_keys=89112
account n8b7stride64_combined/load90_skew mode=2 recipe=2 blocks=1548090 keys=220184 false_keys=89112
account n8b7stride64_combined/load90_skew mode=3 recipe=0 blocks=1094793 keys=321750 false_keys=59606
account n8b7stride64_combined/load90_skew mode=3 recipe=1 blocks=1094793 keys=321750 false_keys=59606
account n8b7stride64_combined/load90_skew mode=3 recipe=2 blocks=1094793 keys=321750 false_keys=59606
bucket n9b7stride76_combined/load90_skew keys=262144 heads=32364 blocks=59247 overflow=26883 encoded_allocation=4502912
account n9b7stride76_combined/load90_skew mode=0 recipe=0 blocks=1092858 keys=327494 false_keys=65350
account n9b7stride76_combined/load90_skew mode=0 recipe=1 blocks=1092858 keys=327494 false_keys=65350
account n9b7stride76_combined/load90_skew mode=1 recipe=0 blocks=2004867 keys=132040 false_keys=132040
account n9b7stride76_combined/load90_skew mode=1 recipe=1 blocks=2004867 keys=132040 false_keys=132040
account n9b7stride76_combined/load90_skew mode=2 recipe=0 blocks=1548544 keys=229741 false_keys=98669
account n9b7stride76_combined/load90_skew mode=2 recipe=1 blocks=1548544 keys=229741 false_keys=98669
account n9b7stride76_combined/load90_skew mode=3 recipe=0 blocks=1092858 keys=327494 false_keys=65350
account n9b7stride76_combined/load90_skew mode=3 recipe=1 blocks=1092858 keys=327494 false_keys=65350
bucket n9b7stride96_combined/load90_skew keys=262144 heads=32364 blocks=59247 overflow=26883 encoded_allocation=5687936
account n9b7stride96_combined/load90_skew mode=0 recipe=0 blocks=1092858 keys=327494 false_keys=65350
account n9b7stride96_combined/load90_skew mode=0 recipe=1 blocks=1092858 keys=327494 false_keys=65350
account n9b7stride96_combined/load90_skew mode=1 recipe=0 blocks=2004867 keys=132040 false_keys=132040
account n9b7stride96_combined/load90_skew mode=1 recipe=1 blocks=2004867 keys=132040 false_keys=132040
account n9b7stride96_combined/load90_skew mode=2 recipe=0 blocks=1548544 keys=229741 false_keys=98669
account n9b7stride96_combined/load90_skew mode=2 recipe=1 blocks=1548544 keys=229741 false_keys=98669
account n9b7stride96_combined/load90_skew mode=3 recipe=0 blocks=1092858 keys=327494 false_keys=65350
account n9b7stride96_combined/load90_skew mode=3 recipe=1 blocks=1092858 keys=327494 false_keys=65350
bucket n9b7stride62_split/load90_skew keys=262144 heads=32364 blocks=59247 overflow=26883 encoded_allocation=4502912
account n9b7stride62_split/load90_skew mode=0 recipe=0 blocks=1092858 keys=327494 false_keys=65350
account n9b7stride62_split/load90_skew mode=0 recipe=1 blocks=1092858 keys=327494 false_keys=65350
account n9b7stride62_split/load90_skew mode=0 recipe=2 blocks=1092858 keys=327494 false_keys=65350
account n9b7stride62_split/load90_skew mode=1 recipe=0 blocks=2004867 keys=132040 false_keys=132040
account n9b7stride62_split/load90_skew mode=1 recipe=1 blocks=2004867 keys=132040 false_keys=132040
account n9b7stride62_split/load90_skew mode=1 recipe=2 blocks=2004867 keys=132040 false_keys=132040
account n9b7stride62_split/load90_skew mode=2 recipe=0 blocks=1548544 keys=229741 false_keys=98669
account n9b7stride62_split/load90_skew mode=2 recipe=1 blocks=1548544 keys=229741 false_keys=98669
account n9b7stride62_split/load90_skew mode=2 recipe=2 blocks=1548544 keys=229741 false_keys=98669
account n9b7stride62_split/load90_skew mode=3 recipe=0 blocks=1092858 keys=327494 false_keys=65350
account n9b7stride62_split/load90_skew mode=3 recipe=1 blocks=1092858 keys=327494 false_keys=65350
account n9b7stride62_split/load90_skew mode=3 recipe=2 blocks=1092858 keys=327494 false_keys=65350
bucket n16b8stride120_combined/load90_skew keys=262144 heads=18205 blocks=33365 overflow=15160 encoded_allocation=4003968
account n16b8stride120_combined/load90_skew mode=0 recipe=0 blocks=1086723 keys=320932 false_keys=58788
account n16b8stride120_combined/load90_skew mode=0 recipe=1 blocks=1086723 keys=320932 false_keys=58788
account n16b8stride120_combined/load90_skew mode=1 recipe=0 blocks=2009197 keys=118069 false_keys=118069
account n16b8stride120_combined/load90_skew mode=1 recipe=1 blocks=2009197 keys=118069 false_keys=118069
account n16b8stride120_combined/load90_skew mode=2 recipe=0 blocks=1547323 keys=219483 false_keys=88411
account n16b8stride120_combined/load90_skew mode=2 recipe=1 blocks=1547323 keys=219483 false_keys=88411
account n16b8stride120_combined/load90_skew mode=3 recipe=0 blocks=1086723 keys=320932 false_keys=58788
account n16b8stride120_combined/load90_skew mode=3 recipe=1 blocks=1086723 keys=320932 false_keys=58788
bucket n16b8stride128_combined/load90_skew keys=262144 heads=18205 blocks=33365 overflow=15160 encoded_allocation=4270848
account n16b8stride128_combined/load90_skew mode=0 recipe=0 blocks=1086723 keys=320932 false_keys=58788
account n16b8stride128_combined/load90_skew mode=0 recipe=1 blocks=1086723 keys=320932 false_keys=58788
account n16b8stride128_combined/load90_skew mode=1 recipe=0 blocks=2009197 keys=118069 false_keys=118069
account n16b8stride128_combined/load90_skew mode=1 recipe=1 blocks=2009197 keys=118069 false_keys=118069
account n16b8stride128_combined/load90_skew mode=2 recipe=0 blocks=1547323 keys=219483 false_keys=88411
account n16b8stride128_combined/load90_skew mode=2 recipe=1 blocks=1547323 keys=219483 false_keys=88411
account n16b8stride128_combined/load90_skew mode=3 recipe=0 blocks=1086723 keys=320932 false_keys=58788
account n16b8stride128_combined/load90_skew mode=3 recipe=1 blocks=1086723 keys=320932 false_keys=58788
bucket n16b12stride128_combined/load90_skew keys=262144 heads=18205 blocks=33365 overflow=15160 encoded_allocation=4270848
account n16b12stride128_combined/load90_skew mode=0 recipe=0 blocks=1086723 keys=265715 false_keys=3571
account n16b12stride128_combined/load90_skew mode=0 recipe=1 blocks=1086723 keys=265715 false_keys=3571
account n16b12stride128_combined/load90_skew mode=1 recipe=0 blocks=2009197 keys=7465 false_keys=7465
account n16b12stride128_combined/load90_skew mode=1 recipe=1 blocks=2009197 keys=7465 false_keys=7465
account n16b12stride128_combined/load90_skew mode=2 recipe=0 blocks=1547323 keys=136634 false_keys=5562
account n16b12stride128_combined/load90_skew mode=2 recipe=1 blocks=1547323 keys=136634 false_keys=5562
account n16b12stride128_combined/load90_skew mode=3 recipe=0 blocks=1086723 keys=265715 false_keys=3571
account n16b12stride128_combined/load90_skew mode=3 recipe=1 blocks=1086723 keys=265715 false_keys=3571
bucket n16b8stride104_split/load90_skew keys=262144 heads=18205 blocks=33365 overflow=15160 encoded_allocation=4003968
account n16b8stride104_split/load90_skew mode=0 recipe=0 blocks=1086723 keys=320932 false_keys=58788
account n16b8stride104_split/load90_skew mode=0 recipe=1 blocks=1086723 keys=320932 false_keys=58788
account n16b8stride104_split/load90_skew mode=0 recipe=2 blocks=1086723 keys=320932 false_keys=58788
account n16b8stride104_split/load90_skew mode=1 recipe=0 blocks=2009197 keys=118069 false_keys=118069
account n16b8stride104_split/load90_skew mode=1 recipe=1 blocks=2009197 keys=118069 false_keys=118069
account n16b8stride104_split/load90_skew mode=1 recipe=2 blocks=2009197 keys=118069 false_keys=118069
account n16b8stride104_split/load90_skew mode=2 recipe=0 blocks=1547323 keys=219483 false_keys=88411
account n16b8stride104_split/load90_skew mode=2 recipe=1 blocks=1547323 keys=219483 false_keys=88411
account n16b8stride104_split/load90_skew mode=2 recipe=2 blocks=1547323 keys=219483 false_keys=88411
account n16b8stride104_split/load90_skew mode=3 recipe=0 blocks=1086723 keys=320932 false_keys=58788
account n16b8stride104_split/load90_skew mode=3 recipe=1 blocks=1086723 keys=320932 false_keys=58788
account n16b8stride104_split/load90_skew mode=3 recipe=2 blocks=1086723 keys=320932 false_keys=58788
bucket n16b12stride104_split/load90_skew keys=262144 heads=18205 blocks=33365 overflow=15160 encoded_allocation=4270848
account n16b12stride104_split/load90_skew mode=0 recipe=0 blocks=1086723 keys=265715 false_keys=3571
account n16b12stride104_split/load90_skew mode=0 recipe=1 blocks=1086723 keys=265715 false_keys=3571
account n16b12stride104_split/load90_skew mode=0 recipe=2 blocks=1086723 keys=265715 false_keys=3571
account n16b12stride104_split/load90_skew mode=1 recipe=0 blocks=2009197 keys=7465 false_keys=7465
account n16b12stride104_split/load90_skew mode=1 recipe=1 blocks=2009197 keys=7465 false_keys=7465
account n16b12stride104_split/load90_skew mode=1 recipe=2 blocks=2009197 keys=7465 false_keys=7465
account n16b12stride104_split/load90_skew mode=2 recipe=0 blocks=1547323 keys=136634 false_keys=5562
account n16b12stride104_split/load90_skew mode=2 recipe=1 blocks=1547323 keys=136634 false_keys=5562
account n16b12stride104_split/load90_skew mode=2 recipe=2 blocks=1547323 keys=136634 false_keys=5562
account n16b12stride104_split/load90_skew mode=3 recipe=0 blocks=1086723 keys=265715 false_keys=3571
account n16b12stride104_split/load90_skew mode=3 recipe=1 blocks=1086723 keys=265715 false_keys=3571
account n16b12stride104_split/load90_skew mode=3 recipe=2 blocks=1086723 keys=265715 false_keys=3571
