bucket n8b7stride63_combined/load50_uniform keys=4096 heads=1024 blocks=1045 overflow=21 encoded_allocation=66048
account n8b7stride63_combined/load50_uniform mode=0 recipe=0 blocks=32998 keys=33413 false_keys=645
account n8b7stride63_combined/load50_uniform mode=0 recipe=1 blocks=32998 keys=33413 false_keys=645
account n8b7stride63_combined/load50_uniform mode=0 recipe=2 blocks=32998 keys=33413 false_keys=645
account n8b7stride63_combined/load50_uniform mode=1 recipe=0 blocks=33404 keys=712 false_keys=712
account n8b7stride63_combined/load50_uniform mode=1 recipe=1 blocks=33404 keys=712 false_keys=712
account n8b7stride63_combined/load50_uniform mode=1 recipe=2 blocks=33404 keys=712 false_keys=712
account n8b7stride63_combined/load50_uniform mode=2 recipe=0 blocks=33192 keys=17075 false_keys=691
account n8b7stride63_combined/load50_uniform mode=2 recipe=1 blocks=33192 keys=17075 false_keys=691
account n8b7stride63_combined/load50_uniform mode=2 recipe=2 blocks=33192 keys=17075 false_keys=691
account n8b7stride63_combined/load50_uniform mode=3 recipe=0 blocks=32998 keys=33413 false_keys=645
account n8b7stride63_combined/load50_uniform mode=3 recipe=1 blocks=32998 keys=33413 false_keys=645
account n8b7stride63_combined/load50_uniform mode=3 recipe=2 blocks=32998 keys=33413 false_keys=645
bucket n8b8stride64_combined/load50_uniform keys=4096 heads=1024 blocks=1045 overflow=21 encoded_allocation=67072
account n8b8stride64_combined/load50_uniform mode=0 recipe=0 blocks=32998 keys=33094 false_keys=326
account n8b8stride64_combined/load50_uniform mode=0 recipe=1 blocks=32998 keys=33094 false_keys=326
account n8b8stride64_combined/load50_uniform mode=0 recipe=2 blocks=32998 keys=33094 false_keys=326
account n8b8stride64_combined/load50_uniform mode=1 recipe=0 blocks=33404 keys=343 false_keys=343
account n8b8stride64_combined/load50_uniform mode=1 recipe=1 blocks=33404 keys=343 false_keys=343
account n8b8stride64_combined/load50_uniform mode=1 recipe=2 blocks=33404 keys=343 false_keys=343
account n8b8stride64_combined/load50_uniform mode=2 recipe=0 blocks=33192 keys=16711 false_keys=327
account n8b8stride64_combined/load50_uniform mode=2 recipe=1 blocks=33192 keys=16711 false_keys=327
account n8b8stride64_combined/load50_uniform mode=2 recipe=2 blocks=33192 keys=16711 false_keys=327
account n8b8stride64_combined/load50_uniform mode=3 recipe=0 blocks=32998 keys=33094 false_keys=326
account n8b8stride64_combined/load50_uniform mode=3 recipe=1 blocks=32998 keys=33094 false_keys=326
account n8b8stride64_combined/load50_uniform mode=3 recipe=2 blocks=32998 keys=33094 false_keys=326
bucket n8b7stride64_combined/load50_uniform keys=4096 heads=1024 blocks=1045 overflow=21 encoded_allocation=67072
account n8b7stride64_combined/load50_uniform mode=0 recipe=0 blocks=32998 keys=33413 false_keys=645
account n8b7stride64_combined/load50_uniform mode=0 recipe=1 blocks=32998 keys=33413 false_keys=645
account n8b7stride64_combined/load50_uniform mode=0 recipe=2 blocks=32998 keys=33413 false_keys=645
account n8b7stride64_combined/load50_uniform mode=1 recipe=0 blocks=33404 keys=712 false_keys=712
account n8b7stride64_combined/load50_uniform mode=1 recipe=1 blocks=33404 keys=712 false_keys=712
account n8b7stride64_combined/load50_uniform mode=1 recipe=2 blocks=33404 keys=712 false_keys=712
account n8b7stride64_combined/load50_uniform mode=2 recipe=0 blocks=33192 keys=17075 false_keys=691
account n8b7stride64_combined/load50_uniform mode=2 recipe=1 blocks=33192 keys=17075 false_keys=691
account n8b7stride64_combined/load50_uniform mode=2 recipe=2 blocks=33192 keys=17075 false_keys=691
account n8b7stride64_combined/load50_uniform mode=3 recipe=0 blocks=32998 keys=33413 false_keys=645
account n8b7stride64_combined/load50_uniform mode=3 recipe=1 blocks=32998 keys=33413 false_keys=645
account n8b7stride64_combined/load50_uniform mode=3 recipe=2 blocks=32998 keys=33413 false_keys=645
bucket n9b7stride76_combined/load50_uniform keys=4096 heads=911 blocks=920 overflow=9 encoded_allocation=70144
account n9b7stride76_combined/load50_uniform mode=0 recipe=0 blocks=32845 keys=33293 false_keys=525
account n9b7stride76_combined/load50_uniform mode=0 recipe=1 blocks=32845 keys=33293 false_keys=525
account n9b7stride76_combined/load50_uniform mode=1 recipe=0 blocks=33157 keys=1184 false_keys=1184
account n9b7stride76_combined/load50_uniform mode=1 recipe=1 blocks=33157 keys=1184 false_keys=1184
account n9b7stride76_combined/load50_uniform mode=2 recipe=0 blocks=33006 keys=17241 false_keys=857
account n9b7stride76_combined/load50_uniform mode=2 recipe=1 blocks=33006 keys=17241 false_keys=857
account n9b7stride76_combined/load50_uniform mode=3 recipe=0 blocks=32845 keys=33293 false_keys=525
account n9b7stride76_combined/load50_uniform mode=3 recipe=1 blocks=32845 keys=33293 false_keys=525
bucket n9b7stride96_combined/load50_uniform keys=4096 heads=911 blocks=920 overflow=9 encoded_allocation=88448
account n9b7stride96_combined/load50_uniform mode=0 recipe=0 blocks=32845 keys=33293 false_keys=525
account n9b7stride96_combined/load50_uniform mode=0 recipe=1 blocks=32845 keys=33293 false_keys=525
account n9b7stride96_combined/load50_uniform mode=1 recipe=0 blocks=33157 keys=1184 false_keys=1184
account n9b7stride96_combined/load50_uniform mode=1 recipe=1 blocks=33157 keys=1184 false_keys=1184
account n9b7stride96_combined/load50_uniform mode=2 recipe=0 blocks=33006 keys=17241 false_keys=857
account n9b7stride96_combined/load50_uniform mode=2 recipe=1 blocks=33006 keys=17241 false_keys=857
account n9b7stride96_combined/load50_uniform mode=3 recipe=0 blocks=32845 keys=33293 false_keys=525
account n9b7stride96_combined/load50_uniform mode=3 recipe=1 blocks=32845 keys=33293 false_keys=525
bucket n9b7stride62_split/load50_uniform keys=4096 heads=911 blocks=920 overflow=9 encoded_allocation=70016
account n9b7stride62_split/load50_uniform mode=0 recipe=0 blocks=32845 keys=33293 false_keys=525
account n9b7stride62_split/load50_uniform mode=0 recipe=1 blocks=32845 keys=33293 false_keys=525
account n9b7stride62_split/load50_uniform mode=0 recipe=2 blocks=32845 keys=33293 false_keys=525
account n9b7stride62_split/load50_uniform mode=1 recipe=0 blocks=33157 keys=1184 false_keys=1184
account n9b7stride62_split/load50_uniform mode=1 recipe=1 blocks=33157 keys=1184 false_keys=1184
account n9b7stride62_split/load50_uniform mode=1 recipe=2 blocks=33157 keys=1184 false_keys=1184
account n9b7stride62_split/load50_uniform mode=2 recipe=0 blocks=33006 keys=17241 false_keys=857
account n9b7stride62_split/load50_uniform mode=2 recipe=1 blocks=33006 keys=17241 false_keys=857
account n9b7stride62_split/load50_uniform mode=2 recipe=2 blocks=33006 keys=17241 false_keys=857
account n9b7stride62_split/load50_uniform mode=3 recipe=0 blocks=32845 keys=33293 false_keys=525
account n9b7stride62_split/load50_uniform mode=3 recipe=1 blocks=32845 keys=33293 false_keys=525
account n9b7stride62_split/load50_uniform mode=3 recipe=2 blocks=32845 keys=33293 false_keys=525
bucket n16b8stride120_combined/load50_uniform keys=4096 heads=512 blocks=514 overflow=2 encoded_allocation=61824
account n16b8stride120_combined/load50_uniform mode=0 recipe=0 blocks=32787 keys=33298 false_keys=530
account n16b8stride120_combined/load50_uniform mode=0 recipe=1 blocks=32787 keys=33298 false_keys=530
account n16b8stride120_combined/load50_uniform mode=1 recipe=0 blocks=32873 keys=866 false_keys=866
account n16b8stride120_combined/load50_uniform mode=1 recipe=1 blocks=32873 keys=866 false_keys=866
account n16b8stride120_combined/load50_uniform mode=2 recipe=0 blocks=32835 keys=17073 false_keys=689
account n16b8stride120_combined/load50_uniform mode=2 recipe=1 blocks=32835 keys=17073 false_keys=689
account n16b8stride120_combined/load50_uniform mode=3 recipe=0 blocks=32787 keys=33298 false_keys=530
account n16b8stride120_combined/load50_uniform mode=3 recipe=1 blocks=32787 keys=33298 false_keys=530
bucket n16b8stride128_combined/load50_uniform keys=4096 heads=512 blocks=514 overflow=2 encoded_allocation=65920
account n16b8stride128_combined/load50_uniform mode=0 recipe=0 blocks=32787 keys=33298 false_keys=530
account n16b8stride128_combined/load50_uniform mode=0 recipe=1 blocks=32787 keys=33298 false_keys=530
account n16b8stride128_combined/load50_uniform mode=1 recipe=0 blocks=32873 keys=866 false_keys=866
account n16b8stride128_combined/load50_uniform mode=1 recipe=1 blocks=32873 keys=866 false_keys=866
account n16b8stride128_combined/load50_uniform mode=2 recipe=0 blocks=32835 keys=17073 false_keys=689
account n16b8stride128_combined/load50_uniform mode=2 recipe=1 blocks=32835 keys=17073 false_keys=689
account n16b8stride128_combined/load50_uniform mode=3 recipe=0 blocks=32787 keys=33298 false_keys=530
account n16b8stride128_combined/load50_uniform mode=3 recipe=1 blocks=32787 keys=33298 false_keys=530
bucket n16b12stride128_combined/load50_uniform keys=4096 heads=512 blocks=514 overflow=2 encoded_allocation=65920
account n16b12stride128_combined/load50_uniform mode=0 recipe=0 blocks=32787 keys=32783 false_keys=15
account n16b12stride128_combined/load50_uniform mode=0 recipe=1 blocks=32787 keys=32783 false_keys=15
account n16b12stride128_combined/load50_uniform mode=1 recipe=0 blocks=32873 keys=80 false_keys=80
account n16b12stride128_combined/load50_uniform mode=1 recipe=1 blocks=32873 keys=80 false_keys=80
account n16b12stride128_combined/load50_uniform mode=2 recipe=0 blocks=32835 keys=16434 false_keys=50
account n16b12stride128_combined/load50_uniform mode=2 recipe=1 blocks=32835 keys=16434 false_keys=50
account n16b12stride128_combined/load50_uniform mode=3 recipe=0 blocks=32787 keys=32783 false_keys=15
account n16b12stride128_combined/load50_uniform mode=3 recipe=1 blocks=32787 keys=32783 false_keys=15
bucket n16b8stride104_split/load50_uniform keys=4096 heads=512 blocks=514 overflow=2 encoded_allocation=61824
account n16b8stride104_split/load50_uniform mode=0 recipe=0 blocks=32787 keys=33298 false_keys=530
account n16b8stride104_split/load50_uniform mode=0 recipe=1 blocks=32787 keys=33298 false_keys=530
account n16b8stride104_split/load50_uniform mode=0 recipe=2 blocks=32787 keys=33298 false_keys=530
account n16b8stride104_split/load50_uniform mode=1 recipe=0 blocks=32873 keys=866 false_keys=866
account n16b8stride104_split/load50_uniform mode=1 recipe=1 blocks=32873 keys=866 false_keys=866
account n16b8stride104_split/load50_uniform mode=1 recipe=2 blocks=32873 keys=866 false_keys=866
account n16b8stride104_split/load50_uniform mode=2 recipe=0 blocks=32835 keys=17073 false_keys=689
account n16b8stride104_split/load50_uniform mode=2 recipe=1 blocks=32835 keys=17073 false_keys=689
account n16b8stride104_split/load50_uniform mode=2 recipe=2 blocks=32835 keys=17073 false_keys=689
account n16b8stride104_split/load50_uniform mode=3 recipe=0 blocks=32787 keys=33298 false_keys=530
account n16b8stride104_split/load50_uniform mode=3 recipe=1 blocks=32787 keys=33298 false_keys=530
account n16b8stride104_split/load50_uniform mode=3 recipe=2 blocks=32787 keys=33298 false_keys=530
bucket n16b12stride104_split/load50_uniform keys=4096 heads=512 blocks=514 overflow=2 encoded_allocation=65920
account n16b12stride104_split/load50_uniform mode=0 recipe=0 blocks=32787 keys=32783 false_keys=15
account n16b12stride104_split/load50_uniform mode=0 recipe=1 blocks=32787 keys=32783 false_keys=15
account n16b12stride104_split/load50_uniform mode=0 recipe=2 blocks=32787 keys=32783 false_keys=15
account n16b12stride104_split/load50_uniform mode=1 recipe=0 blocks=32873 keys=80 false_keys=80
account n16b12stride104_split/load50_uniform mode=1 recipe=1 blocks=32873 keys=80 false_keys=80
account n16b12stride104_split/load50_uniform mode=1 recipe=2 blocks=32873 keys=80 false_keys=80
account n16b12stride104_split/load50_uniform mode=2 recipe=0 blocks=32835 keys=16434 false_keys=50
account n16b12stride104_split/load50_uniform mode=2 recipe=1 blocks=32835 keys=16434 false_keys=50
account n16b12stride104_split/load50_uniform mode=2 recipe=2 blocks=32835 keys=16434 false_keys=50
account n16b12stride104_split/load50_uniform mode=3 recipe=0 blocks=32787 keys=32783 false_keys=15
account n16b12stride104_split/load50_uniform mode=3 recipe=1 blocks=32787 keys=32783 false_keys=15
account n16b12stride104_split/load50_uniform mode=3 recipe=2 blocks=32787 keys=32783 false_keys=15
bucket n8b7stride63_combined/load90_uniform keys=4096 heads=569 blocks=749 overflow=180 encoded_allocation=47360
account n8b7stride63_combined/load90_uniform mode=0 recipe=0 blocks=36418 keys=33592 false_keys=824
account n8b7stride63_combined/load90_uniform mode=0 recipe=1 blocks=36418 keys=33592 false_keys=824
account n8b7stride63_combined/load90_uniform mode=0 recipe=2 blocks=36418 keys=33592 false_keys=824
account n8b7stride63_combined/load90_uniform mode=1 recipe=0 blocks=43021 keys=1667 false_keys=1667
account n8b7stride63_combined/load90_uniform mode=1 recipe=1 blocks=43021 keys=1667 false_keys=1667
account n8b7stride63_combined/load90_uniform mode=1 recipe=2 blocks=43021 keys=1667 false_keys=1667
account n8b7stride63_combined/load90_uniform mode=2 recipe=0 blocks=39648 keys=17634 false_keys=1250
account n8b7stride63_combined/load90_uniform mode=2 recipe=1 blocks=39648 keys=17634 false_keys=1250
account n8b7stride63_combined/load90_uniform mode=2 recipe=2 blocks=39648 keys=17634 false_keys=1250
account n8b7stride63_combined/load90_uniform mode=3 recipe=0 blocks=36418 keys=33592 false_keys=824
account n8b7stride63_combined/load90_uniform mode=3 recipe=1 blocks=36418 keys=33592 false_keys=824
account n8b7stride63_combined/load90_uniform mode=3 recipe=2 blocks=36418 keys=33592 false_keys=824
bucket n8b8stride64_combined/load90_uniform keys=4096 heads=569 blocks=749 overflow=180 encoded_allocation=48128
account n8b8stride64_combined/load90_uniform mode=0 recipe=0 blocks=36418 keys=33225 false_keys=457
account n8b8stride64_combined/load90_uniform mode=0 recipe=1 blocks=36418 keys=33225 false_keys=457
account n8b8stride64_combined/load90_uniform mode=0 recipe=2 blocks=36418 keys=33225 false_keys=457
account n8b8stride64_combined/load90_uniform mode=1 recipe=0 blocks=43021 keys=856 false_keys=856
account n8b8stride64_combined/load90_uniform mode=1 recipe=1 blocks=43021 keys=856 false_keys=856
account n8b8stride64_combined/load90_uniform mode=1 recipe=2 blocks=43021 keys=856 false_keys=856
account n8b8stride64_combined/load90_uniform mode=2 recipe=0 blocks=39648 keys=17057 false_keys=673
account n8b8stride64_combined/load90_uniform mode=2 recipe=1 blocks=39648 keys=17057 false_keys=673
account n8b8stride64_combined/load90_uniform mode=2 recipe=2 blocks=39648 keys=17057 false_keys=673
account n8b8stride64_combined/load90_uniform mode=3 recipe=0 blocks=36418 keys=33225 false_keys=457
account n8b8stride64_combined/load90_uniform mode=3 recipe=1 blocks=36418 keys=33225 false_keys=457
account n8b8stride64_combined/load90_uniform mode=3 recipe=2 blocks=36418 keys=33225 false_keys=457
bucket n8b7stride64_combined/load90_uniform keys=4096 heads=569 blocks=749 overflow=180 encoded_allocation=48128
account n8b7stride64_combined/load90_uniform mode=0 recipe=0 blocks=36418 keys=33592 false_keys=824
account n8b7stride64_combined/load90_uniform mode=0 recipe=1 blocks=36418 keys=33592 false_keys=824
account n8b7stride64_combined/load90_uniform mode=0 recipe=2 blocks=36418 keys=33592 false_keys=824
account n8b7stride64_combined/load90_uniform mode=1 recipe=0 blocks=43021 keys=1667 false_keys=1667
account n8b7stride64_combined/load90_uniform mode=1 recipe=1 blocks=43021 keys=1667 false_keys=1667
account n8b7stride64_combined/load90_uniform mode=1 recipe=2 blocks=43021 keys=1667 false_keys=1667
account n8b7stride64_combined/load90_uniform mode=2 recipe=0 blocks=39648 keys=17634 false_keys=1250
account n8b7stride64_combined/load90_uniform mode=2 recipe=1 blocks=39648 keys=17634 false_keys=1250
account n8b7stride64_combined/load90_uniform mode=2 recipe=2 blocks=39648 keys=17634 false_keys=1250
account n8b7stride64_combined/load90_uniform mode=3 recipe=0 blocks=36418 keys=33592 false_keys=824
account n8b7stride64_combined/load90_uniform mode=3 recipe=1 blocks=36418 keys=33592 false_keys=824
account n8b7stride64_combined/load90_uniform mode=3 recipe=2 blocks=36418 keys=33592 false_keys=824
bucket n9b7stride76_combined/load90_uniform keys=4096 heads=506 blocks=665 overflow=159 encoded_allocation=50688
account n9b7stride76_combined/load90_uniform mode=0 recipe=0 blocks=36387 keys=33842 false_keys=1074
account n9b7stride76_combined/load90_uniform mode=0 recipe=1 blocks=36387 keys=33842 false_keys=1074
account n9b7stride76_combined/load90_uniform mode=1 recipe=0 blocks=43128 keys=2108 false_keys=2108
account n9b7stride76_combined/load90_uniform mode=1 recipe=1 blocks=43128 keys=2108 false_keys=2108
account n9b7stride76_combined/load90_uniform mode=2 recipe=0 blocks=39776 keys=17964 false_keys=1580
account n9b7stride76_combined/load90_uniform mode=2 recipe=1 blocks=39776 keys=17964 false_keys=1580
account n9b7stride76_combined/load90_uniform mode=3 recipe=0 blocks=36387 keys=33842 false_keys=1074
account n9b7stride76_combined/load90_uniform mode=3 recipe=1 blocks=36387 keys=33842 false_keys=1074
bucket n9b7stride96_combined/load90_uniform keys=4096 heads=506 blocks=665 overflow=159 encoded_allocation=64000
account n9b7stride96_combined/load90_uniform mode=0 recipe=0 blocks=36387 keys=33842 false_keys=1074
account n9b7stride96_combined/load90_uniform mode=0 recipe=1 blocks=36387 keys=33842 false_keys=1074
account n9b7stride96_combined/load90_uniform mode=1 recipe=0 blocks=43128 keys=2108 false_keys=2108
account n9b7stride96_combined/load90_uniform mode=1 recipe=1 blocks=43128 keys=2108 false_keys=2108
account n9b7stride96_combined/load90_uniform mode=2 recipe=0 blocks=39776 keys=17964 false_keys=1580
account n9b7stride96_combined/load90_uniform mode=2 recipe=1 blocks=39776 keys=17964 false_keys=1580
account n9b7stride96_combined/load90_uniform mode=3 recipe=0 blocks=36387 keys=33842 false_keys=1074
account n9b7stride96_combined/load90_uniform mode=3 recipe=1 blocks=36387 keys=33842 false_keys=1074
bucket n9b7stride62_split/load90_uniform keys=4096 heads=506 blocks=665 overflow=159 encoded_allocation=50688
account n9b7stride62_split/load90_uniform mode=0 recipe=0 blocks=36387 keys=33842 false_keys=1074
account n9b7stride62_split/load90_uniform mode=0 recipe=1 blocks=36387 keys=33842 false_keys=1074
account n9b7stride62_split/load90_uniform mode=0 recipe=2 blocks=36387 keys=33842 false_keys=1074
account n9b7stride62_split/load90_uniform mode=1 recipe=0 blocks=43128 keys=2108 false_keys=2108
account n9b7stride62_split/load90_uniform mode=1 recipe=1 blocks=43128 keys=2108 false_keys=2108
account n9b7stride62_split/load90_uniform mode=1 recipe=2 blocks=43128 keys=2108 false_keys=2108
account n9b7stride62_split/load90_uniform mode=2 recipe=0 blocks=39776 keys=17964 false_keys=1580
account n9b7stride62_split/load90_uniform mode=2 recipe=1 blocks=39776 keys=17964 false_keys=1580
account n9b7stride62_split/load90_uniform mode=2 recipe=2 blocks=39776 keys=17964 false_keys=1580
account n9b7stride62_split/load90_uniform mode=3 recipe=0 blocks=36387 keys=33842 false_keys=1074
account n9b7stride62_split/load90_uniform mode=3 recipe=1 blocks=36387 keys=33842 false_keys=1074
account n9b7stride62_split/load90_uniform mode=3 recipe=2 blocks=36387 keys=33842 false_keys=1074
bucket n16b8stride120_combined/load90_uniform keys=4096 heads=285 blocks=356 overflow=71 encoded_allocation=42880
account n16b8stride120_combined/load90_uniform mode=0 recipe=0 blocks=34841 keys=33583 false_keys=815
account n16b8stride120_combined/load90_uniform mode=0 recipe=1 blocks=34841 keys=33583 false_keys=815
account n16b8stride120_combined/load90_uniform mode=1 recipe=0 blocks=40779 keys=1597 false_keys=1597
account n16b8stride120_combined/load90_uniform mode=1 recipe=1 blocks=40779 keys=1597 false_keys=1597
account n16b8stride120_combined/load90_uniform mode=2 recipe=0 blocks=37755 keys=17584 false_keys=1200
account n16b8stride120_combined/load90_uniform mode=2 recipe=1 blocks=37755 keys=17584 false_keys=1200
account n16b8stride120_combined/load90_uniform mode=3 recipe=0 blocks=34841 keys=33583 false_keys=815
account n16b8stride120_combined/load90_uniform mode=3 recipe=1 blocks=34841 keys=33583 false_keys=815
bucket n16b8stride128_combined/load90_uniform keys=4096 heads=285 blocks=356 overflow=71 encoded_allocation=45696
account n16b8stride128_combined/load90_uniform mode=0 recipe=0 blocks=34841 keys=33583 false_keys=815
account n16b8stride128_combined/load90_uniform mode=0 recipe=1 blocks=34841 keys=33583 false_keys=815
account n16b8stride128_combined/load90_uniform mode=1 recipe=0 blocks=40779 keys=1597 false_keys=1597
account n16b8stride128_combined/load90_uniform mode=1 recipe=1 blocks=40779 keys=1597 false_keys=1597
account n16b8stride128_combined/load90_uniform mode=2 recipe=0 blocks=37755 keys=17584 false_keys=1200
account n16b8stride128_combined/load90_uniform mode=2 recipe=1 blocks=37755 keys=17584 false_keys=1200
account n16b8stride128_combined/load90_uniform mode=3 recipe=0 blocks=34841 keys=33583 false_keys=815
account n16b8stride128_combined/load90_uniform mode=3 recipe=1 blocks=34841 keys=33583 false_keys=815
bucket n16b12stride128_combined/load90_uniform keys=4096 heads=285 blocks=356 overflow=71 encoded_allocation=45696
account n16b12stride128_combined/load90_uniform mode=0 recipe=0 blocks=34841 keys=32851 false_keys=83
account n16b12stride128_combined/load90_uniform mode=0 recipe=1 blocks=34841 keys=32851 false_keys=83
account n16b12stride128_combined/load90_uniform mode=1 recipe=0 blocks=40779 keys=55 false_keys=55
account n16b12stride128_combined/load90_uniform mode=1 recipe=1 blocks=40779 keys=55 false_keys=55
account n16b12stride128_combined/load90_uniform mode=2 recipe=0 blocks=37755 keys=16457 false_keys=73
account n16b12stride128_combined/load90_uniform mode=2 recipe=1 blocks=37755 keys=16457 false_keys=73
account n16b12stride128_combined/load90_uniform mode=3 recipe=0 blocks=34841 keys=32851 false_keys=83
account n16b12stride128_combined/load90_uniform mode=3 recipe=1 blocks=34841 keys=32851 false_keys=83
bucket n16b8stride104_split/load90_uniform keys=4096 heads=285 blocks=356 overflow=71 encoded_allocation=42880
account n16b8stride104_split/load90_uniform mode=0 recipe=0 blocks=34841 keys=33583 false_keys=815
account n16b8stride104_split/load90_uniform mode=0 recipe=1 blocks=34841 keys=33583 false_keys=815
account n16b8stride104_split/load90_uniform mode=0 recipe=2 blocks=34841 keys=33583 false_keys=815
account n16b8stride104_split/load90_uniform mode=1 recipe=0 blocks=40779 keys=1597 false_keys=1597
account n16b8stride104_split/load90_uniform mode=1 recipe=1 blocks=40779 keys=1597 false_keys=1597
account n16b8stride104_split/load90_uniform mode=1 recipe=2 blocks=40779 keys=1597 false_keys=1597
account n16b8stride104_split/load90_uniform mode=2 recipe=0 blocks=37755 keys=17584 false_keys=1200
account n16b8stride104_split/load90_uniform mode=2 recipe=1 blocks=37755 keys=17584 false_keys=1200
account n16b8stride104_split/load90_uniform mode=2 recipe=2 blocks=37755 keys=17584 false_keys=1200
account n16b8stride104_split/load90_uniform mode=3 recipe=0 blocks=34841 keys=33583 false_keys=815
account n16b8stride104_split/load90_uniform mode=3 recipe=1 blocks=34841 keys=33583 false_keys=815
account n16b8stride104_split/load90_uniform mode=3 recipe=2 blocks=34841 keys=33583 false_keys=815
bucket n16b12stride104_split/load90_uniform keys=4096 heads=285 blocks=356 overflow=71 encoded_allocation=45696
account n16b12stride104_split/load90_uniform mode=0 recipe=0 blocks=34841 keys=32851 false_keys=83
account n16b12stride104_split/load90_uniform mode=0 recipe=1 blocks=34841 keys=32851 false_keys=83
account n16b12stride104_split/load90_uniform mode=0 recipe=2 blocks=34841 keys=32851 false_keys=83
account n16b12stride104_split/load90_uniform mode=1 recipe=0 blocks=40779 keys=55 false_keys=55
account n16b12stride104_split/load90_uniform mode=1 recipe=1 blocks=40779 keys=55 false_keys=55
account n16b12stride104_split/load90_uniform mode=1 recipe=2 blocks=40779 keys=55 false_keys=55
account n16b12stride104_split/load90_uniform mode=2 recipe=0 blocks=37755 keys=16457 false_keys=73
account n16b12stride104_split/load90_uniform mode=2 recipe=1 blocks=37755 keys=16457 false_keys=73
account n16b12stride104_split/load90_uniform mode=2 recipe=2 blocks=37755 keys=16457 false_keys=73
account n16b12stride104_split/load90_uniform mode=3 recipe=0 blocks=34841 keys=32851 false_keys=83
account n16b12stride104_split/load90_uniform mode=3 recipe=1 blocks=34841 keys=32851 false_keys=83
account n16b12stride104_split/load90_uniform mode=3 recipe=2 blocks=34841 keys=32851 false_keys=83
bucket n8b7stride63_combined/load90_skew keys=4096 heads=569 blocks=1042 overflow=473 encoded_allocation=65792
account n8b7stride63_combined/load90_skew mode=0 recipe=0 blocks=136920 keys=39978 false_keys=7210
account n8b7stride63_combined/load90_skew mode=0 recipe=1 blocks=136920 keys=39978 false_keys=7210
account n8b7stride63_combined/load90_skew mode=0 recipe=2 blocks=136920 keys=39978 false_keys=7210
account n8b7stride63_combined/load90_skew mode=1 recipe=0 blocks=251728 keys=14414 false_keys=14414
account n8b7stride63_combined/load90_skew mode=1 recipe=1 blocks=251728 keys=14414 false_keys=14414
account n8b7stride63_combined/load90_skew mode=1 recipe=2 blocks=251728 keys=14414 false_keys=14414
account n8b7stride63_combined/load90_skew mode=2 recipe=0 blocks=194564 keys=27104 false_keys=10720
account n8b7stride63_combined/load90_skew mode=2 recipe=1 blocks=194564 keys=27104 false_keys=10720
account n8b7stride63_combined/load90_skew mode=2 recipe=2 blocks=194564 keys=27104 false_keys=10720
account n8b7stride63_combined/load90_skew mode=3 recipe=0 blocks=136920 keys=39978 false_keys=7210
account n8b7stride63_combined/load90_skew mode=3 recipe=1 blocks=136920 keys=39978 false_keys=7210
account n8b7stride63_combined/load90_skew mode=3 recipe=2 blocks=136920 keys=39978 false_keys=7210
bucket n8b8stride64_combined/load90_skew keys=4096 heads=569 blocks=1042 overflow=473 encoded_allocation=66816
account n8b8stride64_combined/load90_skew mode=0 recipe=0 blocks=136920 keys=36259 false_keys=3491
account n8b8stride64_combined/load90_skew mode=0 recipe=1 blocks=136920 keys=36259 false_keys=3491
account n8b8stride64_combined/load90_skew mode=0 recipe=2 blocks=136920 keys=36259 false_keys=3491
account n8b8stride64_combined/load90_skew mode=1 recipe=0 blocks=251728 keys=7039 false_keys=7039
account n8b8stride64_combined/load90_skew mode=1 recipe=1 blocks=251728 keys=7039 false_keys=7039
account n8b8stride64_combined/load90_skew mode=1 recipe=2 blocks=251728 keys=7039 false_keys=7039
account n8b8stride64_combined/load90_skew mode=2 recipe=0 blocks=194564 keys=21577 false_keys=5193
account n8b8stride64_combined/load90_skew mode=2 recipe=1 blocks=194564 keys=21577 false_keys=5193
account n8b8stride64_combined/load90_skew mode=2 recipe=2 blocks=194564 keys=21577 false_keys=5193
account n8b8stride64_combined/load90_skew mode=3 recipe=0 blocks=136920 keys=36259 false_keys=3491
account n8b8stride64_combined/load90_skew mode=3 recipe=1 blocks=136920 keys=36259 false_keys=3491
account n8b8stride64_combined/load90_skew mode=3 recipe=2 blocks=136920 keys=36259 false_keys=3491
bucket n8b7stride64_combined/load90_skew keys=4096 heads=569 blocks=1042 overflow=473 encoded_allocation=66816
account n8b7stride64_combined/load90_skew mode=0 recipe=0 blocks=136920 keys=39978 false_keys=7210
account n8b7stride64_combined/load90_skew mode=0 recipe=1 blocks=136920 keys=39978 false_keys=7210
account n8b7stride64_combined/load90_skew mode=0 recipe=2 blocks=136920 keys=39978 false_keys=7210
account n8b7stride64_combined/load90_skew mode=1 recipe=0 blocks=251728 keys=14414 false_keys=14414
account n8b7stride64_combined/load90_skew mode=1 recipe=1 blocks=251728 keys=14414 false_keys=14414
account n8b7stride64_combined/load90_skew mode=1 recipe=2 blocks=251728 keys=14414 false_keys=14414
account n8b7stride64_combined/load90_skew mode=2 recipe=0 blocks=194564 keys=27104 false_keys=10720
account n8b7stride64_combined/load90_skew mode=2 recipe=1 blocks=194564 keys=27104 false_keys=10720
account n8b7stride64_combined/load90_skew mode=2 recipe=2 blocks=194564 keys=27104 false_keys=10720
account n8b7stride64_combined/load90_skew mode=3 recipe=0 blocks=136920 keys=39978 false_keys=7210
account n8b7stride64_combined/load90_skew mode=3 recipe=1 blocks=136920 keys=39978 false_keys=7210
account n8b7stride64_combined/load90_skew mode=3 recipe=2 blocks=136920 keys=39978 false_keys=7210
bucket n9b7stride76_combined/load90_skew keys=4096 heads=506 blocks=927 overflow=421 encoded_allocation=70656
account n9b7stride76_combined/load90_skew mode=0 recipe=0 blocks=137376 keys=41173 false_keys=8405
account n9b7stride76_combined/load90_skew mode=0 recipe=1 blocks=137376 keys=41173 false_keys=8405
account n9b7stride76_combined/load90_skew mode=1 recipe=0 blocks=251681 keys=16994 false_keys=16994
account n9b7stride76_combined/load90_skew mode=1 recipe=1 blocks=251681 keys=16994 false_keys=16994
account n9b7stride76_combined/load90_skew mode=2 recipe=0 blocks=194480 keys=29034 false_keys=12650
account n9b7stride76_combined/load90_skew mode=2 recipe=1 blocks=194480 keys=29034 false_keys=12650
account n9b7stride76_combined/load90_skew mode=3 recipe=0 blocks=137376 keys=41173 false_keys=8405
account n9b7stride76_combined/load90_skew mode=3 recipe=1 blocks=137376 keys=41173 false_keys=8405
bucket n9b7stride96_combined/load90_skew keys=4096 heads=506 blocks=927 overflow=421 encoded_allocation=89216
account n9b7stride96_combined/load90_skew mode=0 recipe=0 blocks=137376 keys=41173 false_keys=8405
account n9b7stride96_combined/load90_skew mode=0 recipe=1 blocks=137376 keys=41173 false_keys=8405
account n9b7stride96_combined/load90_skew mode=1 recipe=0 blocks=251681 keys=16994 false_keys=16994
account n9b7stride96_combined/load90_skew mode=1 recipe=1 blocks=251681 keys=16994 false_keys=16994
account n9b7stride96_combined/load90_skew mode=2 recipe=0 blocks=194480 keys=29034 false_keys=12650
account n9b7stride96_combined/load90_skew mode=2 recipe=1 blocks=194480 keys=29034 false_keys=12650
account n9b7stride96_combined/load90_skew mode=3 recipe=0 blocks=137376 keys=41173 false_keys=8405
account n9b7stride96_combined/load90_skew mode=3 recipe=1 blocks=137376 keys=41173 false_keys=8405
bucket n9b7stride62_split/load90_skew keys=4096 heads=506 blocks=927 overflow=421 encoded_allocation=70656
account n9b7stride62_split/load90_skew mode=0 recipe=0 blocks=137376 keys=41173 false_keys=8405
account n9b7stride62_split/load90_skew mode=0 recipe=1 blocks=137376 keys=41173 false_keys=8405
account n9b7stride62_split/load90_skew mode=0 recipe=2 blocks=137376 keys=41173 false_keys=8405
account n9b7stride62_split/load90_skew mode=1 recipe=0 blocks=251681 keys=16994 false_keys=16994
account n9b7stride62_split/load90_skew mode=1 recipe=1 blocks=251681 keys=16994 false_keys=16994
account n9b7stride62_split/load90_skew mode=1 recipe=2 blocks=251681 keys=16994 false_keys=16994
account n9b7stride62_split/load90_skew mode=2 recipe=0 blocks=194480 keys=29034 false_keys=12650
account n9b7stride62_split/load90_skew mode=2 recipe=1 blocks=194480 keys=29034 false_keys=12650
account n9b7stride62_split/load90_skew mode=2 recipe=2 blocks=194480 keys=29034 false_keys=12650
account n9b7stride62_split/load90_skew mode=3 recipe=0 blocks=137376 keys=41173 false_keys=8405
account n9b7stride62_split/load90_skew mode=3 recipe=1 blocks=137376 keys=41173 false_keys=8405
account n9b7stride62_split/load90_skew mode=3 recipe=2 blocks=137376 keys=41173 false_keys=8405
bucket n16b8stride120_combined/load90_skew keys=4096 heads=285 blocks=522 overflow=237 encoded_allocation=62848
account n16b8stride120_combined/load90_skew mode=0 recipe=0 blocks=138622 keys=40083 false_keys=7315
account n16b8stride120_combined/load90_skew mode=0 recipe=1 blocks=138622 keys=40083 false_keys=7315
account n16b8stride120_combined/load90_skew mode=1 recipe=0 blocks=254563 keys=15338 false_keys=15338
account n16b8stride120_combined/load90_skew mode=1 recipe=1 blocks=254563 keys=15338 false_keys=15338
account n16b8stride120_combined/load90_skew mode=2 recipe=0 blocks=196453 keys=27685 false_keys=11301
account n16b8stride120_combined/load90_skew mode=2 recipe=1 blocks=196453 keys=27685 false_keys=11301
account n16b8stride120_combined/load90_skew mode=3 recipe=0 blocks=138622 keys=40083 false_keys=7315
account n16b8stride120_combined/load90_skew mode=3 recipe=1 blocks=138622 keys=40083 false_keys=7315
bucket n16b8stride128_combined/load90_skew keys=4096 heads=285 blocks=522 overflow=237 encoded_allocation=66944
account n16b8stride128_combined/load90_skew mode=0 recipe=0 blocks=138622 keys=40083 false_keys=7315
account n16b8stride128_combined/load90_skew mode=0 recipe=1 blocks=138622 keys=40083 false_keys=7315
account n16b8stride128_combined/load90_skew mode=1 recipe=0 blocks=254563 keys=15338 false_keys=15338
account n16b8stride128_combined/load90_skew mode=1 recipe=1 blocks=254563 keys=15338 false_keys=15338
account n16b8stride128_combined/load90_skew mode=2 recipe=0 blocks=196453 keys=27685 false_keys=11301
account n16b8stride128_combined/load90_skew mode=2 recipe=1 blocks=196453 keys=27685 false_keys=11301
account n16b8stride128_combined/load90_skew mode=3 recipe=0 blocks=138622 keys=40083 false_keys=7315
account n16b8stride128_combined/load90_skew mode=3 recipe=1 blocks=138622 keys=40083 false_keys=7315
bucket n16b12stride128_combined/load90_skew keys=4096 heads=285 blocks=522 overflow=237 encoded_allocation=66944
account n16b12stride128_combined/load90_skew mode=0 recipe=0 blocks=138622 keys=33298 false_keys=530
account n16b12stride128_combined/load90_skew mode=0 recipe=1 blocks=138622 keys=33298 false_keys=530
account n16b12stride128_combined/load90_skew mode=1 recipe=0 blocks=254563 keys=991 false_keys=991
account n16b12stride128_combined/load90_skew mode=1 recipe=1 blocks=254563 keys=991 false_keys=991
account n16b12stride128_combined/load90_skew mode=2 recipe=0 blocks=196453 keys=17168 false_keys=784
account n16b12stride128_combined/load90_skew mode=2 recipe=1 blocks=196453 keys=17168 false_keys=784
account n16b12stride128_combined/load90_skew mode=3 recipe=0 blocks=138622 keys=33298 false_keys=530
account n16b12stride128_combined/load90_skew mode=3 recipe=1 blocks=138622 keys=33298 false_keys=530
bucket n16b8stride104_split/load90_skew keys=4096 heads=285 blocks=522 overflow=237 encoded_allocation=62848
account n16b8stride104_split/load90_skew mode=0 recipe=0 blocks=138622 keys=40083 false_keys=7315
account n16b8stride104_split/load90_skew mode=0 recipe=1 blocks=138622 keys=40083 false_keys=7315
account n16b8stride104_split/load90_skew mode=0 recipe=2 blocks=138622 keys=40083 false_keys=7315
account n16b8stride104_split/load90_skew mode=1 recipe=0 blocks=254563 keys=15338 false_keys=15338
account n16b8stride104_split/load90_skew mode=1 recipe=1 blocks=254563 keys=15338 false_keys=15338
account n16b8stride104_split/load90_skew mode=1 recipe=2 blocks=254563 keys=15338 false_keys=15338
account n16b8stride104_split/load90_skew mode=2 recipe=0 blocks=196453 keys=27685 false_keys=11301
account n16b8stride104_split/load90_skew mode=2 recipe=1 blocks=196453 keys=27685 false_keys=11301
account n16b8stride104_split/load90_skew mode=2 recipe=2 blocks=196453 keys=27685 false_keys=11301
account n16b8stride104_split/load90_skew mode=3 recipe=0 blocks=138622 keys=40083 false_keys=7315
account n16b8stride104_split/load90_skew mode=3 recipe=1 blocks=138622 keys=40083 false_keys=7315
account n16b8stride104_split/load90_skew mode=3 recipe=2 blocks=138622 keys=40083 false_keys=7315
bucket n16b12stride104_split/load90_skew keys=4096 heads=285 blocks=522 overflow=237 encoded_allocation=66944
account n16b12stride104_split/load90_skew mode=0 recipe=0 blocks=138622 keys=33298 false_keys=530
account n16b12stride104_split/load90_skew mode=0 recipe=1 blocks=138622 keys=33298 false_keys=530
account n16b12stride104_split/load90_skew mode=0 recipe=2 blocks=138622 keys=33298 false_keys=530
account n16b12stride104_split/load90_skew mode=1 recipe=0 blocks=254563 keys=991 false_keys=991
account n16b12stride104_split/load90_skew mode=1 recipe=1 blocks=254563 keys=991 false_keys=991
account n16b12stride104_split/load90_skew mode=1 recipe=2 blocks=254563 keys=991 false_keys=991
account n16b12stride104_split/load90_skew mode=2 recipe=0 blocks=196453 keys=17168 false_keys=784
account n16b12stride104_split/load90_skew mode=2 recipe=1 blocks=196453 keys=17168 false_keys=784
account n16b12stride104_split/load90_skew mode=2 recipe=2 blocks=196453 keys=17168 false_keys=784
account n16b12stride104_split/load90_skew mode=3 recipe=0 blocks=138622 keys=33298 false_keys=530
account n16b12stride104_split/load90_skew mode=3 recipe=1 blocks=138622 keys=33298 false_keys=530
account n16b12stride104_split/load90_skew mode=3 recipe=2 blocks=138622 keys=33298 false_keys=530
