bucket n8b7stride63_combined/load50_uniform keys=137 heads=35 blocks=37 overflow=2 encoded_allocation=2560
bucket n8b8stride64_combined/load50_uniform keys=137 heads=35 blocks=37 overflow=2 encoded_allocation=2560
bucket n8b7stride64_combined/load50_uniform keys=137 heads=35 blocks=37 overflow=2 encoded_allocation=2560
bucket n9b7stride76_combined/load50_uniform keys=137 heads=31 blocks=31 overflow=0 encoded_allocation=2560
bucket n9b7stride96_combined/load50_uniform keys=137 heads=31 blocks=31 overflow=0 encoded_allocation=3200
bucket n9b7stride62_split/load50_uniform keys=137 heads=31 blocks=31 overflow=0 encoded_allocation=2560
bucket n16b8stride120_combined/load50_uniform keys=137 heads=18 blocks=18 overflow=0 encoded_allocation=2304
bucket n16b8stride128_combined/load50_uniform keys=137 heads=18 blocks=18 overflow=0 encoded_allocation=2432
bucket n16b12stride128_combined/load50_uniform keys=137 heads=18 blocks=18 overflow=0 encoded_allocation=2432
bucket n16b8stride104_split/load50_uniform keys=137 heads=18 blocks=18 overflow=0 encoded_allocation=2304
bucket n16b12stride104_split/load50_uniform keys=137 heads=18 blocks=18 overflow=0 encoded_allocation=2432
bucket n8b7stride63_combined/load50_skew keys=137 heads=35 blocks=51 overflow=16 encoded_allocation=3456
bucket n8b8stride64_combined/load50_skew keys=137 heads=35 blocks=51 overflow=16 encoded_allocation=3456
bucket n8b7stride64_combined/load50_skew keys=137 heads=35 blocks=51 overflow=16 encoded_allocation=3456
bucket n9b7stride76_combined/load50_skew keys=137 heads=31 blocks=44 overflow=13 encoded_allocation=3584
bucket n9b7stride96_combined/load50_skew keys=137 heads=31 blocks=44 overflow=13 encoded_allocation=4352
bucket n9b7stride62_split/load50_skew keys=137 heads=31 blocks=44 overflow=13 encoded_allocation=3456
bucket n16b8stride120_combined/load50_skew keys=137 heads=18 blocks=25 overflow=7 encoded_allocation=3200
bucket n16b8stride128_combined/load50_skew keys=137 heads=18 blocks=25 overflow=7 encoded_allocation=3328
bucket n16b12stride128_combined/load50_skew keys=137 heads=18 blocks=25 overflow=7 encoded_allocation=3328
bucket n16b8stride104_split/load50_skew keys=137 heads=18 blocks=25 overflow=7 encoded_allocation=3200
bucket n16b12stride104_split/load50_skew keys=137 heads=18 blocks=25 overflow=7 encoded_allocation=3328
bucket n8b7stride63_combined/load90_uniform keys=137 heads=20 blocks=27 overflow=7 encoded_allocation=1920
bucket n8b8stride64_combined/load90_uniform keys=137 heads=20 blocks=27 overflow=7 encoded_allocation=1920
bucket n8b7stride64_combined/load90_uniform keys=137 heads=20 blocks=27 overflow=7 encoded_allocation=1920
bucket n9b7stride76_combined/load90_uniform keys=137 heads=17 blocks=22 overflow=5 encoded_allocation=1920
bucket n9b7stride96_combined/load90_uniform keys=137 heads=17 blocks=22 overflow=5 encoded_allocation=2304
bucket n9b7stride62_split/load90_uniform keys=137 heads=17 blocks=22 overflow=5 encoded_allocation=1792
bucket n16b8stride120_combined/load90_uniform keys=137 heads=10 blocks=12 overflow=2 encoded_allocation=1664
bucket n16b8stride128_combined/load90_uniform keys=137 heads=10 blocks=12 overflow=2 encoded_allocation=1664
bucket n16b12stride128_combined/load90_uniform keys=137 heads=10 blocks=12 overflow=2 encoded_allocation=1664
bucket n16b8stride104_split/load90_uniform keys=137 heads=10 blocks=12 overflow=2 encoded_allocation=1536
bucket n16b12stride104_split/load90_uniform keys=137 heads=10 blocks=12 overflow=2 encoded_allocation=1664
bucket n8b7stride63_combined/load90_skew keys=137 heads=20 blocks=36 overflow=16 encoded_allocation=2432
bucket n8b8stride64_combined/load90_skew keys=137 heads=20 blocks=36 overflow=16 encoded_allocation=2432
bucket n8b7stride64_combined/load90_skew keys=137 heads=20 blocks=36 overflow=16 encoded_allocation=2432
bucket n9b7stride76_combined/load90_skew keys=137 heads=17 blocks=31 overflow=14 encoded_allocation=2560
bucket n9b7stride96_combined/load90_skew keys=137 heads=17 blocks=31 overflow=14 encoded_allocation=3200
bucket n9b7stride62_split/load90_skew keys=137 heads=17 blocks=31 overflow=14 encoded_allocation=2560
bucket n16b8stride120_combined/load90_skew keys=137 heads=10 blocks=18 overflow=8 encoded_allocation=2304
bucket n16b8stride128_combined/load90_skew keys=137 heads=10 blocks=18 overflow=8 encoded_allocation=2432
bucket n16b12stride128_combined/load90_skew keys=137 heads=10 blocks=18 overflow=8 encoded_allocation=2432
bucket n16b8stride104_split/load90_skew keys=137 heads=10 blocks=18 overflow=8 encoded_allocation=2304
bucket n16b12stride104_split/load90_skew keys=137 heads=10 blocks=18 overflow=8 encoded_allocation=2432
Bucket: exact hit/miss/overflow/update results, Local wire cross-checks and admission counterexample passed.
