bucket n8b7stride63_combined/load50_uniform keys=262144 heads=65536 blocks=66937 overflow=1401 encoded_allocation=4217216
account n8b7stride63_combined/load50_uniform mode=0 recipe=0 blocks=264268 keys=266297 false_keys=4153
account n8b7stride63_combined/load50_uniform mode=0 recipe=1 blocks=264268 keys=266297 false_keys=4153
account n8b7stride63_combined/load50_uniform mode=0 recipe=2 blocks=264268 keys=266297 false_keys=4153
account n8b7stride63_combined/load50_uniform mode=1 recipe=0 blocks=267591 keys=7990 false_keys=7990
account n8b7stride63_combined/load50_uniform mode=1 recipe=1 blocks=267591 keys=7990 false_keys=7990
account n8b7stride63_combined/load50_uniform mode=1 recipe=2 blocks=267591 keys=7990 false_keys=7990
account n8b7stride63_combined/load50_uniform mode=2 recipe=0 blocks=265942 keys=137134 false_keys=6062
account n8b7stride63_combined/load50_uniform mode=2 recipe=1 blocks=265942 keys=137134 false_keys=6062
account n8b7stride63_combined/load50_uniform mode=2 recipe=2 blocks=265942 keys=137134 false_keys=6062
account n8b7stride63_combined/load50_uniform mode=3 recipe=0 blocks=264268 keys=266297 false_keys=4153
account n8b7stride63_combined/load50_uniform mode=3 recipe=1 blocks=264268 keys=266297 false_keys=4153
account n8b7stride63_combined/load50_uniform mode=3 recipe=2 blocks=264268 keys=266297 false_keys=4153
bucket n8b8stride64_combined/load50_uniform keys=262144 heads=65536 blocks=66937 overflow=1401 encoded_allocation=4284160
account n8b8stride64_combined/load50_uniform mode=0 recipe=0 blocks=264268 keys=264234 false_keys=2090
account n8b8stride64_combined/load50_uniform mode=0 recipe=1 blocks=264268 keys=264234 false_keys=2090
account n8b8stride64_combined/load50_uniform mode=0 recipe=2 blocks=264268 keys=264234 false_keys=2090
account n8b8stride64_combined/load50_uniform mode=1 recipe=0 blocks=267591 keys=3997 false_keys=3997
account n8b8stride64_combined/load50_uniform mode=1 recipe=1 blocks=267591 keys=3997 false_keys=3997
account n8b8stride64_combined/load50_uniform mode=1 recipe=2 blocks=267591 keys=3997 false_keys=3997
account n8b8stride64_combined/load50_uniform mode=2 recipe=0 blocks=265942 keys=134157 false_keys=3085
account n8b8stride64_combined/load50_uniform mode=2 recipe=1 blocks=265942 keys=134157 false_keys=3085
account n8b8stride64_combined/load50_uniform mode=2 recipe=2 blocks=265942 keys=134157 false_keys=3085
account n8b8stride64_combined/load50_uniform mode=3 recipe=0 blocks=264268 keys=264234 false_keys=2090
account n8b8stride64_combined/load50_uniform mode=3 recipe=1 blocks=264268 keys=264234 false_keys=2090
account n8b8stride64_combined/load50_uniform mode=3 recipe=2 blocks=264268 keys=264234 false_keys=2090
bucket n8b7stride64_combined/load50_uniform keys=262144 heads=65536 blocks=66937 overflow=1401 encoded_allocation=4284160
account n8b7stride64_combined/load50_uniform mode=0 recipe=0 blocks=264268 keys=266297 false_keys=4153
account n8b7stride64_combined/load50_uniform mode=0 recipe=1 blocks=264268 keys=266297 false_keys=4153
account n8b7stride64_combined/load50_uniform mode=0 recipe=2 blocks=264268 keys=266297 false_keys=4153
account n8b7stride64_combined/load50_uniform mode=1 recipe=0 blocks=267591 keys=7990 false_keys=7990
account n8b7stride64_combined/load50_uniform mode=1 recipe=1 blocks=267591 keys=7990 false_keys=7990
account n8b7stride64_combined/load50_uniform mode=1 recipe=2 blocks=267591 keys=7990 false_keys=7990
account n8b7stride64_combined/load50_uniform mode=2 recipe=0 blocks=265942 keys=137134 false_keys=6062
account n8b7stride64_combined/load50_uniform mode=2 recipe=1 blocks=265942 keys=137134 false_keys=6062
account n8b7stride64_combined/load50_uniform mode=2 recipe=2 blocks=265942 keys=137134 false_keys=6062
account n8b7stride64_combined/load50_uniform mode=3 recipe=0 blocks=264268 keys=266297 false_keys=4153
account n8b7stride64_combined/load50_uniform mode=3 recipe=1 blocks=264268 keys=266297 false_keys=4153
account n8b7stride64_combined/load50_uniform mode=3 recipe=2 blocks=264268 keys=266297 false_keys=4153
bucket n9b7stride76_combined/load50_uniform keys=262144 heads=58255 blocks=59280 overflow=1025 encoded_allocation=4505472
account n9b7stride76_combined/load50_uniform mode=0 recipe=0 blocks=263718 keys=266763 false_keys=4619
account n9b7stride76_combined/load50_uniform mode=0 recipe=1 blocks=263718 keys=266763 false_keys=4619
account n9b7stride76_combined/load50_uniform mode=1 recipe=0 blocks=266811 keys=9188 false_keys=9188
account n9b7stride76_combined/load50_uniform mode=1 recipe=1 blocks=266811 keys=9188 false_keys=9188
account n9b7stride76_combined/load50_uniform mode=2 recipe=0 blocks=265219 keys=137913 false_keys=6841
account n9b7stride76_combined/load50_uniform mode=2 recipe=1 blocks=265219 keys=137913 false_keys=6841
account n9b7stride76_combined/load50_uniform mode=3 recipe=0 blocks=263718 keys=266763 false_keys=4619
account n9b7stride76_combined/load50_uniform mode=3 recipe=1 blocks=263718 keys=266763 false_keys=4619
bucket n9b7stride96_combined/load50_uniform keys=262144 heads=58255 blocks=59280 overflow=1025 encoded_allocation=5691008
account n9b7stride96_combined/load50_uniform mode=0 recipe=0 blocks=263718 keys=266763 false_keys=4619
account n9b7stride96_combined/load50_uniform mode=0 recipe=1 blocks=263718 keys=266763 false_keys=4619
account n9b7stride96_combined/load50_uniform mode=1 recipe=0 blocks=266811 keys=9188 false_keys=9188
account n9b7stride96_combined/load50_uniform mode=1 recipe=1 blocks=266811 keys=9188 false_keys=9188
account n9b7stride96_combined/load50_uniform mode=2 recipe=0 blocks=265219 keys=137913 false_keys=6841
account n9b7stride96_combined/load50_uniform mode=2 recipe=1 blocks=265219 keys=137913 false_keys=6841
account n9b7stride96_combined/load50_uniform mode=3 recipe=0 blocks=263718 keys=266763 false_keys=4619
account n9b7stride96_combined/load50_uniform mode=3 recipe=1 blocks=263718 keys=266763 false_keys=4619
bucket n9b7stride62_split/load50_uniform keys=262144 heads=58255 blocks=59280 overflow=1025 encoded_allocation=4505344
account n9b7stride62_split/load50_uniform mode=0 recipe=0 blocks=263718 keys=266763 false_keys=4619
account n9b7stride62_split/load50_uniform mode=0 recipe=1 blocks=263718 keys=266763 false_keys=4619
account n9b7stride62_split/load50_uniform mode=0 recipe=2 blocks=263718 keys=266763 false_keys=4619
account n9b7stride62_split/load50_uniform mode=1 recipe=0 blocks=266811 keys=9188 false_keys=9188
account n9b7stride62_split/load50_uniform mode=1 recipe=1 blocks=266811 keys=9188 false_keys=9188
account n9b7stride62_split/load50_uniform mode=1 recipe=2 blocks=266811 keys=9188 false_keys=9188
account n9b7stride62_split/load50_uniform mode=2 recipe=0 blocks=265219 keys=137913 false_keys=6841
account n9b7stride62_split/load50_uniform mode=2 recipe=1 blocks=265219 keys=137913 false_keys=6841
account n9b7stride62_split/load50_uniform mode=2 recipe=2 blocks=265219 keys=137913 false_keys=6841
account n9b7stride62_split/load50_uniform mode=3 recipe=0 blocks=263718 keys=266763 false_keys=4619
account n9b7stride62_split/load50_uniform mode=3 recipe=1 blocks=263718 keys=266763 false_keys=4619
account n9b7stride62_split/load50_uniform mode=3 recipe=2 blocks=263718 keys=266763 false_keys=4619
bucket n16b8stride120_combined/load50_uniform keys=262144 heads=32768 blocks=32887 overflow=119 encoded_allocation=3946624
account n16b8stride120_combined/load50_uniform mode=0 recipe=0 blocks=262351 keys=266368 false_keys=4224
account n16b8stride120_combined/load50_uniform mode=0 recipe=1 blocks=262351 keys=266368 false_keys=4224
account n16b8stride120_combined/load50_uniform mode=1 recipe=0 blocks=263053 keys=7951 false_keys=7951
account n16b8stride120_combined/load50_uniform mode=1 recipe=1 blocks=263053 keys=7951 false_keys=7951
account n16b8stride120_combined/load50_uniform mode=2 recipe=0 blocks=262730 keys=137331 false_keys=6259
account n16b8stride120_combined/load50_uniform mode=2 recipe=1 blocks=262730 keys=137331 false_keys=6259
account n16b8stride120_combined/load50_uniform mode=3 recipe=0 blocks=262351 keys=266368 false_keys=4224
account n16b8stride120_combined/load50_uniform mode=3 recipe=1 blocks=262351 keys=266368 false_keys=4224
bucket n16b8stride128_combined/load50_uniform keys=262144 heads=32768 blocks=32887 overflow=119 encoded_allocation=4209664
account n16b8stride128_combined/load50_uniform mode=0 recipe=0 blocks=262351 keys=266368 false_keys=4224
account n16b8stride128_combined/load50_uniform mode=0 recipe=1 blocks=262351 keys=266368 false_keys=4224
account n16b8stride128_combined/load50_uniform mode=1 recipe=0 blocks=263053 keys=7951 false_keys=7951
account n16b8stride128_combined/load50_uniform mode=1 recipe=1 blocks=263053 keys=7951 false_keys=7951
account n16b8stride128_combined/load50_uniform mode=2 recipe=0 blocks=262730 keys=137331 false_keys=6259
account n16b8stride128_combined/load50_uniform mode=2 recipe=1 blocks=262730 keys=137331 false_keys=6259
account n16b8stride128_combined/load50_uniform mode=3 recipe=0 blocks=262351 keys=266368 false_keys=4224
account n16b8stride128_combined/load50_uniform mode=3 recipe=1 blocks=262351 keys=266368 false_keys=4224
bucket n16b12stride128_combined/load50_uniform keys=262144 heads=32768 blocks=32887 overflow=119 encoded_allocation=4209664
account n16b12stride128_combined/load50_uniform mode=0 recipe=0 blocks=262351 keys=262405 false_keys=261
account n16b12stride128_combined/load50_uniform mode=0 recipe=1 blocks=262351 keys=262405 false_keys=261
account n16b12stride128_combined/load50_uniform mode=1 recipe=0 blocks=263053 keys=515 false_keys=515
account n16b12stride128_combined/load50_uniform mode=1 recipe=1 blocks=263053 keys=515 false_keys=515
account n16b12stride128_combined/load50_uniform mode=2 recipe=0 blocks=262730 keys=131468 false_keys=396
account n16b12stride128_combined/load50_uniform mode=2 recipe=1 blocks=262730 keys=131468 false_keys=396
account n16b12stride128_combined/load50_uniform mode=3 recipe=0 blocks=262351 keys=262405 false_keys=261
account n16b12stride128_combined/load50_uniform mode=3 recipe=1 blocks=262351 keys=262405 false_keys=261
bucket n16b8stride104_split/load50_uniform keys=262144 heads=32768 blocks=32887 overflow=119 encoded_allocation=3946496
account n16b8stride104_split/load50_uniform mode=0 recipe=0 blocks=262351 keys=266368 false_keys=4224
account n16b8stride104_split/load50_uniform mode=0 recipe=1 blocks=262351 keys=266368 false_keys=4224
account n16b8stride104_split/load50_uniform mode=0 recipe=2 blocks=262351 keys=266368 false_keys=4224
account n16b8stride104_split/load50_uniform mode=1 recipe=0 blocks=263053 keys=7951 false_keys=7951
account n16b8stride104_split/load50_uniform mode=1 recipe=1 blocks=263053 keys=7951 false_keys=7951
account n16b8stride104_split/load50_uniform mode=1 recipe=2 blocks=263053 keys=7951 false_keys=7951
account n16b8stride104_split/load50_uniform mode=2 recipe=0 blocks=262730 keys=137331 false_keys=6259
account n16b8stride104_split/load50_uniform mode=2 recipe=1 blocks=262730 keys=137331 false_keys=6259
account n16b8stride104_split/load50_uniform mode=2 recipe=2 blocks=262730 keys=137331 false_keys=6259
account n16b8stride104_split/load50_uniform mode=3 recipe=0 blocks=262351 keys=266368 false_keys=4224
account n16b8stride104_split/load50_uniform mode=3 recipe=1 blocks=262351 keys=266368 false_keys=4224
account n16b8stride104_split/load50_uniform mode=3 recipe=2 blocks=262351 keys=266368 false_keys=4224
bucket n16b12stride104_split/load50_uniform keys=262144 heads=32768 blocks=32887 overflow=119 encoded_allocation=4209664
account n16b12stride104_split/load50_uniform mode=0 recipe=0 blocks=262351 keys=262405 false_keys=261
account n16b12stride104_split/load50_uniform mode=0 recipe=1 blocks=262351 keys=262405 false_keys=261
account n16b12stride104_split/load50_uniform mode=0 recipe=2 blocks=262351 keys=262405 false_keys=261
account n16b12stride104_split/load50_uniform mode=1 recipe=0 blocks=263053 keys=515 false_keys=515
account n16b12stride104_split/load50_uniform mode=1 recipe=1 blocks=263053 keys=515 false_keys=515
account n16b12stride104_split/load50_uniform mode=1 recipe=2 blocks=263053 keys=515 false_keys=515
account n16b12stride104_split/load50_uniform mode=2 recipe=0 blocks=262730 keys=131468 false_keys=396
account n16b12stride104_split/load50_uniform mode=2 recipe=1 blocks=262730 keys=131468 false_keys=396
account n16b12stride104_split/load50_uniform mode=2 recipe=2 blocks=262730 keys=131468 false_keys=396
account n16b12stride104_split/load50_uniform mode=3 recipe=0 blocks=262351 keys=262405 false_keys=261
account n16b12stride104_split/load50_uniform mode=3 recipe=1 blocks=262351 keys=262405 false_keys=261
account n16b12stride104_split/load50_uniform mode=3 recipe=2 blocks=262351 keys=262405 false_keys=261
bucket n8b7stride63_combined/load90_uniform keys=262144 heads=36409 blocks=47325 overflow=10916 encoded_allocation=2981632
account n8b7stride63_combined/load90_uniform mode=0 recipe=0 blocks=288719 keys=269514 false_keys=7370
account n8b7stride63_combined/load90_uniform mode=0 recipe=1 blocks=288719 keys=269514 false_keys=7370
account n8b7stride63_combined/load90_uniform mode=0 recipe=2 blocks=288719 keys=269514 false_keys=7370
account n8b7stride63_combined/load90_uniform mode=1 recipe=0 blocks=341038 keys=14779 false_keys=14779
account n8b7stride63_combined/load90_uniform mode=1 recipe=1 blocks=341038 keys=14779 false_keys=14779
account n8b7stride63_combined/load90_uniform mode=1 recipe=2 blocks=341038 keys=14779 false_keys=14779
account n8b7stride63_combined/load90_uniform mode=2 recipe=0 blocks=315281 keys=142097 false_keys=11025
account n8b7stride63_combined/load90_uniform mode=2 recipe=1 blocks=315281 keys=142097 false_keys=11025
account n8b7stride63_combined/load90_uniform mode=2 recipe=2 blocks=315281 keys=142097 false_keys=11025
account n8b7stride63_combined/load90_uniform mode=3 recipe=0 blocks=288719 keys=269514 false_keys=7370
account n8b7stride63_combined/load90_uniform mode=3 recipe=1 blocks=288719 keys=269514 false_keys=7370
account n8b7stride63_combined/load90_uniform mode=3 recipe=2 blocks=288719 keys=269514 false_keys=7370
bucket n8b8stride64_combined/load90_uniform keys=262144 heads=36409 blocks=47325 overflow=10916 encoded_allocation=3028992
account n8b8stride64_combined/load90_uniform mode=0 recipe=0 blocks=288719 keys=265766 false_keys=3622
account n8b8stride64_combined/load90_uniform mode=0 recipe=1 blocks=288719 keys=265766 false_keys=3622
account n8b8stride64_combined/load90_uniform mode=0 recipe=2 blocks=288719 keys=265766 false_keys=3622
account n8b8stride64_combined/load90_uniform mode=1 recipe=0 blocks=341038 keys=7542 false_keys=7542
account n8b8stride64_combined/load90_uniform mode=1 recipe=1 blocks=341038 keys=7542 false_keys=7542
account n8b8stride64_combined/load90_uniform mode=1 recipe=2 blocks=341038 keys=7542 false_keys=7542
account n8b8stride64_combined/load90_uniform mode=2 recipe=0 blocks=315281 keys=136641 false_keys=5569
account n8b8stride64_combined/load90_uniform mode=2 recipe=1 blocks=315281 keys=136641 false_keys=5569
account n8b8stride64_combined/load90_uniform mode=2 recipe=2 blocks=315281 keys=136641 false_keys=5569
account n8b8stride64_combined/load90_uniform mode=3 recipe=0 blocks=288719 keys=265766 false_keys=3622
account n8b8stride64_combined/load90_uniform mode=3 recipe=1 blocks=288719 keys=265766 false_keys=3622
account n8b8stride64_combined/load90_uniform mode=3 recipe=2 blocks=288719 keys=265766 false_keys=3622
bucket n8b7stride64_combined/load90_uniform keys=262144 heads=36409 blocks=47325 overflow=10916 encoded_allocation=3028992
account n8b7stride64_combined/load90_uniform mode=0 recipe=0 blocks=288719 keys=269514 false_keys=7370
account n8b7stride64_combined/load90_uniform mode=0 recipe=1 blocks=288719 keys=269514 false_keys=7370
account n8b7stride64_combined/load90_uniform mode=0 recipe=2 blocks=288719 keys=269514 false_keys=7370
account n8b7stride64_combined/load90_uniform mode=1 recipe=0 blocks=341038 keys=14779 false_keys=14779
account n8b7stride64_combined/load90_uniform mode=1 recipe=1 blocks=341038 keys=14779 false_keys=14779
account n8b7stride64_combined/load90_uniform mode=1 recipe=2 blocks=341038 keys=14779 false_keys=14779
account n8b7stride64_combined/load90_uniform mode=2 recipe=0 blocks=315281 keys=142097 false_keys=11025
account n8b7stride64_combined/load90_uniform mode=2 recipe=1 blocks=315281 keys=142097 false_keys=11025
account n8b7stride64_combined/load90_uniform mode=2 recipe=2 blocks=315281 keys=142097 false_keys=11025
account n8b7stride64_combined/load90_uniform mode=3 recipe=0 blocks=288719 keys=269514 false_keys=7370
account n8b7stride64_combined/load90_uniform mode=3 recipe=1 blocks=288719 keys=269514 false_keys=7370
account n8b7stride64_combined/load90_uniform mode=3 recipe=2 blocks=288719 keys=269514 false_keys=7370
bucket n9b7stride76_combined/load90_uniform keys=262144 heads=32364 blocks=41986 overflow=9622 encoded_allocation=3191168
account n9b7stride76_combined/load90_uniform mode=0 recipe=0 blocks=286825 keys=270505 false_keys=8361
account n9b7stride76_combined/load90_uniform mode=0 recipe=1 blocks=286825 keys=270505 false_keys=8361
account n9b7stride76_combined/load90_uniform mode=1 recipe=0 blocks=340126 keys=16632 false_keys=16632
account n9b7stride76_combined/load90_uniform mode=1 recipe=1 blocks=340126 keys=16632 false_keys=16632
account n9b7stride76_combined/load90_uniform mode=2 recipe=0 blocks=313577 keys=143470 false_keys=12398
account n9b7stride76_combined/load90_uniform mode=2 recipe=1 blocks=313577 keys=143470 false_keys=12398
account n9b7stride76_combined/load90_uniform mode=3 recipe=0 blocks=286825 keys=270505 false_keys=8361
account n9b7stride76_combined/load90_uniform mode=3 recipe=1 blocks=286825 keys=270505 false_keys=8361
bucket n9b7stride96_combined/load90_uniform keys=262144 heads=32364 blocks=41986 overflow=9622 encoded_allocation=4030848
account n9b7stride96_combined/load90_uniform mode=0 recipe=0 blocks=286825 keys=270505 false_keys=8361
account n9b7stride96_combined/load90_uniform mode=0 recipe=1 blocks=286825 keys=270505 false_keys=8361
account n9b7stride96_combined/load90_uniform mode=1 recipe=0 blocks=340126 keys=16632 false_keys=16632
account n9b7stride96_combined/load90_uniform mode=1 recipe=1 blocks=340126 keys=16632 false_keys=16632
account n9b7stride96_combined/load90_uniform mode=2 recipe=0 blocks=313577 keys=143470 false_keys=12398
account n9b7stride96_combined/load90_uniform mode=2 recipe=1 blocks=313577 keys=143470 false_keys=12398
account n9b7stride96_combined/load90_uniform mode=3 recipe=0 blocks=286825 keys=270505 false_keys=8361
account n9b7stride96_combined/load90_uniform mode=3 recipe=1 blocks=286825 keys=270505 false_keys=8361
bucket n9b7stride62_split/load90_uniform keys=262144 heads=32364 blocks=41986 overflow=9622 encoded_allocation=3191040
account n9b7stride62_split/load90_uniform mode=0 recipe=0 blocks=286825 keys=270505 false_keys=8361
account n9b7stride62_split/load90_uniform mode=0 recipe=1 blocks=286825 keys=270505 false_keys=8361
account n9b7stride62_split/load90_uniform mode=0 recipe=2 blocks=286825 keys=270505 false_keys=8361
account n9b7stride62_split/load90_uniform mode=1 recipe=0 blocks=340126 keys=16632 false_keys=16632
account n9b7stride62_split/load90_uniform mode=1 recipe=1 blocks=340126 keys=16632 false_keys=16632
account n9b7stride62_split/load90_uniform mode=1 recipe=2 blocks=340126 keys=16632 false_keys=16632
account n9b7stride62_split/load90_uniform mode=2 recipe=0 blocks=313577 keys=143470 false_keys=12398
account n9b7stride62_split/load90_uniform mode=2 recipe=1 blocks=313577 keys=143470 false_keys=12398
account n9b7stride62_split/load90_uniform mode=2 recipe=2 blocks=313577 keys=143470 false_keys=12398
account n9b7stride62_split/load90_uniform mode=3 recipe=0 blocks=286825 keys=270505 false_keys=8361
account n9b7stride62_split/load90_uniform mode=3 recipe=1 blocks=286825 keys=270505 false_keys=8361
account n9b7stride62_split/load90_uniform mode=3 recipe=2 blocks=286825 keys=270505 false_keys=8361
bucket n16b8stride120_combined/load90_uniform keys=262144 heads=18205 blocks=23330 overflow=5125 encoded_allocation=2799744
account n16b8stride120_combined/load90_uniform mode=0 recipe=0 blocks=277773 keys=269594 false_keys=7450
account n16b8stride120_combined/load90_uniform mode=0 recipe=1 blocks=277773 keys=269594 false_keys=7450
account n16b8stride120_combined/load90_uniform mode=1 recipe=0 blocks=335333 keys=14802 false_keys=14802
account n16b8stride120_combined/load90_uniform mode=1 recipe=1 blocks=335333 keys=14802 false_keys=14802
account n16b8stride120_combined/load90_uniform mode=2 recipe=0 blocks=306362 keys=142162 false_keys=11090
account n16b8stride120_combined/load90_uniform mode=2 recipe=1 blocks=306362 keys=142162 false_keys=11090
account n16b8stride120_combined/load90_uniform mode=3 recipe=0 blocks=277773 keys=269594 false_keys=7450
account n16b8stride120_combined/load90_uniform mode=3 recipe=1 blocks=277773 keys=269594 false_keys=7450
bucket n16b8stride128_combined/load90_uniform keys=262144 heads=18205 blocks=23330 overflow=5125 encoded_allocation=2986368
account n16b8stride128_combined/load90_uniform mode=0 recipe=0 blocks=277773 keys=269594 false_keys=7450
account n16b8stride128_combined/load90_uniform mode=0 recipe=1 blocks=277773 keys=269594 false_keys=7450
account n16b8stride128_combined/load90_uniform mode=1 recipe=0 blocks=335333 keys=14802 false_keys=14802
account n16b8stride128_combined/load90_uniform mode=1 recipe=1 blocks=335333 keys=14802 false_keys=14802
account n16b8stride128_combined/load90_uniform mode=2 recipe=0 blocks=306362 keys=142162 false_keys=11090
account n16b8stride128_combined/load90_uniform mode=2 recipe=1 blocks=306362 keys=142162 false_keys=11090
account n16b8stride128_combined/load90_uniform mode=3 recipe=0 blocks=277773 keys=269594 false_keys=7450
account n16b8stride128_combined/load90_uniform mode=3 recipe=1 blocks=277773 keys=269594 false_keys=7450
bucket n16b12stride128_combined/load90_uniform keys=262144 heads=18205 blocks=23330 overflow=5125 encoded_allocation=2986368
account n16b12stride128_combined/load90_uniform mode=0 recipe=0 blocks=277773 keys=262627 false_keys=483
account n16b12stride128_combined/load90_uniform mode=0 recipe=1 blocks=277773 keys=262627 false_keys=483
account n16b12stride128_combined/load90_uniform mode=1 recipe=0 blocks=335333 keys=967 false_keys=967
account n16b12stride128_combined/load90_uniform mode=1 recipe=1 blocks=335333 keys=967 false_keys=967
account n16b12stride128_combined/load90_uniform mode=2 recipe=0 blocks=306362 keys=131803 false_keys=731
account n16b12stride128_combined/load90_uniform mode=2 recipe=1 blocks=306362 keys=131803 false_keys=731
account n16b12stride128_combined/load90_uniform mode=3 recipe=0 blocks=277773 keys=262627 false_keys=483
account n16b12stride128_combined/load90_uniform mode=3 recipe=1 blocks=277773 keys=262627 false_keys=483
bucket n16b8stride104_split/load90_uniform keys=262144 heads=18205 blocks=23330 overflow=5125 encoded_allocation=2799744
account n16b8stride104_split/load90_uniform mode=0 recipe=0 blocks=277773 keys=269594 false_keys=7450
account n16b8stride104_split/load90_uniform mode=0 recipe=1 blocks=277773 keys=269594 false_keys=7450
account n16b8stride104_split/load90_uniform mode=0 recipe=2 blocks=277773 keys=269594 false_keys=7450
account n16b8stride104_split/load90_uniform mode=1 recipe=0 blocks=335333 keys=14802 false_keys=14802
account n16b8stride104_split/load90_uniform mode=1 recipe=1 blocks=335333 keys=14802 false_keys=14802
account n16b8stride104_split/load90_uniform mode=1 recipe=2 blocks=335333 keys=14802 false_keys=14802
account n16b8stride104_split/load90_uniform mode=2 recipe=0 blocks=306362 keys=142162 false_keys=11090
account n16b8stride104_split/load90_uniform mode=2 recipe=1 blocks=306362 keys=142162 false_keys=11090
account n16b8stride104_split/load90_uniform mode=2 recipe=2 blocks=306362 keys=142162 false_keys=11090
account n16b8stride104_split/load90_uniform mode=3 recipe=0 blocks=277773 keys=269594 false_keys=7450
account n16b8stride104_split/load90_uniform mode=3 recipe=1 blocks=277773 keys=269594 false_keys=7450
account n16b8stride104_split/load90_uniform mode=3 recipe=2 blocks=277773 keys=269594 false_keys=7450
bucket n16b12stride104_split/load90_uniform keys=262144 heads=18205 blocks=23330 overflow=5125 encoded_allocation=2986368
account n16b12stride104_split/load90_uniform mode=0 recipe=0 blocks=277773 keys=262627 false_keys=483
account n16b12stride104_split/load90_uniform mode=0 recipe=1 blocks=277773 keys=262627 false_keys=483
account n16b12stride104_split/load90_uniform mode=0 recipe=2 blocks=277773 keys=262627 false_keys=483
account n16b12stride104_split/load90_uniform mode=1 recipe=0 blocks=335333 keys=967 false_keys=967
account n16b12stride104_split/load90_uniform mode=1 recipe=1 blocks=335333 keys=967 false_keys=967
account n16b12stride104_split/load90_uniform mode=1 recipe=2 blocks=335333 keys=967 false_keys=967
account n16b12stride104_split/load90_uniform mode=2 recipe=0 blocks=306362 keys=131803 false_keys=731
account n16b12stride104_split/load90_uniform mode=2 recipe=1 blocks=306362 keys=131803 false_keys=731
account n16b12stride104_split/load90_uniform mode=2 recipe=2 blocks=306362 keys=131803 false_keys=731
account n16b12stride104_split/load90_uniform mode=3 recipe=0 blocks=277773 keys=262627 false_keys=483
account n16b12stride104_split/load90_uniform mode=3 recipe=1 blocks=277773 keys=262627 false_keys=483
account n16b12stride104_split/load90_uniform mode=3 recipe=2 blocks=277773 keys=262627 false_keys=483
bucket n8b7stride63_combined/load90_skew keys=262144 heads=36409 blocks=66626 overflow=30217 encoded_allocation=4197632
account n8b7stride63_combined/load90_skew mode=0 recipe=0 blocks=1093588 keys=321278 false_keys=59134
account n8b7stride63_combined/load90_skew mode=0 recipe=1 blocks=1093588 keys=321278 false_keys=59134
account n8b7stride63_combined/load90_skew mode=0 recipe=2 blocks=1093588 keys=321278 false_keys=59134
account n8b7stride63_combined/load90_skew mode=1 recipe=0 blocks=2002604 keys=118484 false_keys=118484
account n8b7stride63_combined/load90_skew mode=1 recipe=1 blocks=2002604 keys=118484 false_keys=118484
account n8b7stride63_combined/load90_skew mode=1 recipe=2 blocks=2002604 keys=118484 false_keys=118484
account n8b7stride63_combined/load90_skew mode=2 recipe=0 blocks=1547431 keys=220202 false_keys=89130
account n8b7stride63_combined/load90_skew mode=2 recipe=1 blocks=1547431 keys=220202 false_keys=89130
account n8b7stride63_combined/load90_skew mode=2 recipe=2 blocks=1547431 keys=220202 false_keys=89130
account n8b7stride63_combined/load90_skew mode=3 recipe=0 blocks=1093588 keys=321278 false_keys=59134
account n8b7stride63_combined/load90_skew mode=3 recipe=1 blocks=1093588 keys=321278 false_keys=59134
account n8b7stride63_combined/load90_skew mode=3 recipe=2 blocks=1093588 keys=321278 false_keys=59134
bucket n8b8stride64_combined/load90_skew keys=262144 heads=36409 blocks=66626 overflow=30217 encoded_allocation=4264192
account n8b8stride64_combined/load90_skew mode=0 recipe=0 blocks=1093588 keys=291718 false_keys=29574
account n8b8stride64_combined/load90_skew mode=0 recipe=1 blocks=1093588 keys=291718 false_keys=29574
account n8b8stride64_combined/load90_skew mode=0 recipe=2 blocks=1093588 keys=291718 false_keys=29574
account n8b8stride64_combined/load90_skew mode=1 recipe=0 blocks=2002604 keys=59452 false_keys=59452
account n8b8stride64_combined/load90_skew mode=1 recipe=1 blocks=2002604 keys=59452 false_keys=59452
account n8b8stride64_combined/load90_skew mode=1 recipe=2 blocks=2002604 keys=59452 false_keys=59452
account n8b8stride64_combined/load90_skew mode=2 recipe=0 blocks=1547431 keys=175608 false_keys=44536
account n8b8stride64_combined/load90_skew mode=2 recipe=1 blocks=1547431 keys=175608 false_keys=44536
account n8b8stride64_combined/load90_skew mode=2 recipe=2 blocks=1547431 keys=175608 false_keys=44536
account n8b8stride64_combined/load90_skew mode=3 recipe=0 blocks=1093588 keys=291718 false_keys=29574
account n8b8stride64_combined/load90_skew mode=3 recipe=1 blocks=1093588 keys=291718 false_keys=29574
account n8b8stride64_combined/load90_skew mode=3 recipe=2 blocks=1093588 keys=291718 false_keys=29574
bucket n8b7stride64_combined/load90_skew keys=262144 heads=36409 blocks=66626 overflow=30217 encoded_allocation=4264192
account n8b7stride64_combined/load90_skew mode=0 recipe=0 blocks=1093588 keys=321278 false_keys=59134
account n8b7stride64_combined/load90_skew mode=0 recipe=1 blocks=1093588 keys=321278 false_keys=59134
account n8b7stride64_combined/load90_skew mode=0 recipe=2 blocks=1093588 keys=321278 false_keys=59134
account n8b7stride64_combined/load90_skew mode=1 recipe=0 blocks=2002604 keys=118484 false_keys=118484
account n8b7stride64_combined/load90_skew mode=1 recipe=1 blocks=2002604 keys=118484 false_keys=118484
account n8b7stride64_combined/load90_skew mode=1 recipe=2 blocks=2002604 keys=118484 false_keys=118484
account n8b7stride64_combined/load90_skew mode=2 recipe=0 blocks=1547431 keys=220202 false_keys=89130
account n8b7stride64_combined/load90_skew mode=2 recipe=1 blocks=1547431 keys=220202 false_keys=89130
account n8b7stride64_combined/load90_skew mode=2 recipe=2 blocks=1547431 keys=220202 false_keys=89130
account n8b7stride64_combined/load90_skew mode=3 recipe=0 blocks=1093588 keys=321278 false_keys=59134
account n8b7stride64_combined/load90_skew mode=3 recipe=1 blocks=1093588 keys=321278 false_keys=59134
account n8b7stride64_combined/load90_skew mode=3 recipe=2 blocks=1093588 keys=321278 false_keys=59134
bucket n9b7stride76_combined/load90_skew keys=262144 heads=32364 blocks=59247 overflow=26883 encoded_allocation=4502912
account n9b7stride76_combined/load90_skew mode=0 recipe=0 blocks=1091510 keys=327739 false_keys=65595
account n9b7stride76_combined/load90_skew mode=0 recipe=1 blocks=1091510 keys=327739 false_keys=65595
account n9b7stride76_combined/load90_skew mode=1 recipe=0 blocks=2005242 keys=132158 false_keys=132158
account n9b7stride76_combined/load90_skew mode=1 recipe=1 blocks=2005242 keys=132158 false_keys=132158
account n9b7stride76_combined/load90_skew mode=2 recipe=0 blocks=1548400 keys=229804 false_keys=98732
account n9b7stride76_combined/load90_skew mode=2 recipe=1 blocks=1548400 keys=229804 false_keys=98732
account n9b7stride76_combined/load90_skew mode=3 recipe=0 blocks=1091510 keys=327739 false_keys=65595
account n9b7stride76_combined/load90_skew mode=3 recipe=1 blocks=1091510 keys=327739 false_keys=65595
bucket n9b7stride96_combined/load90_skew keys=262144 heads=32364 blocks=59247 overflow=26883 encoded_allocation=5687936
account n9b7stride96_combined/load90_skew mode=0 recipe=0 blocks=1091510 keys=327739 false_keys=65595
account n9b7stride96_combined/load90_skew mode=0 recipe=1 blocks=1091510 keys=327739 false_keys=65595
account n9b7stride96_combined/load90_skew mode=1 recipe=0 blocks=2005242 keys=132158 false_keys=132158
account n9b7stride96_combined/load90_skew mode=1 recipe=1 blocks=2005242 keys=132158 false_keys=132158
account n9b7stride96_combined/load90_skew mode=2 recipe=0 blocks=1548400 keys=229804 false_keys=98732
account n9b7stride96_combined/load90_skew mode=2 recipe=1 blocks=1548400 keys=229804 false_keys=98732
account n9b7stride96_combined/load90_skew mode=3 recipe=0 blocks=1091510 keys=327739 false_keys=65595
account n9b7stride96_combined/load90_skew mode=3 recipe=1 blocks=1091510 keys=327739 false_keys=65595
bucket n9b7stride62_split/load90_skew keys=262144 heads=32364 blocks=59247 overflow=26883 encoded_allocation=4502912
account n9b7stride62_split/load90_skew mode=0 recipe=0 blocks=1091510 keys=327739 false_keys=65595
account n9b7stride62_split/load90_skew mode=0 recipe=1 blocks=1091510 keys=327739 false_keys=65595
account n9b7stride62_split/load90_skew mode=0 recipe=2 blocks=1091510 keys=327739 false_keys=65595
account n9b7stride62_split/load90_skew mode=1 recipe=0 blocks=2005242 keys=132158 false_keys=132158
account n9b7stride62_split/load90_skew mode=1 recipe=1 blocks=2005242 keys=132158 false_keys=132158
account n9b7stride62_split/load90_skew mode=1 recipe=2 blocks=2005242 keys=132158 false_keys=132158
account n9b7stride62_split/load90_skew mode=2 recipe=0 blocks=1548400 keys=229804 false_keys=98732
account n9b7stride62_split/load90_skew mode=2 recipe=1 blocks=1548400 keys=229804 false_keys=98732
account n9b7stride62_split/load90_skew mode=2 recipe=2 blocks=1548400 keys=229804 false_keys=98732
account n9b7stride62_split/load90_skew mode=3 recipe=0 blocks=1091510 keys=327739 false_keys=65595
account n9b7stride62_split/load90_skew mode=3 recipe=1 blocks=1091510 keys=327739 false_keys=65595
account n9b7stride62_split/load90_skew mode=3 recipe=2 blocks=1091510 keys=327739 false_keys=65595
bucket n16b8stride120_combined/load90_skew keys=262144 heads=18205 blocks=33365 overflow=15160 encoded_allocation=4003968
account n16b8stride120_combined/load90_skew mode=0 recipe=0 blocks=1085555 keys=320551 false_keys=58407
account n16b8stride120_combined/load90_skew mode=0 recipe=1 blocks=1085555 keys=320551 false_keys=58407
account n16b8stride120_combined/load90_skew mode=1 recipe=0 blocks=2010180 keys=117853 false_keys=117853
account n16b8stride120_combined/load90_skew mode=1 recipe=1 blocks=2010180 keys=117853 false_keys=117853
account n16b8stride120_combined/load90_skew mode=2 recipe=0 blocks=1548056 keys=218730 false_keys=87658
account n16b8stride120_combined/load90_skew mode=2 recipe=1 blocks=1548056 keys=218730 false_keys=87658
account n16b8stride120_combined/load90_skew mode=3 recipe=0 blocks=1085555 keys=320551 false_keys=58407
account n16b8stride120_combined/load90_skew mode=3 recipe=1 blocks=1085555 keys=320551 false_keys=58407
bucket n16b8stride128_combined/load90_skew keys=262144 heads=18205 blocks=33365 overflow=15160 encoded_allocation=4270848
account n16b8stride128_combined/load90_skew mode=0 recipe=0 blocks=1085555 keys=320551 false_keys=58407
account n16b8stride128_combined/load90_skew mode=0 recipe=1 blocks=1085555 keys=320551 false_keys=58407
account n16b8stride128_combined/load90_skew mode=1 recipe=0 blocks=2010180 keys=117853 false_keys=117853
account n16b8stride128_combined/load90_skew mode=1 recipe=1 blocks=2010180 keys=117853 false_keys=117853
account n16b8stride128_combined/load90_skew mode=2 recipe=0 blocks=1548056 keys=218730 false_keys=87658
account n16b8stride128_combined/load90_skew mode=2 recipe=1 blocks=1548056 keys=218730 false_keys=87658
account n16b8stride128_combined/load90_skew mode=3 recipe=0 blocks=1085555 keys=320551 false_keys=58407
account n16b8stride128_combined/load90_skew mode=3 recipe=1 blocks=1085555 keys=320551 false_keys=58407
bucket n16b12stride128_combined/load90_skew keys=262144 heads=18205 blocks=33365 overflow=15160 encoded_allocation=4270848
account n16b12stride128_combined/load90_skew mode=0 recipe=0 blocks=1085555 keys=265840 false_keys=3696
account n16b12stride128_combined/load90_skew mode=0 recipe=1 blocks=1085555 keys=265840 false_keys=3696
account n16b12stride128_combined/load90_skew mode=1 recipe=0 blocks=2010180 keys=7594 false_keys=7594
account n16b12stride128_combined/load90_skew mode=1 recipe=1 blocks=2010180 keys=7594 false_keys=7594
account n16b12stride128_combined/load90_skew mode=2 recipe=0 blocks=1548056 keys=136699 false_keys=5627
account n16b12stride128_combined/load90_skew mode=2 recipe=1 blocks=1548056 keys=136699 false_keys=5627
account n16b12stride128_combined/load90_skew mode=3 recipe=0 blocks=1085555 keys=265840 false_keys=3696
account n16b12stride128_combined/load90_skew mode=3 recipe=1 blocks=1085555 keys=265840 false_keys=3696
bucket n16b8stride104_split/load90_skew keys=262144 heads=18205 blocks=33365 overflow=15160 encoded_allocation=4003968
account n16b8stride104_split/load90_skew mode=0 recipe=0 blocks=1085555 keys=320551 false_keys=58407
account n16b8stride104_split/load90_skew mode=0 recipe=1 blocks=1085555 keys=320551 false_keys=58407
account n16b8stride104_split/load90_skew mode=0 recipe=2 blocks=1085555 keys=320551 false_keys=58407
account n16b8stride104_split/load90_skew mode=1 recipe=0 blocks=2010180 keys=117853 false_keys=117853
account n16b8stride104_split/load90_skew mode=1 recipe=1 blocks=2010180 keys=117853 false_keys=117853
account n16b8stride104_split/load90_skew mode=1 recipe=2 blocks=2010180 keys=117853 false_keys=117853
account n16b8stride104_split/load90_skew mode=2 recipe=0 blocks=1548056 keys=218730 false_keys=87658
account n16b8stride104_split/load90_skew mode=2 recipe=1 blocks=1548056 keys=218730 false_keys=87658
account n16b8stride104_split/load90_skew mode=2 recipe=2 blocks=1548056 keys=218730 false_keys=87658
account n16b8stride104_split/load90_skew mode=3 recipe=0 blocks=1085555 keys=320551 false_keys=58407
account n16b8stride104_split/load90_skew mode=3 recipe=1 blocks=1085555 keys=320551 false_keys=58407
account n16b8stride104_split/load90_skew mode=3 recipe=2 blocks=1085555 keys=320551 false_keys=58407
bucket n16b12stride104_split/load90_skew keys=262144 heads=18205 blocks=33365 overflow=15160 encoded_allocation=4270848
account n16b12stride104_split/load90_skew mode=0 recipe=0 blocks=1085555 keys=265840 false_keys=3696
account n16b12stride104_split/load90_skew mode=0 recipe=1 blocks=1085555 keys=265840 false_keys=3696
account n16b12stride104_split/load90_skew mode=0 recipe=2 blocks=1085555 keys=265840 false_keys=3696
account n16b12stride104_split/load90_skew mode=1 recipe=0 blocks=2010180 keys=7594 false_keys=7594
account n16b12stride104_split/load90_skew mode=1 recipe=1 blocks=2010180 keys=7594 false_keys=7594
account n16b12stride104_split/load90_skew mode=1 recipe=2 blocks=2010180 keys=7594 false_keys=7594
account n16b12stride104_split/load90_skew mode=2 recipe=0 blocks=1548056 keys=136699 false_keys=5627
account n16b12stride104_split/load90_skew mode=2 recipe=1 blocks=1548056 keys=136699 false_keys=5627
account n16b12stride104_split/load90_skew mode=2 recipe=2 blocks=1548056 keys=136699 false_keys=5627
account n16b12stride104_split/load90_skew mode=3 recipe=0 blocks=1085555 keys=265840 false_keys=3696
account n16b12stride104_split/load90_skew mode=3 recipe=1 blocks=1085555 keys=265840 false_keys=3696
account n16b12stride104_split/load90_skew mode=3 recipe=2 blocks=1085555 keys=265840 false_keys=3696
