bucket n8b7stride63_combined/load50_uniform keys=4096 heads=1024 blocks=1045 overflow=21 encoded_allocation=66048
account n8b7stride63_combined/load50_uniform mode=0 recipe=0 blocks=33018 keys=33416 false_keys=648
account n8b7stride63_combined/load50_uniform mode=0 recipe=1 blocks=33018 keys=33416 false_keys=648
account n8b7stride63_combined/load50_uniform mode=0 recipe=2 blocks=33018 keys=33416 false_keys=648
account n8b7stride63_combined/load50_uniform mode=1 recipe=0 blocks=33412 keys=733 false_keys=733
account n8b7stride63_combined/load50_uniform mode=1 recipe=1 blocks=33412 keys=733 false_keys=733
account n8b7stride63_combined/load50_uniform mode=1 recipe=2 blocks=33412 keys=733 false_keys=733
account n8b7stride63_combined/load50_uniform mode=2 recipe=0 blocks=33219 keys=17078 false_keys=694
account n8b7stride63_combined/load50_uniform mode=2 recipe=1 blocks=33219 keys=17078 false_keys=694
account n8b7stride63_combined/load50_uniform mode=2 recipe=2 blocks=33219 keys=17078 false_keys=694
account n8b7stride63_combined/load50_uniform mode=3 recipe=0 blocks=33018 keys=33416 false_keys=648
account n8b7stride63_combined/load50_uniform mode=3 recipe=1 blocks=33018 keys=33416 false_keys=648
account n8b7stride63_combined/load50_uniform mode=3 recipe=2 blocks=33018 keys=33416 false_keys=648
bucket n8b8stride64_combined/load50_uniform keys=4096 heads=1024 blocks=1045 overflow=21 encoded_allocation=67072
account n8b8stride64_combined/load50_uniform mode=0 recipe=0 blocks=33018 keys=33064 false_keys=296
account n8b8stride64_combined/load50_uniform mode=0 recipe=1 blocks=33018 keys=33064 false_keys=296
account n8b8stride64_combined/load50_uniform mode=0 recipe=2 blocks=33018 keys=33064 false_keys=296
account n8b8stride64_combined/load50_uniform mode=1 recipe=0 blocks=33412 keys=340 false_keys=340
account n8b8stride64_combined/load50_uniform mode=1 recipe=1 blocks=33412 keys=340 false_keys=340
account n8b8stride64_combined/load50_uniform mode=1 recipe=2 blocks=33412 keys=340 false_keys=340
account n8b8stride64_combined/load50_uniform mode=2 recipe=0 blocks=33219 keys=16703 false_keys=319
account n8b8stride64_combined/load50_uniform mode=2 recipe=1 blocks=33219 keys=16703 false_keys=319
account n8b8stride64_combined/load50_uniform mode=2 recipe=2 blocks=33219 keys=16703 false_keys=319
account n8b8stride64_combined/load50_uniform mode=3 recipe=0 blocks=33018 keys=33064 false_keys=296
account n8b8stride64_combined/load50_uniform mode=3 recipe=1 blocks=33018 keys=33064 false_keys=296
account n8b8stride64_combined/load50_uniform mode=3 recipe=2 blocks=33018 keys=33064 false_keys=296
bucket n8b7stride64_combined/load50_uniform keys=4096 heads=1024 blocks=1045 overflow=21 encoded_allocation=67072
account n8b7stride64_combined/load50_uniform mode=0 recipe=0 blocks=33018 keys=33416 false_keys=648
account n8b7stride64_combined/load50_uniform mode=0 recipe=1 blocks=33018 keys=33416 false_keys=648
account n8b7stride64_combined/load50_uniform mode=0 recipe=2 blocks=33018 keys=33416 false_keys=648
account n8b7stride64_combined/load50_uniform mode=1 recipe=0 blocks=33412 keys=733 false_keys=733
account n8b7stride64_combined/load50_uniform mode=1 recipe=1 blocks=33412 keys=733 false_keys=733
account n8b7stride64_combined/load50_uniform mode=1 recipe=2 blocks=33412 keys=733 false_keys=733
account n8b7stride64_combined/load50_uniform mode=2 recipe=0 blocks=33219 keys=17078 false_keys=694
account n8b7stride64_combined/load50_uniform mode=2 recipe=1 blocks=33219 keys=17078 false_keys=694
account n8b7stride64_combined/load50_uniform mode=2 recipe=2 blocks=33219 keys=17078 false_keys=694
account n8b7stride64_combined/load50_uniform mode=3 recipe=0 blocks=33018 keys=33416 false_keys=648
account n8b7stride64_combined/load50_uniform mode=3 recipe=1 blocks=33018 keys=33416 false_keys=648
account n8b7stride64_combined/load50_uniform mode=3 recipe=2 blocks=33018 keys=33416 false_keys=648
bucket n9b7stride76_combined/load50_uniform keys=4096 heads=911 blocks=920 overflow=9 encoded_allocation=70144
account n9b7stride76_combined/load50_uniform mode=0 recipe=0 blocks=32857 keys=33297 false_keys=529
account n9b7stride76_combined/load50_uniform mode=0 recipe=1 blocks=32857 keys=33297 false_keys=529
account n9b7stride76_combined/load50_uniform mode=1 recipe=0 blocks=33150 keys=1142 false_keys=1142
account n9b7stride76_combined/load50_uniform mode=1 recipe=1 blocks=33150 keys=1142 false_keys=1142
account n9b7stride76_combined/load50_uniform mode=2 recipe=0 blocks=32999 keys=17229 false_keys=845
account n9b7stride76_combined/load50_uniform mode=2 recipe=1 blocks=32999 keys=17229 false_keys=845
account n9b7stride76_combined/load50_uniform mode=3 recipe=0 blocks=32857 keys=33297 false_keys=529
account n9b7stride76_combined/load50_uniform mode=3 recipe=1 blocks=32857 keys=33297 false_keys=529
bucket n9b7stride96_combined/load50_uniform keys=4096 heads=911 blocks=920 overflow=9 encoded_allocation=88448
account n9b7stride96_combined/load50_uniform mode=0 recipe=0 blocks=32857 keys=33297 false_keys=529
account n9b7stride96_combined/load50_uniform mode=0 recipe=1 blocks=32857 keys=33297 false_keys=529
account n9b7stride96_combined/load50_uniform mode=1 recipe=0 blocks=33150 keys=1142 false_keys=1142
account n9b7stride96_combined/load50_uniform mode=1 recipe=1 blocks=33150 keys=1142 false_keys=1142
account n9b7stride96_combined/load50_uniform mode=2 recipe=0 blocks=32999 keys=17229 false_keys=845
account n9b7stride96_combined/load50_uniform mode=2 recipe=1 blocks=32999 keys=17229 false_keys=845
account n9b7stride96_combined/load50_uniform mode=3 recipe=0 blocks=32857 keys=33297 false_keys=529
account n9b7stride96_combined/load50_uniform mode=3 recipe=1 blocks=32857 keys=33297 false_keys=529
bucket n9b7stride62_split/load50_uniform keys=4096 heads=911 blocks=920 overflow=9 encoded_allocation=70016
account n9b7stride62_split/load50_uniform mode=0 recipe=0 blocks=32857 keys=33297 false_keys=529
account n9b7stride62_split/load50_uniform mode=0 recipe=1 blocks=32857 keys=33297 false_keys=529
account n9b7stride62_split/load50_uniform mode=0 recipe=2 blocks=32857 keys=33297 false_keys=529
account n9b7stride62_split/load50_uniform mode=1 recipe=0 blocks=33150 keys=1142 false_keys=1142
account n9b7stride62_split/load50_uniform mode=1 recipe=1 blocks=33150 keys=1142 false_keys=1142
account n9b7stride62_split/load50_uniform mode=1 recipe=2 blocks=33150 keys=1142 false_keys=1142
account n9b7stride62_split/load50_uniform mode=2 recipe=0 blocks=32999 keys=17229 false_keys=845
account n9b7stride62_split/load50_uniform mode=2 recipe=1 blocks=32999 keys=17229 false_keys=845
account n9b7stride62_split/load50_uniform mode=2 recipe=2 blocks=32999 keys=17229 false_keys=845
account n9b7stride62_split/load50_uniform mode=3 recipe=0 blocks=32857 keys=33297 false_keys=529
account n9b7stride62_split/load50_uniform mode=3 recipe=1 blocks=32857 keys=33297 false_keys=529
account n9b7stride62_split/load50_uniform mode=3 recipe=2 blocks=32857 keys=33297 false_keys=529
bucket n16b8stride120_combined/load50_uniform keys=4096 heads=512 blocks=514 overflow=2 encoded_allocation=61824
account n16b8stride120_combined/load50_uniform mode=0 recipe=0 blocks=32794 keys=33252 false_keys=484
account n16b8stride120_combined/load50_uniform mode=0 recipe=1 blocks=32794 keys=33252 false_keys=484
account n16b8stride120_combined/load50_uniform mode=1 recipe=0 blocks=32883 keys=855 false_keys=855
account n16b8stride120_combined/load50_uniform mode=1 recipe=1 blocks=32883 keys=855 false_keys=855
account n16b8stride120_combined/load50_uniform mode=2 recipe=0 blocks=32846 keys=17045 false_keys=661
account n16b8stride120_combined/load50_uniform mode=2 recipe=1 blocks=32846 keys=17045 false_keys=661
account n16b8stride120_combined/load50_uniform mode=3 recipe=0 blocks=32794 keys=33252 false_keys=484
account n16b8stride120_combined/load50_uniform mode=3 recipe=1 blocks=32794 keys=33252 false_keys=484
bucket n16b8stride128_combined/load50_uniform keys=4096 heads=512 blocks=514 overflow=2 encoded_allocation=65920
account n16b8stride128_combined/load50_uniform mode=0 recipe=0 blocks=32794 keys=33252 false_keys=484
account n16b8stride128_combined/load50_uniform mode=0 recipe=1 blocks=32794 keys=33252 false_keys=484
account n16b8stride128_combined/load50_uniform mode=1 recipe=0 blocks=32883 keys=855 false_keys=855
account n16b8stride128_combined/load50_uniform mode=1 recipe=1 blocks=32883 keys=855 false_keys=855
account n16b8stride128_combined/load50_uniform mode=2 recipe=0 blocks=32846 keys=17045 false_keys=661
account n16b8stride128_combined/load50_uniform mode=2 recipe=1 blocks=32846 keys=17045 false_keys=661
account n16b8stride128_combined/load50_uniform mode=3 recipe=0 blocks=32794 keys=33252 false_keys=484
account n16b8stride128_combined/load50_uniform mode=3 recipe=1 blocks=32794 keys=33252 false_keys=484
bucket n16b12stride128_combined/load50_uniform keys=4096 heads=512 blocks=514 overflow=2 encoded_allocation=65920
account n16b12stride128_combined/load50_uniform mode=0 recipe=0 blocks=32794 keys=32774 false_keys=6
account n16b12stride128_combined/load50_uniform mode=0 recipe=1 blocks=32794 keys=32774 false_keys=6
account n16b12stride128_combined/load50_uniform mode=1 recipe=0 blocks=32883 keys=60 false_keys=60
account n16b12stride128_combined/load50_uniform mode=1 recipe=1 blocks=32883 keys=60 false_keys=60
account n16b12stride128_combined/load50_uniform mode=2 recipe=0 blocks=32846 keys=16420 false_keys=36
account n16b12stride128_combined/load50_uniform mode=2 recipe=1 blocks=32846 keys=16420 false_keys=36
account n16b12stride128_combined/load50_uniform mode=3 recipe=0 blocks=32794 keys=32774 false_keys=6
account n16b12stride128_combined/load50_uniform mode=3 recipe=1 blocks=32794 keys=32774 false_keys=6
bucket n16b8stride104_split/load50_uniform keys=4096 heads=512 blocks=514 overflow=2 encoded_allocation=61824
account n16b8stride104_split/load50_uniform mode=0 recipe=0 blocks=32794 keys=33252 false_keys=484
account n16b8stride104_split/load50_uniform mode=0 recipe=1 blocks=32794 keys=33252 false_keys=484
account n16b8stride104_split/load50_uniform mode=0 recipe=2 blocks=32794 keys=33252 false_keys=484
account n16b8stride104_split/load50_uniform mode=1 recipe=0 blocks=32883 keys=855 false_keys=855
account n16b8stride104_split/load50_uniform mode=1 recipe=1 blocks=32883 keys=855 false_keys=855
account n16b8stride104_split/load50_uniform mode=1 recipe=2 blocks=32883 keys=855 false_keys=855
account n16b8stride104_split/load50_uniform mode=2 recipe=0 blocks=32846 keys=17045 false_keys=661
account n16b8stride104_split/load50_uniform mode=2 recipe=1 blocks=32846 keys=17045 false_keys=661
account n16b8stride104_split/load50_uniform mode=2 recipe=2 blocks=32846 keys=17045 false_keys=661
account n16b8stride104_split/load50_uniform mode=3 recipe=0 blocks=32794 keys=33252 false_keys=484
account n16b8stride104_split/load50_uniform mode=3 recipe=1 blocks=32794 keys=33252 false_keys=484
account n16b8stride104_split/load50_uniform mode=3 recipe=2 blocks=32794 keys=33252 false_keys=484
bucket n16b12stride104_split/load50_uniform keys=4096 heads=512 blocks=514 overflow=2 encoded_allocation=65920
account n16b12stride104_split/load50_uniform mode=0 recipe=0 blocks=32794 keys=32774 false_keys=6
account n16b12stride104_split/load50_uniform mode=0 recipe=1 blocks=32794 keys=32774 false_keys=6
account n16b12stride104_split/load50_uniform mode=0 recipe=2 blocks=32794 keys=32774 false_keys=6
account n16b12stride104_split/load50_uniform mode=1 recipe=0 blocks=32883 keys=60 false_keys=60
account n16b12stride104_split/load50_uniform mode=1 recipe=1 blocks=32883 keys=60 false_keys=60
account n16b12stride104_split/load50_uniform mode=1 recipe=2 blocks=32883 keys=60 false_keys=60
account n16b12stride104_split/load50_uniform mode=2 recipe=0 blocks=32846 keys=16420 false_keys=36
account n16b12stride104_split/load50_uniform mode=2 recipe=1 blocks=32846 keys=16420 false_keys=36
account n16b12stride104_split/load50_uniform mode=2 recipe=2 blocks=32846 keys=16420 false_keys=36
account n16b12stride104_split/load50_uniform mode=3 recipe=0 blocks=32794 keys=32774 false_keys=6
account n16b12stride104_split/load50_uniform mode=3 recipe=1 blocks=32794 keys=32774 false_keys=6
account n16b12stride104_split/load50_uniform mode=3 recipe=2 blocks=32794 keys=32774 false_keys=6
bucket n8b7stride63_combined/load90_uniform keys=4096 heads=569 blocks=749 overflow=180 encoded_allocation=47360
account n8b7stride63_combined/load90_uniform mode=0 recipe=0 blocks=36452 keys=33533 false_keys=765
account n8b7stride63_combined/load90_uniform mode=0 recipe=1 blocks=36452 keys=33533 false_keys=765
account n8b7stride63_combined/load90_uniform mode=0 recipe=2 blocks=36452 keys=33533 false_keys=765
account n8b7stride63_combined/load90_uniform mode=1 recipe=0 blocks=43267 keys=1605 false_keys=1605
account n8b7stride63_combined/load90_uniform mode=1 recipe=1 blocks=43267 keys=1605 false_keys=1605
account n8b7stride63_combined/load90_uniform mode=1 recipe=2 blocks=43267 keys=1605 false_keys=1605
account n8b7stride63_combined/load90_uniform mode=2 recipe=0 blocks=39884 keys=17568 false_keys=1184
account n8b7stride63_combined/load90_uniform mode=2 recipe=1 blocks=39884 keys=17568 false_keys=1184
account n8b7stride63_combined/load90_uniform mode=2 recipe=2 blocks=39884 keys=17568 false_keys=1184
account n8b7stride63_combined/load90_uniform mode=3 recipe=0 blocks=36452 keys=33533 false_keys=765
account n8b7stride63_combined/load90_uniform mode=3 recipe=1 blocks=36452 keys=33533 false_keys=765
account n8b7stride63_combined/load90_uniform mode=3 recipe=2 blocks=36452 keys=33533 false_keys=765
bucket n8b8stride64_combined/load90_uniform keys=4096 heads=569 blocks=749 overflow=180 encoded_allocation=48128
account n8b8stride64_combined/load90_uniform mode=0 recipe=0 blocks=36452 keys=33203 false_keys=435
account n8b8stride64_combined/load90_uniform mode=0 recipe=1 blocks=36452 keys=33203 false_keys=435
account n8b8stride64_combined/load90_uniform mode=0 recipe=2 blocks=36452 keys=33203 false_keys=435
account n8b8stride64_combined/load90_uniform mode=1 recipe=0 blocks=43267 keys=821 false_keys=821
account n8b8stride64_combined/load90_uniform mode=1 recipe=1 blocks=43267 keys=821 false_keys=821
account n8b8stride64_combined/load90_uniform mode=1 recipe=2 blocks=43267 keys=821 false_keys=821
account n8b8stride64_combined/load90_uniform mode=2 recipe=0 blocks=39884 keys=17020 false_keys=636
account n8b8stride64_combined/load90_uniform mode=2 recipe=1 blocks=39884 keys=17020 false_keys=636
account n8b8stride64_combined/load90_uniform mode=2 recipe=2 blocks=39884 keys=17020 false_keys=636
account n8b8stride64_combined/load90_uniform mode=3 recipe=0 blocks=36452 keys=33203 false_keys=435
account n8b8stride64_combined/load90_uniform mode=3 recipe=1 blocks=36452 keys=33203 false_keys=435
account n8b8stride64_combined/load90_uniform mode=3 recipe=2 blocks=36452 keys=33203 false_keys=435
bucket n8b7stride64_combined/load90_uniform keys=4096 heads=569 blocks=749 overflow=180 encoded_allocation=48128
account n8b7stride64_combined/load90_uniform mode=0 recipe=0 blocks=36452 keys=33533 false_keys=765
account n8b7stride64_combined/load90_uniform mode=0 recipe=1 blocks=36452 keys=33533 false_keys=765
account n8b7stride64_combined/load90_uniform mode=0 recipe=2 blocks=36452 keys=33533 false_keys=765
account n8b7stride64_combined/load90_uniform mode=1 recipe=0 blocks=43267 keys=1605 false_keys=1605
account n8b7stride64_combined/load90_uniform mode=1 recipe=1 blocks=43267 keys=1605 false_keys=1605
account n8b7stride64_combined/load90_uniform mode=1 recipe=2 blocks=43267 keys=1605 false_keys=1605
account n8b7stride64_combined/load90_uniform mode=2 recipe=0 blocks=39884 keys=17568 false_keys=1184
account n8b7stride64_combined/load90_uniform mode=2 recipe=1 blocks=39884 keys=17568 false_keys=1184
account n8b7stride64_combined/load90_uniform mode=2 recipe=2 blocks=39884 keys=17568 false_keys=1184
account n8b7stride64_combined/load90_uniform mode=3 recipe=0 blocks=36452 keys=33533 false_keys=765
account n8b7stride64_combined/load90_uniform mode=3 recipe=1 blocks=36452 keys=33533 false_keys=765
account n8b7stride64_combined/load90_uniform mode=3 recipe=2 blocks=36452 keys=33533 false_keys=765
bucket n9b7stride76_combined/load90_uniform keys=4096 heads=506 blocks=665 overflow=159 encoded_allocation=50688
account n9b7stride76_combined/load90_uniform mode=0 recipe=0 blocks=36452 keys=33750 false_keys=982
account n9b7stride76_combined/load90_uniform mode=0 recipe=1 blocks=36452 keys=33750 false_keys=982
account n9b7stride76_combined/load90_uniform mode=1 recipe=0 blocks=43153 keys=2138 false_keys=2138
account n9b7stride76_combined/load90_uniform mode=1 recipe=1 blocks=43153 keys=2138 false_keys=2138
account n9b7stride76_combined/load90_uniform mode=2 recipe=0 blocks=39839 keys=17950 false_keys=1566
account n9b7stride76_combined/load90_uniform mode=2 recipe=1 blocks=39839 keys=17950 false_keys=1566
account n9b7stride76_combined/load90_uniform mode=3 recipe=0 blocks=36452 keys=33750 false_keys=982
account n9b7stride76_combined/load90_uniform mode=3 recipe=1 blocks=36452 keys=33750 false_keys=982
bucket n9b7stride96_combined/load90_uniform keys=4096 heads=506 blocks=665 overflow=159 encoded_allocation=64000
account n9b7stride96_combined/load90_uniform mode=0 recipe=0 blocks=36452 keys=33750 false_keys=982
account n9b7stride96_combined/load90_uniform mode=0 recipe=1 blocks=36452 keys=33750 false_keys=982
account n9b7stride96_combined/load90_uniform mode=1 recipe=0 blocks=43153 keys=2138 false_keys=2138
account n9b7stride96_combined/load90_uniform mode=1 recipe=1 blocks=43153 keys=2138 false_keys=2138
account n9b7stride96_combined/load90_uniform mode=2 recipe=0 blocks=39839 keys=17950 false_keys=1566
account n9b7stride96_combined/load90_uniform mode=2 recipe=1 blocks=39839 keys=17950 false_keys=1566
account n9b7stride96_combined/load90_uniform mode=3 recipe=0 blocks=36452 keys=33750 false_keys=982
account n9b7stride96_combined/load90_uniform mode=3 recipe=1 blocks=36452 keys=33750 false_keys=982
bucket n9b7stride62_split/load90_uniform keys=4096 heads=506 blocks=665 overflow=159 encoded_allocation=50688
account n9b7stride62_split/load90_uniform mode=0 recipe=0 blocks=36452 keys=33750 false_keys=982
account n9b7stride62_split/load90_uniform mode=0 recipe=1 blocks=36452 keys=33750 false_keys=982
account n9b7stride62_split/load90_uniform mode=0 recipe=2 blocks=36452 keys=33750 false_keys=982
account n9b7stride62_split/load90_uniform mode=1 recipe=0 blocks=43153 keys=2138 false_keys=2138
account n9b7stride62_split/load90_uniform mode=1 recipe=1 blocks=43153 keys=2138 false_keys=2138
account n9b7stride62_split/load90_uniform mode=1 recipe=2 blocks=43153 keys=2138 false_keys=2138
account n9b7stride62_split/load90_uniform mode=2 recipe=0 blocks=39839 keys=17950 false_keys=1566
account n9b7stride62_split/load90_uniform mode=2 recipe=1 blocks=39839 keys=17950 false_keys=1566
account n9b7stride62_split/load90_uniform mode=2 recipe=2 blocks=39839 keys=17950 false_keys=1566
account n9b7stride62_split/load90_uniform mode=3 recipe=0 blocks=36452 keys=33750 false_keys=982
account n9b7stride62_split/load90_uniform mode=3 recipe=1 blocks=36452 keys=33750 false_keys=982
account n9b7stride62_split/load90_uniform mode=3 recipe=2 blocks=36452 keys=33750 false_keys=982
bucket n16b8stride120_combined/load90_uniform keys=4096 heads=285 blocks=356 overflow=71 encoded_allocation=42880
account n16b8stride120_combined/load90_uniform mode=0 recipe=0 blocks=34866 keys=33626 false_keys=858
account n16b8stride120_combined/load90_uniform mode=0 recipe=1 blocks=34866 keys=33626 false_keys=858
account n16b8stride120_combined/load90_uniform mode=1 recipe=0 blocks=40918 keys=1730 false_keys=1730
account n16b8stride120_combined/load90_uniform mode=1 recipe=1 blocks=40918 keys=1730 false_keys=1730
account n16b8stride120_combined/load90_uniform mode=2 recipe=0 blocks=37861 keys=17669 false_keys=1285
account n16b8stride120_combined/load90_uniform mode=2 recipe=1 blocks=37861 keys=17669 false_keys=1285
account n16b8stride120_combined/load90_uniform mode=3 recipe=0 blocks=34866 keys=33626 false_keys=858
account n16b8stride120_combined/load90_uniform mode=3 recipe=1 blocks=34866 keys=33626 false_keys=858
bucket n16b8stride128_combined/load90_uniform keys=4096 heads=285 blocks=356 overflow=71 encoded_allocation=45696
account n16b8stride128_combined/load90_uniform mode=0 recipe=0 blocks=34866 keys=33626 false_keys=858
account n16b8stride128_combined/load90_uniform mode=0 recipe=1 blocks=34866 keys=33626 false_keys=858
account n16b8stride128_combined/load90_uniform mode=1 recipe=0 blocks=40918 keys=1730 false_keys=1730
account n16b8stride128_combined/load90_uniform mode=1 recipe=1 blocks=40918 keys=1730 false_keys=1730
account n16b8stride128_combined/load90_uniform mode=2 recipe=0 blocks=37861 keys=17669 false_keys=1285
account n16b8stride128_combined/load90_uniform mode=2 recipe=1 blocks=37861 keys=17669 false_keys=1285
account n16b8stride128_combined/load90_uniform mode=3 recipe=0 blocks=34866 keys=33626 false_keys=858
account n16b8stride128_combined/load90_uniform mode=3 recipe=1 blocks=34866 keys=33626 false_keys=858
bucket n16b12stride128_combined/load90_uniform keys=4096 heads=285 blocks=356 overflow=71 encoded_allocation=45696
account n16b12stride128_combined/load90_uniform mode=0 recipe=0 blocks=34866 keys=32857 false_keys=89
account n16b12stride128_combined/load90_uniform mode=0 recipe=1 blocks=34866 keys=32857 false_keys=89
account n16b12stride128_combined/load90_uniform mode=1 recipe=0 blocks=40918 keys=60 false_keys=60
account n16b12stride128_combined/load90_uniform mode=1 recipe=1 blocks=40918 keys=60 false_keys=60
account n16b12stride128_combined/load90_uniform mode=2 recipe=0 blocks=37861 keys=16465 false_keys=81
account n16b12stride128_combined/load90_uniform mode=2 recipe=1 blocks=37861 keys=16465 false_keys=81
account n16b12stride128_combined/load90_uniform mode=3 recipe=0 blocks=34866 keys=32857 false_keys=89
account n16b12stride128_combined/load90_uniform mode=3 recipe=1 blocks=34866 keys=32857 false_keys=89
bucket n16b8stride104_split/load90_uniform keys=4096 heads=285 blocks=356 overflow=71 encoded_allocation=42880
account n16b8stride104_split/load90_uniform mode=0 recipe=0 blocks=34866 keys=33626 false_keys=858
account n16b8stride104_split/load90_uniform mode=0 recipe=1 blocks=34866 keys=33626 false_keys=858
account n16b8stride104_split/load90_uniform mode=0 recipe=2 blocks=34866 keys=33626 false_keys=858
account n16b8stride104_split/load90_uniform mode=1 recipe=0 blocks=40918 keys=1730 false_keys=1730
account n16b8stride104_split/load90_uniform mode=1 recipe=1 blocks=40918 keys=1730 false_keys=1730
account n16b8stride104_split/load90_uniform mode=1 recipe=2 blocks=40918 keys=1730 false_keys=1730
account n16b8stride104_split/load90_uniform mode=2 recipe=0 blocks=37861 keys=17669 false_keys=1285
account n16b8stride104_split/load90_uniform mode=2 recipe=1 blocks=37861 keys=17669 false_keys=1285
account n16b8stride104_split/load90_uniform mode=2 recipe=2 blocks=37861 keys=17669 false_keys=1285
account n16b8stride104_split/load90_uniform mode=3 recipe=0 blocks=34866 keys=33626 false_keys=858
account n16b8stride104_split/load90_uniform mode=3 recipe=1 blocks=34866 keys=33626 false_keys=858
account n16b8stride104_split/load90_uniform mode=3 recipe=2 blocks=34866 keys=33626 false_keys=858
bucket n16b12stride104_split/load90_uniform keys=4096 heads=285 blocks=356 overflow=71 encoded_allocation=45696
account n16b12stride104_split/load90_uniform mode=0 recipe=0 blocks=34866 keys=32857 false_keys=89
account n16b12stride104_split/load90_uniform mode=0 recipe=1 blocks=34866 keys=32857 false_keys=89
account n16b12stride104_split/load90_uniform mode=0 recipe=2 blocks=34866 keys=32857 false_keys=89
account n16b12stride104_split/load90_uniform mode=1 recipe=0 blocks=40918 keys=60 false_keys=60
account n16b12stride104_split/load90_uniform mode=1 recipe=1 blocks=40918 keys=60 false_keys=60
account n16b12stride104_split/load90_uniform mode=1 recipe=2 blocks=40918 keys=60 false_keys=60
account n16b12stride104_split/load90_uniform mode=2 recipe=0 blocks=37861 keys=16465 false_keys=81
account n16b12stride104_split/load90_uniform mode=2 recipe=1 blocks=37861 keys=16465 false_keys=81
account n16b12stride104_split/load90_uniform mode=2 recipe=2 blocks=37861 keys=16465 false_keys=81
account n16b12stride104_split/load90_uniform mode=3 recipe=0 blocks=34866 keys=32857 false_keys=89
account n16b12stride104_split/load90_uniform mode=3 recipe=1 blocks=34866 keys=32857 false_keys=89
account n16b12stride104_split/load90_uniform mode=3 recipe=2 blocks=34866 keys=32857 false_keys=89
bucket n8b7stride63_combined/load90_skew keys=4096 heads=569 blocks=1042 overflow=473 encoded_allocation=65792
account n8b7stride63_combined/load90_skew mode=0 recipe=0 blocks=137270 keys=40027 false_keys=7259
account n8b7stride63_combined/load90_skew mode=0 recipe=1 blocks=137270 keys=40027 false_keys=7259
account n8b7stride63_combined/load90_skew mode=0 recipe=2 blocks=137270 keys=40027 false_keys=7259
account n8b7stride63_combined/load90_skew mode=1 recipe=0 blocks=251508 keys=14154 false_keys=14154
account n8b7stride63_combined/load90_skew mode=1 recipe=1 blocks=251508 keys=14154 false_keys=14154
account n8b7stride63_combined/load90_skew mode=1 recipe=2 blocks=251508 keys=14154 false_keys=14154
account n8b7stride63_combined/load90_skew mode=2 recipe=0 blocks=194505 keys=27055 false_keys=10671
account n8b7stride63_combined/load90_skew mode=2 recipe=1 blocks=194505 keys=27055 false_keys=10671
account n8b7stride63_combined/load90_skew mode=2 recipe=2 blocks=194505 keys=27055 false_keys=10671
account n8b7stride63_combined/load90_skew mode=3 recipe=0 blocks=137270 keys=40027 false_keys=7259
account n8b7stride63_combined/load90_skew mode=3 recipe=1 blocks=137270 keys=40027 false_keys=7259
account n8b7stride63_combined/load90_skew mode=3 recipe=2 blocks=137270 keys=40027 false_keys=7259
bucket n8b8stride64_combined/load90_skew keys=4096 heads=569 blocks=1042 overflow=473 encoded_allocation=66816
account n8b8stride64_combined/load90_skew mode=0 recipe=0 blocks=137270 keys=36337 false_keys=3569
account n8b8stride64_combined/load90_skew mode=0 recipe=1 blocks=137270 keys=36337 false_keys=3569
account n8b8stride64_combined/load90_skew mode=0 recipe=2 blocks=137270 keys=36337 false_keys=3569
account n8b8stride64_combined/load90_skew mode=1 recipe=0 blocks=251508 keys=6971 false_keys=6971
account n8b8stride64_combined/load90_skew mode=1 recipe=1 blocks=251508 keys=6971 false_keys=6971
account n8b8stride64_combined/load90_skew mode=1 recipe=2 blocks=251508 keys=6971 false_keys=6971
account n8b8stride64_combined/load90_skew mode=2 recipe=0 blocks=194505 keys=21692 false_keys=5308
account n8b8stride64_combined/load90_skew mode=2 recipe=1 blocks=194505 keys=21692 false_keys=5308
account n8b8stride64_combined/load90_skew mode=2 recipe=2 blocks=194505 keys=21692 false_keys=5308
account n8b8stride64_combined/load90_skew mode=3 recipe=0 blocks=137270 keys=36337 false_keys=3569
account n8b8stride64_combined/load90_skew mode=3 recipe=1 blocks=137270 keys=36337 false_keys=3569
account n8b8stride64_combined/load90_skew mode=3 recipe=2 blocks=137270 keys=36337 false_keys=3569
bucket n8b7stride64_combined/load90_skew keys=4096 heads=569 blocks=1042 overflow=473 encoded_allocation=66816
account n8b7stride64_combined/load90_skew mode=0 recipe=0 blocks=137270 keys=40027 false_keys=7259
account n8b7stride64_combined/load90_skew mode=0 recipe=1 blocks=137270 keys=40027 false_keys=7259
account n8b7stride64_combined/load90_skew mode=0 recipe=2 blocks=137270 keys=40027 false_keys=7259
account n8b7stride64_combined/load90_skew mode=1 recipe=0 blocks=251508 keys=14154 false_keys=14154
account n8b7stride64_combined/load90_skew mode=1 recipe=1 blocks=251508 keys=14154 false_keys=14154
account n8b7stride64_combined/load90_skew mode=1 recipe=2 blocks=251508 keys=14154 false_keys=14154
account n8b7stride64_combined/load90_skew mode=2 recipe=0 blocks=194505 keys=27055 false_keys=10671
account n8b7stride64_combined/load90_skew mode=2 recipe=1 blocks=194505 keys=27055 false_keys=10671
account n8b7stride64_combined/load90_skew mode=2 recipe=2 blocks=194505 keys=27055 false_keys=10671
account n8b7stride64_combined/load90_skew mode=3 recipe=0 blocks=137270 keys=40027 false_keys=7259
account n8b7stride64_combined/load90_skew mode=3 recipe=1 blocks=137270 keys=40027 false_keys=7259
account n8b7stride64_combined/load90_skew mode=3 recipe=2 blocks=137270 keys=40027 false_keys=7259
bucket n9b7stride76_combined/load90_skew keys=4096 heads=506 blocks=927 overflow=421 encoded_allocation=70656
account n9b7stride76_combined/load90_skew mode=0 recipe=0 blocks=137365 keys=41387 false_keys=8619
account n9b7stride76_combined/load90_skew mode=0 recipe=1 blocks=137365 keys=41387 false_keys=8619
account n9b7stride76_combined/load90_skew mode=1 recipe=0 blocks=251700 keys=16961 false_keys=16961
account n9b7stride76_combined/load90_skew mode=1 recipe=1 blocks=251700 keys=16961 false_keys=16961
account n9b7stride76_combined/load90_skew mode=2 recipe=0 blocks=194884 keys=29169 false_keys=12785
account n9b7stride76_combined/load90_skew mode=2 recipe=1 blocks=194884 keys=29169 false_keys=12785
account n9b7stride76_combined/load90_skew mode=3 recipe=0 blocks=137365 keys=41387 false_keys=8619
account n9b7stride76_combined/load90_skew mode=3 recipe=1 blocks=137365 keys=41387 false_keys=8619
bucket n9b7stride96_combined/load90_skew keys=4096 heads=506 blocks=927 overflow=421 encoded_allocation=89216
account n9b7stride96_combined/load90_skew mode=0 recipe=0 blocks=137365 keys=41387 false_keys=8619
account n9b7stride96_combined/load90_skew mode=0 recipe=1 blocks=137365 keys=41387 false_keys=8619
account n9b7stride96_combined/load90_skew mode=1 recipe=0 blocks=251700 keys=16961 false_keys=16961
account n9b7stride96_combined/load90_skew mode=1 recipe=1 blocks=251700 keys=16961 false_keys=16961
account n9b7stride96_combined/load90_skew mode=2 recipe=0 blocks=194884 keys=29169 false_keys=12785
account n9b7stride96_combined/load90_skew mode=2 recipe=1 blocks=194884 keys=29169 false_keys=12785
account n9b7stride96_combined/load90_skew mode=3 recipe=0 blocks=137365 keys=41387 false_keys=8619
account n9b7stride96_combined/load90_skew mode=3 recipe=1 blocks=137365 keys=41387 false_keys=8619
bucket n9b7stride62_split/load90_skew keys=4096 heads=506 blocks=927 overflow=421 encoded_allocation=70656
account n9b7stride62_split/load90_skew mode=0 recipe=0 blocks=137365 keys=41387 false_keys=8619
account n9b7stride62_split/load90_skew mode=0 recipe=1 blocks=137365 keys=41387 false_keys=8619
account n9b7stride62_split/load90_skew mode=0 recipe=2 blocks=137365 keys=41387 false_keys=8619
account n9b7stride62_split/load90_skew mode=1 recipe=0 blocks=251700 keys=16961 false_keys=16961
account n9b7stride62_split/load90_skew mode=1 recipe=1 blocks=251700 keys=16961 false_keys=16961
account n9b7stride62_split/load90_skew mode=1 recipe=2 blocks=251700 keys=16961 false_keys=16961
account n9b7stride62_split/load90_skew mode=2 recipe=0 blocks=194884 keys=29169 false_keys=12785
account n9b7stride62_split/load90_skew mode=2 recipe=1 blocks=194884 keys=29169 false_keys=12785
account n9b7stride62_split/load90_skew mode=2 recipe=2 blocks=194884 keys=29169 false_keys=12785
account n9b7stride62_split/load90_skew mode=3 recipe=0 blocks=137365 keys=41387 false_keys=8619
account n9b7stride62_split/load90_skew mode=3 recipe=1 blocks=137365 keys=41387 false_keys=8619
account n9b7stride62_split/load90_skew mode=3 recipe=2 blocks=137365 keys=41387 false_keys=8619
bucket n16b8stride120_combined/load90_skew keys=4096 heads=285 blocks=522 overflow=237 encoded_allocation=62848
account n16b8stride120_combined/load90_skew mode=0 recipe=0 blocks=138478 keys=40332 false_keys=7564
account n16b8stride120_combined/load90_skew mode=0 recipe=1 blocks=138478 keys=40332 false_keys=7564
account n16b8stride120_combined/load90_skew mode=1 recipe=0 blocks=254443 keys=15193 false_keys=15193
account n16b8stride120_combined/load90_skew mode=1 recipe=1 blocks=254443 keys=15193 false_keys=15193
account n16b8stride120_combined/load90_skew mode=2 recipe=0 blocks=196698 keys=27821 false_keys=11437
account n16b8stride120_combined/load90_skew mode=2 recipe=1 blocks=196698 keys=27821 false_keys=11437
account n16b8stride120_combined/load90_skew mode=3 recipe=0 blocks=138478 keys=40332 false_keys=7564
account n16b8stride120_combined/load90_skew mode=3 recipe=1 blocks=138478 keys=40332 false_keys=7564
bucket n16b8stride128_combined/load90_skew keys=4096 heads=285 blocks=522 overflow=237 encoded_allocation=66944
account n16b8stride128_combined/load90_skew mode=0 recipe=0 blocks=138478 keys=40332 false_keys=7564
account n16b8stride128_combined/load90_skew mode=0 recipe=1 blocks=138478 keys=40332 false_keys=7564
account n16b8stride128_combined/load90_skew mode=1 recipe=0 blocks=254443 keys=15193 false_keys=15193
account n16b8stride128_combined/load90_skew mode=1 recipe=1 blocks=254443 keys=15193 false_keys=15193
account n16b8stride128_combined/load90_skew mode=2 recipe=0 blocks=196698 keys=27821 false_keys=11437
account n16b8stride128_combined/load90_skew mode=2 recipe=1 blocks=196698 keys=27821 false_keys=11437
account n16b8stride128_combined/load90_skew mode=3 recipe=0 blocks=138478 keys=40332 false_keys=7564
account n16b8stride128_combined/load90_skew mode=3 recipe=1 blocks=138478 keys=40332 false_keys=7564
bucket n16b12stride128_combined/load90_skew keys=4096 heads=285 blocks=522 overflow=237 encoded_allocation=66944
account n16b12stride128_combined/load90_skew mode=0 recipe=0 blocks=138478 keys=33359 false_keys=591
account n16b12stride128_combined/load90_skew mode=0 recipe=1 blocks=138478 keys=33359 false_keys=591
account n16b12stride128_combined/load90_skew mode=1 recipe=0 blocks=254443 keys=970 false_keys=970
account n16b12stride128_combined/load90_skew mode=1 recipe=1 blocks=254443 keys=970 false_keys=970
account n16b12stride128_combined/load90_skew mode=2 recipe=0 blocks=196698 keys=17153 false_keys=769
account n16b12stride128_combined/load90_skew mode=2 recipe=1 blocks=196698 keys=17153 false_keys=769
account n16b12stride128_combined/load90_skew mode=3 recipe=0 blocks=138478 keys=33359 false_keys=591
account n16b12stride128_combined/load90_skew mode=3 recipe=1 blocks=138478 keys=33359 false_keys=591
bucket n16b8stride104_split/load90_skew keys=4096 heads=285 blocks=522 overflow=237 encoded_allocation=62848
account n16b8stride104_split/load90_skew mode=0 recipe=0 blocks=138478 keys=40332 false_keys=7564
account n16b8stride104_split/load90_skew mode=0 recipe=1 blocks=138478 keys=40332 false_keys=7564
account n16b8stride104_split/load90_skew mode=0 recipe=2 blocks=138478 keys=40332 false_keys=7564
account n16b8stride104_split/load90_skew mode=1 recipe=0 blocks=254443 keys=15193 false_keys=15193
account n16b8stride104_split/load90_skew mode=1 recipe=1 blocks=254443 keys=15193 false_keys=15193
account n16b8stride104_split/load90_skew mode=1 recipe=2 blocks=254443 keys=15193 false_keys=15193
account n16b8stride104_split/load90_skew mode=2 recipe=0 blocks=196698 keys=27821 false_keys=11437
account n16b8stride104_split/load90_skew mode=2 recipe=1 blocks=196698 keys=27821 false_keys=11437
account n16b8stride104_split/load90_skew mode=2 recipe=2 blocks=196698 keys=27821 false_keys=11437
account n16b8stride104_split/load90_skew mode=3 recipe=0 blocks=138478 keys=40332 false_keys=7564
account n16b8stride104_split/load90_skew mode=3 recipe=1 blocks=138478 keys=40332 false_keys=7564
account n16b8stride104_split/load90_skew mode=3 recipe=2 blocks=138478 keys=40332 false_keys=7564
bucket n16b12stride104_split/load90_skew keys=4096 heads=285 blocks=522 overflow=237 encoded_allocation=66944
account n16b12stride104_split/load90_skew mode=0 recipe=0 blocks=138478 keys=33359 false_keys=591
account n16b12stride104_split/load90_skew mode=0 recipe=1 blocks=138478 keys=33359 false_keys=591
account n16b12stride104_split/load90_skew mode=0 recipe=2 blocks=138478 keys=33359 false_keys=591
account n16b12stride104_split/load90_skew mode=1 recipe=0 blocks=254443 keys=970 false_keys=970
account n16b12stride104_split/load90_skew mode=1 recipe=1 blocks=254443 keys=970 false_keys=970
account n16b12stride104_split/load90_skew mode=1 recipe=2 blocks=254443 keys=970 false_keys=970
account n16b12stride104_split/load90_skew mode=2 recipe=0 blocks=196698 keys=17153 false_keys=769
account n16b12stride104_split/load90_skew mode=2 recipe=1 blocks=196698 keys=17153 false_keys=769
account n16b12stride104_split/load90_skew mode=2 recipe=2 blocks=196698 keys=17153 false_keys=769
account n16b12stride104_split/load90_skew mode=3 recipe=0 blocks=138478 keys=33359 false_keys=591
account n16b12stride104_split/load90_skew mode=3 recipe=1 blocks=138478 keys=33359 false_keys=591
account n16b12stride104_split/load90_skew mode=3 recipe=2 blocks=138478 keys=33359 false_keys=591
