timer_ns_per_tick=0.344846
mapping=mlp-16384 bytes=16384
KernelPageSize:        4 kB
MMUPageSize:           4 kB
AnonHugePages:         0 kB
VmFlags: rd wr mr mw me ac sd nh 
numa_mapping=75dee0f52000 default anon=4 dirty=4 N0=4 kernelpagesize_kB=4
mapping=mlp-524288 bytes=524288
KernelPageSize:        4 kB
MMUPageSize:           4 kB
AnonHugePages:         0 kB
VmFlags: rd wr mr mw me ac sd nh 
numa_mapping=75dee0e9c000 default anon=128 dirty=128 active=0 N0=128 kernelpagesize_kB=4
mapping=mlp-8388608 bytes=8388608
KernelPageSize:        4 kB
MMUPageSize:           4 kB
AnonHugePages:         0 kB
VmFlags: rd wr mr mw me ac sd nh 
numa_mapping=75dee0000000 default anon=2048 dirty=2048 active=0 N0=2048 kernelpagesize_kB=4
mapping=mlp-268435456 bytes=268435456
KernelPageSize:        4 kB
MMUPageSize:           4 kB
AnonHugePages:         0 kB
VmFlags: rd wr mr mw me ac sd nh 
numa_mapping=75ded0800000 default anon=65536 dirty=65536 active=0 N0=65536 kernelpagesize_kB=4
mapping=tlb-16-packed bytes=4096
KernelPageSize:        4 kB
MMUPageSize:           4 kB
AnonHugePages:         0 kB
VmFlags: rd wr mr mw me ac sd nh 
numa_mapping=75dee0f55000 default anon=1 dirty=1 N0=1 kernelpagesize_kB=4
mapping=tlb-16-sparse bytes=65536
KernelPageSize:        4 kB
MMUPageSize:           4 kB
AnonHugePages:         0 kB
VmFlags: rd wr mr mw me ac sd nh 
numa_mapping=75dee0f0c000 default anon=16 dirty=16 active=12 N0=16 kernelpagesize_kB=4
mapping=tlb-32-packed bytes=4096
KernelPageSize:        4 kB
MMUPageSize:           4 kB
AnonHugePages:         0 kB
VmFlags: rd wr mr mw me ac sd nh 
numa_mapping=75dee0f55000 default anon=1 dirty=1 N0=1 kernelpagesize_kB=4
mapping=tlb-32-sparse bytes=131072
KernelPageSize:        4 kB
MMUPageSize:           4 kB
AnonHugePages:         0 kB
VmFlags: rd wr mr mw me ac sd nh 
numa_mapping=75dee0efc000 default anon=32 dirty=32 active=14 N0=32 kernelpagesize_kB=4
mapping=tlb-64-packed bytes=4096
KernelPageSize:        4 kB
MMUPageSize:           4 kB
AnonHugePages:         0 kB
VmFlags: rd wr mr mw me ac sd nh 
numa_mapping=75dee0f55000 default anon=1 dirty=1 N0=1 kernelpagesize_kB=4
mapping=tlb-64-sparse bytes=262144
KernelPageSize:        4 kB
MMUPageSize:           4 kB
AnonHugePages:         0 kB
VmFlags: rd wr mr mw me ac sd nh 
numa_mapping=75dee0edc000 default anon=64 dirty=64 active=17 N0=64 kernelpagesize_kB=4
mapping=tlb-128-packed bytes=8192
KernelPageSize:        4 kB
MMUPageSize:           4 kB
AnonHugePages:         0 kB
VmFlags: rd wr mr mw me ac sd nh 
numa_mapping=75dee0f54000 default anon=2 dirty=2 N0=2 kernelpagesize_kB=4
mapping=tlb-128-sparse bytes=524288
KernelPageSize:        4 kB
MMUPageSize:           4 kB
AnonHugePages:         0 kB
VmFlags: rd wr mr mw me ac sd nh 
numa_mapping=75dee0e9c000 default anon=128 dirty=128 active=23 N0=128 kernelpagesize_kB=4
mapping=tlb-256-packed bytes=16384
KernelPageSize:        4 kB
MMUPageSize:           4 kB
AnonHugePages:         0 kB
VmFlags: rd wr mr mw me ac sd nh 
numa_mapping=75dee0f52000 default anon=4 dirty=4 N0=4 kernelpagesize_kB=4
mapping=tlb-256-sparse bytes=1048576
KernelPageSize:        4 kB
MMUPageSize:           4 kB
AnonHugePages:         0 kB
VmFlags: rd wr mr mw me ac sd nh 
numa_mapping=75dee0a17000 default anon=256 dirty=256 active=4 N0=256 kernelpagesize_kB=4
mapping=tlb-512-packed bytes=32768
KernelPageSize:        4 kB
MMUPageSize:           4 kB
AnonHugePages:         0 kB
VmFlags: rd wr mr mw me ac sd nh 
numa_mapping=75dee0f14000 default anon=8 dirty=8 N0=8 kernelpagesize_kB=4
mapping=tlb-512-sparse bytes=2097152
KernelPageSize:        4 kB
MMUPageSize:           4 kB
AnonHugePages:         0 kB
VmFlags: rd wr mr mw me ac sd nh 
numa_mapping=75dee0600000 default anon=512 dirty=512 active=29 N0=512 kernelpagesize_kB=4
mapping=tlb-1024-packed bytes=65536
KernelPageSize:        4 kB
MMUPageSize:           4 kB
AnonHugePages:         0 kB
VmFlags: rd wr mr mw me ac sd nh 
numa_mapping=75dee0f0c000 default anon=16 dirty=16 active=14 N0=16 kernelpagesize_kB=4
mapping=tlb-1024-sparse bytes=4194304
KernelPageSize:        4 kB
MMUPageSize:           4 kB
AnonHugePages:         0 kB
VmFlags: rd wr mr mw me ac sd nh 
numa_mapping=75dee0400000 default anon=1024 dirty=1024 active=15 N0=1024 kernelpagesize_kB=4
mapping=tlb-2048-packed bytes=131072
KernelPageSize:        4 kB
MMUPageSize:           4 kB
AnonHugePages:         0 kB
VmFlags: rd wr mr mw me ac sd nh 
numa_mapping=75dee0efc000 default anon=32 dirty=32 active=17 N0=32 kernelpagesize_kB=4
mapping=tlb-2048-sparse bytes=8388608
KernelPageSize:        4 kB
MMUPageSize:           4 kB
AnonHugePages:         0 kB
VmFlags: rd wr mr mw me ac sd nh 
numa_mapping=75dee0000000 default anon=2048 dirty=2048 active=19 N0=2048 kernelpagesize_kB=4
mapping=tlb-4096-packed bytes=262144
KernelPageSize:        4 kB
MMUPageSize:           4 kB
AnonHugePages:         0 kB
VmFlags: rd wr mr mw me ac sd nh 
numa_mapping=75dee0edc000 default anon=64 dirty=64 active=21 N0=64 kernelpagesize_kB=4
mapping=tlb-4096-sparse bytes=16777216
KernelPageSize:        4 kB
MMUPageSize:           4 kB
AnonHugePages:         0 kB
VmFlags: rd wr mr mw me ac sd nh 
numa_mapping=75dedf800000 default anon=4096 dirty=4096 active=25 N0=4096 kernelpagesize_kB=4
mapping=tlb-8192-packed bytes=524288
KernelPageSize:        4 kB
MMUPageSize:           4 kB
AnonHugePages:         0 kB
VmFlags: rd wr mr mw me ac sd nh 
numa_mapping=75dee0e9c000 default anon=128 dirty=128 active=29 N0=128 kernelpagesize_kB=4
mapping=tlb-8192-sparse bytes=33554432
KernelPageSize:        4 kB
MMUPageSize:           4 kB
AnonHugePages:         0 kB
VmFlags: rd wr mr mw me ac sd nh 
numa_mapping=75dede800000 default anon=8192 dirty=8192 active=6 N0=8192 kernelpagesize_kB=4
checksum=261342912
