timer_ns_per_tick=0.384621
mapping=mlp-16384 bytes=16384
KernelPageSize:        4 kB
MMUPageSize:           4 kB
AnonHugePages:         0 kB
VmFlags: rd wr mr mw me ac sd hg 
numa_mapping=7f308b622000 default anon=4 dirty=4 active=0 N0=4 kernelpagesize_kB=4
mapping=mlp-524288 bytes=524288
KernelPageSize:        4 kB
MMUPageSize:           4 kB
AnonHugePages:         0 kB
VmFlags: rd wr mr mw me ac sd hg 
numa_mapping=7f308b483000 default anon=128 dirty=128 active=8 N0=128 kernelpagesize_kB=4
mapping=mlp-8388608 bytes=8388608
KernelPageSize:        4 kB
MMUPageSize:           4 kB
AnonHugePages:      8192 kB
VmFlags: rd wr mr mw me ac sd hg 
numa_mapping=7f308a600000 default anon=2048 dirty=2048 active=0 N0=2048 kernelpagesize_kB=4
mapping=mlp-268435456 bytes=268435456
KernelPageSize:        4 kB
MMUPageSize:           4 kB
AnonHugePages:    262144 kB
VmFlags: rd wr mr mw me ac sd hg 
numa_mapping=7f307ae00000 default anon=65536 dirty=65536 active=0 N0=65536 kernelpagesize_kB=4
checksum=4241396864
