timer_ns_per_tick=0.952381
mapping=tlb-16-packed bytes=4096
KernelPageSize:        4 kB
MMUPageSize:           4 kB
AnonHugePages:         0 kB
VmFlags: rd wr mr mw me ac hg 
numa_mapping=f0dfa6ea8000 default anon=1 dirty=1 N0=1 kernelpagesize_kB=4
mapping=tlb-16-sparse bytes=65536
KernelPageSize:        4 kB
MMUPageSize:           4 kB
AnonHugePages:         0 kB
VmFlags: rd wr mr mw me ac hg 
numa_mapping=f0dfa6920000 default anon=16 dirty=16 N0=16 kernelpagesize_kB=4
mapping=tlb-32-packed bytes=4096
KernelPageSize:        4 kB
MMUPageSize:           4 kB
AnonHugePages:         0 kB
VmFlags: rd wr mr mw me ac hg 
numa_mapping=f0dfa6ea8000 default anon=1 dirty=1 N0=1 kernelpagesize_kB=4
mapping=tlb-32-sparse bytes=131072
KernelPageSize:        4 kB
MMUPageSize:           4 kB
AnonHugePages:         0 kB
VmFlags: rd wr mr mw me ac hg 
numa_mapping=f0dfa6910000 default anon=32 dirty=32 active=28 N0=32 kernelpagesize_kB=4
mapping=tlb-64-packed bytes=4096
KernelPageSize:        4 kB
MMUPageSize:           4 kB
AnonHugePages:         0 kB
VmFlags: rd wr mr mw me ac hg 
numa_mapping=f0dfa6ea8000 default anon=1 dirty=1 N0=1 kernelpagesize_kB=4
mapping=tlb-64-sparse bytes=262144
KernelPageSize:        4 kB
MMUPageSize:           4 kB
AnonHugePages:         0 kB
VmFlags: rd wr mr mw me ac hg 
numa_mapping=f0dfa68f0000 default anon=64 dirty=64 active=0 N0=64 kernelpagesize_kB=4
mapping=tlb-128-packed bytes=8192
KernelPageSize:        4 kB
MMUPageSize:           4 kB
AnonHugePages:         0 kB
VmFlags: rd wr mr mw me ac hg 
numa_mapping=f0dfa6ea7000 default anon=2 dirty=2 N0=2 kernelpagesize_kB=4
mapping=tlb-128-sparse bytes=524288
KernelPageSize:        4 kB
MMUPageSize:           4 kB
AnonHugePages:         0 kB
VmFlags: rd wr mr mw me ac hg 
numa_mapping=f0dfa68b0000 default anon=128 dirty=128 active=6 N0=128 kernelpagesize_kB=4
mapping=tlb-256-packed bytes=16384
KernelPageSize:        4 kB
MMUPageSize:           4 kB
AnonHugePages:         0 kB
VmFlags: rd wr mr mw me ac hg 
numa_mapping=f0dfa6ea5000 default anon=4 dirty=4 N0=4 kernelpagesize_kB=4
mapping=tlb-256-sparse bytes=1048576
KernelPageSize:        4 kB
MMUPageSize:           4 kB
AnonHugePages:         0 kB
VmFlags: rd wr mr mw me ac hg 
numa_mapping=f0dfa6830000 default anon=256 dirty=256 active=18 N0=256 kernelpagesize_kB=4
mapping=tlb-512-packed bytes=32768
KernelPageSize:        4 kB
MMUPageSize:           4 kB
AnonHugePages:         0 kB
VmFlags: rd wr mr mw me ac hg 
numa_mapping=f0dfa6e6b000 default anon=8 dirty=8 N0=8 kernelpagesize_kB=4
mapping=tlb-512-sparse bytes=2097152
KernelPageSize:        4 kB
MMUPageSize:           4 kB
AnonHugePages:      2048 kB
VmFlags: rd wr mr mw me ac hg 
numa_mapping=f0dfa6600000 default anon=512 dirty=512 active=0 N0=512 kernelpagesize_kB=4
mapping=tlb-1024-packed bytes=65536
KernelPageSize:        4 kB
MMUPageSize:           4 kB
AnonHugePages:         0 kB
VmFlags: rd wr mr mw me ac hg 
numa_mapping=f0dfa6920000 default anon=16 dirty=16 N0=16 kernelpagesize_kB=4
mapping=tlb-1024-sparse bytes=4194304
KernelPageSize:        4 kB
MMUPageSize:           4 kB
AnonHugePages:      4096 kB
VmFlags: rd wr mr mw me ac hg 
numa_mapping=f0dfa6400000 default anon=1024 dirty=1024 active=0 N0=1024 kernelpagesize_kB=4
mapping=tlb-2048-packed bytes=131072
KernelPageSize:        4 kB
MMUPageSize:           4 kB
AnonHugePages:         0 kB
VmFlags: rd wr mr mw me ac hg 
numa_mapping=f0dfa6910000 default anon=32 dirty=32 active=1 N0=32 kernelpagesize_kB=4
mapping=tlb-2048-sparse bytes=8388608
KernelPageSize:        4 kB
MMUPageSize:           4 kB
AnonHugePages:      8192 kB
VmFlags: rd wr mr mw me ac hg 
numa_mapping=f0dfa6000000 default anon=2048 dirty=2048 active=0 N0=2048 kernelpagesize_kB=4
mapping=tlb-4096-packed bytes=262144
KernelPageSize:        4 kB
MMUPageSize:           4 kB
AnonHugePages:         0 kB
VmFlags: rd wr mr mw me ac hg 
numa_mapping=f0dfa68f0000 default anon=64 dirty=64 active=2 N0=64 kernelpagesize_kB=4
mapping=tlb-4096-sparse bytes=16777216
KernelPageSize:        4 kB
MMUPageSize:           4 kB
AnonHugePages:     16384 kB
VmFlags: rd wr mr mw me ac hg 
numa_mapping=f0dfa5800000 default anon=4096 dirty=4096 active=0 N0=4096 kernelpagesize_kB=4
mapping=tlb-8192-packed bytes=524288
KernelPageSize:        4 kB
MMUPageSize:           4 kB
AnonHugePages:         0 kB
VmFlags: rd wr mr mw me ac hg 
numa_mapping=f0dfa68b0000 default anon=128 dirty=128 active=5 N0=128 kernelpagesize_kB=4
mapping=tlb-8192-sparse bytes=33554432
KernelPageSize:        4 kB
MMUPageSize:           4 kB
AnonHugePages:     32768 kB
VmFlags: rd wr mr mw me ac hg 
numa_mapping=f0dfa4800000 default anon=8192 dirty=8192 active=0 N0=8192 kernelpagesize_kB=4
checksum=14787584
